backend/data/features.csv
date,product_id,product_name,category,brand,cost,base_price,price,demand,revenue,profit,margin,competitor_price,stock,is_weekend,day_of_week,month,holiday_name,holiday_boost,elasticity,price_lag_7d,price_to_base,price_to_competitor,demand_lag_1d,demand_lag_7d,demand_lag_30d,stock_level,log_price_ratio,log_demand
2026-04-14,E001,Wireless Earbuds Pro,Electronics,SoundCore,18,49.99,41.7,74,3085.8,1753.8,56.83,51.16,33,0,1,4,Easter,0.1,-2.1,46.27285714285715,0.8341668333666734,0.815089913995309,68.0,66.57142857142857,52.9,1.0,-0.18132185662072314,4.30406509320417
2026-04-15,E001,Wireless Earbuds Pro,Electronics,SoundCore,18,49.99,46.0,52,2392.0,1456.0,60.87,46.79,100,0,2,4,Easter,0.1,-2.1,45.892857142857146,0.9201840368073614,0.9831160504381278,74.0,66.42857142857143,52.86666666666667,2.0,-0.08318158893638408,3.9512437185814275
2026-04-16,E001,Wireless Earbuds Pro,Electronics,SoundCore,18,49.99,41.82,81,3387.42,1929.42,56.96,44.4,39,0,3,4,Easter,0.1,-2.1,44.93571428571429,0.8365673134626925,0.9418918918918919,52.0,71.14285714285714,53.3,1.0,-0.1784482914249915,4.394449154672439
2026-04-17,E001,Wireless Earbuds Pro,Electronics,SoundCore,18,49.99,41.79,79,3301.41,1879.41,56.93,51.83,25,0,4,4,Easter,0.1,-2.1,43.96857142857143,0.8359671934386876,0.8062897935558557,81.0,74.28571428571429,53.5,1.0,-0.1791659089656551,4.3694478524670215
2026-04-18,E001,Wireless Earbuds Pro,Electronics,SoundCore,18,49.99,43.56,75,3267.0,1917.0,58.68,50.6,55,1,5,4,Easter,0.1,-2.1,43.57,0.871374274854971,0.8608695652173913,79.0,75.0,53.5,1.0,-0.1376836873607193,4.31748811353631
2026-04-19,E001,Wireless Earbuds Pro,Electronics,SoundCore,18,49.99,41.38,87,3600.06,2034.06,56.5,54.42,17,1,6,4,Easter,0.0714,-2.1,43.02571428571429,0.8277655531106222,0.7603822124219037,75.0,73.71428571428571,54.333333333333336,0.0,-0.18902531310808196,4.465908118654584
2026-04-20,E001,Wireless Earbuds Pro,Electronics,SoundCore,18,49.99,44.39,63,2796.57,1662.57,59.45,42.87,93,0,0,4,Easter,0.0643,-2.1,42.94857142857143,0.8879775955191038,1.0354560298577093,87.0,73.0,54.56666666666667,2.0,-0.11880876657953511,4.143134726391533
2026-04-21,E001,Wireless Earbuds Pro,Electronics,SoundCore,18,49.99,47.7,58,2766.6,1722.6,62.26,48.62,71,0,1,4,Easter,0.0571,-2.1,43.80571428571428,0.9541908381676335,0.9810777457836283,63.0,70.71428571428571,54.166666666666664,1.0,-0.046891587531183485,4.060443010546419
2026-04-22,E001,Wireless Earbuds Pro,Electronics,SoundCore,18,49.99,47.72,51,2433.72,1515.72,62.28,50.73,107,0,2,4,Easter,0.05,-2.1,44.05142857142857,0.9545909181836366,0.9406662724226297,58.0,70.57142857142857,54.13333333333333,2.0,-0.04647238819576374,3.9318256327243257
2026-04-23,E001,Wireless Earbuds Pro,Electronics,SoundCore,18,49.99,48.1,57,2741.7,1715.7,62.58,56.81,96,0,3,4,Easter,0.0429,-2.1,44.94857142857143,0.9621924384876975,0.8466819221967963,51.0,67.14285714285714,54.5,2.0,-0.038540808313763504,4.04305126783455
2026-04-24,E001,Wireless Earbuds Pro,Electronics,SoundCore,18,49.99,54.73,43,2353.39,1579.39,67.11,48.78,104,0,4,4,Easter,0.0357,-2.1,46.79714285714285,1.0948189637927583,1.1219762197621976,57.0,62.0,54.36666666666667,2.0,0.0905890197303476,3.7612001156935624
2026-04-25,E001,Wireless Earbuds Pro,Electronics,SoundCore,18,49.99,54.94,43,2362.42,1588.42,67.24,42.71,99,1,5,4,Easter,0.0286,-2.1,48.42285714285714,1.0990198039607921,1.2863498009833763,43.0,57.42857142857143,54.53333333333333,2.0,0.09441869524164878,3.7612001156935624
2026-04-26,E001,Wireless Earbuds Pro,Electronics,SoundCore,18,49.99,55.06,48,2642.88,1778.88,67.31,49.6,88,1,6,4,Easter,0.0214,-2.1,50.37714285714286,1.1014202840568115,1.1100806451612903,43.0,51.857142857142854,54.9,2.0,0.09660051428898236,3.871201010907891
2026-04-27,E001,Wireless Earbuds Pro,Electronics,SoundCore,18,49.99,50.7,42,2129.4,1373.4,64.5,45.09,113,0,0,4,Easter,0.0143,-2.1,51.278571428571425,1.0142028405681136,1.1244178310046573,48.0,48.857142857142854,54.7,2.0,0.014102925171658471,3.7376696182833684
2026-04-28,E001,Wireless Earbuds Pro,Electronics,SoundCore,18,49.99,58.93,30,1767.9,1227.9,69.46,52.02,122,0,1,4,Easter,0.0071,-2.1,52.88285714285714,1.1788357671534306,1.1328335255670896,42.0,44.857142857142854,54.333333333333336,2.0,0.16452731342434293,3.4011973816621555
2026-04-29,E001,Wireless Earbuds Pro,Electronics,SoundCore,18,49.99,59.28,29,1719.12,1197.12,69.64,50.04,156,0,2,4,Mothers Day,0.0129,-2.1,54.534285714285716,1.1858371674334867,1.184652278177458,30.0,41.714285714285715,54.166666666666664,2.0,0.17044899556235243,3.367295829986474
2026-04-30,E001,Wireless Earbuds Pro,Electronics,SoundCore,18,49.99,55.98,39,2183.22,1481.22,67.85,43.55,128,0,3,4,Mothers Day,0.0257,-2.1,55.65999999999999,1.1198239647929584,1.285419058553387,29.0,39.142857142857146,54.266666666666666,2.0,0.11317149866182832,3.6635616461296463
2026-05-01,E001,Wireless Earbuds Pro,Electronics,SoundCore,18,49.99,57.55,35,2014.25,1384.25,68.72,56.59,133,0,4,5,Mothers Day,0.0386,-2.1,56.06285714285714,1.1512302460492096,1.0169641279377981,39.0,38.0,54.13333333333333,2.0,0.14083114974241248,3.5553480614894135
2026-05-02,E001,Wireless Earbuds Pro,Electronics,SoundCore,18,49.99,59.5,35,2082.5,1452.5,69.75,49.36,132,1,5,5,Mothers Day,0.0514,-2.1,56.714285714285715,1.1902380476095218,1.2054294975688817,35.0,36.857142857142854,54.233333333333334,2.0,0.17415332712610498,3.5553480614894135
2026-05-03,E001,Wireless Earbuds Pro,Electronics,SoundCore,18,49.99,56.26,47,2644.22,1798.22,68.01,56.91,122,1,6,5,Mothers Day,0.0643,-2.1,56.885714285714286,1.1254250850170033,0.9885784572131436,35.0,36.714285714285715,54.43333333333333,2.0,0.11816081763623174,3.8501476017100584
2026-05-04,E001,Wireless Earbuds Pro,Electronics,SoundCore,18,49.99,55.98,38,2127.24,1443.24,67.85,43.56,117,0,0,5,Mothers Day,0.0771,-2.1,57.64,1.1198239647929584,1.2851239669421486,47.0,36.142857142857146,54.13333333333333,2.0,0.11317149866182832,3.6375861597263857
2026-05-05,E001,Wireless Earbuds Pro,Electronics,SoundCore,18,49.99,53.51,47,2514.97,1668.97,66.36,44.26,114,0,1,5,Mothers Day,0.09,-2.1,56.86571428571428,1.0704140828165631,1.208992318120199,38.0,38.57142857142857,54.2,2.0,0.0680455668977341,3.8501476017100584
2026-05-06,E001,Wireless Earbuds Pro,Electronics,SoundCore,18,49.99,54.39,44,2393.16,1601.16,66.91,53.52,124,0,2,5,Mothers Day,0.1029,-2.1,56.16714285714285,1.088017603520704,1.0162556053811658,47.0,40.714285714285715,54.333333333333336,2.0,0.08435732800939034,3.784189633918261
2026-05-07,E001,Wireless Earbuds Pro,Electronics,SoundCore,18,49.99,50.31,49,2465.19,1583.19,64.22,53.75,114,0,3,5,Mothers Day,0.1157,-2.1,55.357142857142854,1.0064012802560511,0.936,44.0,42.142857142857146,54.6,2.0,0.0063808790777481065,3.8918202981106265
2026-05-08,E001,Wireless Earbuds Pro,Electronics,SoundCore,18,49.99,49.96,53,2647.88,1693.88,63.97,48.07,105,0,4,5,Mothers Day,0.1286,-2.1,54.27285714285715,0.9993998799759952,1.039317661743291,49.0,44.714285714285715,54.6,2.0,-0.0006003001681020444,3.970291913552122
2026-02-07,E002,Smart Watch Ultra,Electronics,TechFit,85,199.99,203.27,54,10976.58,6386.58,58.18,221.49,89,1,5,2,Valentines Day,0.1,-1.8,203.27,1.016400820041002,0.9177389498397219,54.0,54.0,54.0,2.0,0.016267779272875465,3.9889840465642745
2026-02-08,E002,Smart Watch Ultra,Electronics,TechFit,85,199.99,198.71,61,12121.31,6936.31,57.22,176.18,94,1,6,2,Valentines Day,0.1143,-1.8,200.99,0.9935996799839992,1.1278805766829378,54.0,57.5,57.5,2.0,-0.0064208898802700625,4.110873864173311
2026-02-09,E002,Smart Watch Ultra,Electronics,TechFit,85,199.99,195.62,52,10172.24,5752.24,56.55,189.19,112,0,0,2,Valentines Day,0.1286,-1.8,199.20000000000002,0.9781489074453722,1.0339869971985836,61.0,55.666666666666664,55.666666666666664,2.0,-0.02209336343564823,3.9512437185814275
2026-02-10,E002,Smart Watch Ultra,Electronics,TechFit,85,199.99,184.3,58,10689.4,5759.4,53.88,227.03,87,0,1,2,Valentines Day,0.1429,-1.8,195.47500000000002,0.9215460773038652,0.811786988503722,52.0,56.25,56.25,2.0,-0.08170250062221743,4.060443010546419
2026-02-11,E002,Smart Watch Ultra,Electronics,TechFit,85,199.99,172.79,81,13995.99,7110.99,50.81,187.58,31,0,2,2,Valentines Day,0.2,-1.8,190.93800000000002,0.8639931996599829,0.9211536411131249,58.0,61.2,61.2,1.0,-0.14619038097296475,4.394449154672439
2026-02-12,E002,Smart Watch Ultra,Electronics,TechFit,85,199.99,180.96,68,12305.28,6525.28,53.03,217.48,76,0,3,2,Valentines Day,0.2,-1.8,189.275,0.9048452422621132,0.8320765127827847,81.0,62.333333333333336,62.333333333333336,1.0,-0.09999135293018463,4.219507705176107
2026-02-13,E002,Smart Watch Ultra,Electronics,TechFit,85,199.99,171.39,65,11140.35,5615.35,50.41,173.44,72,0,4,2,Valentines Day,0.2,-1.8,186.72,0.856992849642482,0.9881803505535055,68.0,62.714285714285715,62.714285714285715,1.0,-0.15432570389351427,4.174387269895637
2026-02-14,E002,Smart Watch Ultra,Electronics,TechFit,85,199.99,176.01,76,13376.76,6916.76,51.71,191.05,33,1,5,2,Valentines Day,0.2,-1.8,182.82571428571427,0.8800940047002349,0.9212771525778591,65.0,65.85714285714286,64.375,1.0,-0.1277265536921169,4.330733340286331
2026-02-15,E002,Smart Watch Ultra,Electronics,TechFit,85,199.99,172.63,76,13119.88,6659.88,50.76,207.08,32,1,6,2,Valentines Day,0.2,-1.8,179.1,0.8631931596579828,0.8336391732663704,76.0,68.0,65.66666666666667,1.0,-0.1471167894695376,4.330733340286331
2026-02-16,E002,Smart Watch Ultra,Electronics,TechFit,85,199.99,172.93,66,11413.38,5803.38,50.85,174.36,81,0,0,2,Valentines Day,0.2,-1.8,175.8585714285714,0.8646932346617331,0.9917985776554256,76.0,70.0,65.7,2.0,-0.14538047696016418,4.189654742026425
2026-02-17,E002,Smart Watch Ultra,Electronics,TechFit,85,199.99,171.18,72,12324.96,6204.96,50.34,175.08,75,0,1,2,Valentines Day,0.2,-1.8,173.9842857142857,0.855942797139857,0.9777244688142563,66.0,72.0,66.27272727272727,1.0,-0.1555517308445314,4.276666119016055
2026-02-18,E002,Smart Watch Ultra,Electronics,TechFit,85,199.99,169.01,61,10309.61,5124.61,49.71,218.76,96,0,2,2,Valentines Day,0.1429,-1.8,173.4442857142857,0.8450922546127305,0.7725818248308649,72.0,69.14285714285714,65.83333333333333,2.0,-0.16830948052785846,4.110873864173311
2026-02-19,E002,Smart Watch Ultra,Electronics,TechFit,85,199.99,178.05,61,10861.05,5676.05,52.26,216.62,80,0,3,2,Valentines Day,0.1286,-1.8,173.0285714285714,0.8902945147257363,0.8219462653494599,61.0,68.14285714285714,65.46153846153847,1.0,-0.11620295557420827,4.110873864173311
2026-02-20,E002,Smart Watch Ultra,Electronics,TechFit,85,199.99,192.93,52,10032.36,5612.36,55.94,176.66,96,0,4,2,Valentines Day,0.1143,-1.8,176.1057142857143,0.9646982349117456,1.0920978150118874,61.0,66.28571428571429,64.5,2.0,-0.03593993648311357,3.9512437185814275
2026-02-21,E002,Smart Watch Ultra,Electronics,TechFit,85,199.99,193.64,58,11231.12,6301.12,56.1,173.37,69,1,5,2,Valentines Day,0.1,-1.8,178.62428571428572,0.9682484124206209,1.1169175751283382,52.0,63.714285714285715,64.06666666666666,1.0,-0.03226660022650156,4.060443010546419
2026-02-22,E002,Smart Watch Ultra,Electronics,TechFit,85,199.99,201.93,51,10298.43,5963.43,57.91,214.75,101,1,6,2,Valentines Day,0.0857,-1.8,182.81,1.0097004850242512,0.940302677532014,58.0,60.142857142857146,63.25,2.0,0.009653737392736457,3.9318256327243257
2026-02-23,E002,Smart Watch Ultra,Electronics,TechFit,85,199.99,205.57,47,9661.79,5666.79,58.65,187.13,121,0,0,2,Valentines Day,0.0714,-1.8,187.47285714285718,1.0279013950697533,1.0985411211457277,51.0,57.42857142857143,62.294117647058826,2.0,0.027519243239586422,3.8501476017100584
2026-02-24,E002,Smart Watch Ultra,Electronics,TechFit,85,199.99,213.54,42,8968.68,5398.68,60.19,174.42,118,0,1,2,Valentines Day,0.0571,-1.8,193.52428571428572,1.0677533876693834,1.2242862057103543,47.0,53.142857142857146,61.166666666666664,2.0,0.06555680345216126,3.7376696182833684
2026-02-25,E002,Smart Watch Ultra,Electronics,TechFit,85,199.99,217.77,41,8928.57,5443.57,60.97,207.75,126,0,2,2,Valentines Day,0.0429,-1.8,200.49,1.0889044452222612,1.048231046931408,42.0,50.285714285714285,60.10526315789474,2.0,0.08517209466686398,3.713572066704308
2026-02-26,E002,Smart Watch Ultra,Electronics,TechFit,85,199.99,235.2,32,7526.4,4806.4,63.86,205.05,152,0,3,2,Valentines Day,0.0286,-1.8,208.65428571428575,1.1760588029401469,1.1470373079736649,41.0,46.142857142857146,58.7,2.0,0.16216885072647672,3.4657359027997265
2026-02-27,E002,Smart Watch Ultra,Electronics,TechFit,85,199.99,239.11,31,7412.41,4777.41,64.45,186.63,126,0,4,2,Valentines Day,0.0143,-1.8,215.25142857142856,1.1956097804890244,1.281198092482452,32.0,43.142857142857146,57.38095238095238,2.0,0.17865633179651536,3.4339872044851463
2026-02-28,E002,Smart Watch Ultra,Electronics,TechFit,85,199.99,215.78,43,9278.54,5623.54,60.61,205.01,97,1,5,2,Valentines Day,0.0,-1.8,218.41428571428568,1.0789539476973848,1.0525340227305986,31.0,41.0,56.72727272727273,2.0,0.07599200482519901,3.7612001156935624
2026-03-01,E002,Smart Watch Ultra,Electronics,TechFit,85,199.99,231.87,45,10434.15,6609.15,63.34,188.56,123,1,6,3,Valentines Day,0.0,-1.8,222.69142857142856,1.1594079703985198,1.2296881629189649,43.0,40.142857142857146,56.21739130434783,2.0,0.14790950448889423,3.8066624897703196
2026-03-02,E002,Smart Watch Ultra,Electronics,TechFit,85,199.99,224.43,37,8303.91,5158.91,62.13,224.64,139,0,0,3,Valentines Day,0.0,-1.8,225.3857142857143,1.1222061103055152,0.999065170940171,45.0,38.714285714285715,55.416666666666664,2.0,0.11529648925442816,3.6109179126442243
2026-03-03,E002,Smart Watch Ultra,Electronics,TechFit,85,199.99,220.6,43,9485.8,5830.8,61.47,225.95,129,0,1,3,Valentines Day,0.0,-1.8,226.3942857142857,1.1030551527576378,0.9763221951759239,37.0,38.857142857142854,54.92,2.0,0.09808374152140699,3.7612001156935624
2026-03-04,E002,Smart Watch Ultra,Electronics,TechFit,85,199.99,233.05,32,7457.6,4737.6,63.53,229.23,122,0,2,3,Valentines Day,0.0,-1.8,228.57714285714286,1.1653082654132707,1.0166644854512936,43.0,37.57142857142857,54.03846153846154,2.0,0.152985657520755,3.4657359027997265
2026-03-05,E002,Smart Watch Ultra,Electronics,TechFit,85,199.99,212.0,44,9328.0,5588.0,59.91,228.18,126,0,3,3,Valentines Day,0.0,-1.8,225.26285714285714,1.0600530026501325,0.9290910684547287,32.0,39.285714285714285,53.666666666666664,2.0,0.05831890937401741,3.784189633918261
2026-03-06,E002,Smart Watch Ultra,Electronics,TechFit,85,199.99,216.94,42,9111.48,5541.48,60.82,194.88,107,0,4,3,Valentines Day,0.0,-1.8,222.0957142857143,1.0847542377118855,1.1131978653530379,44.0,40.857142857142854,53.25,2.0,0.08135345231407638,3.7376696182833684
2026-03-07,E002,Smart Watch Ultra,Electronics,TechFit,85,199.99,212.22,46,9762.12,5852.12,59.95,216.13,126,1,5,3,Valentines Day,0.0,-1.8,221.58714285714288,1.0611530576528825,0.981909036228196,42.0,41.285714285714285,53.0,2.0,0.059356107147449086,3.828641396489095
2026-03-08,E002,Smart Watch Ultra,Electronics,TechFit,85,199.99,203.53,52,10583.56,6163.56,58.24,197.02,81,1,6,3,Valentines Day,0.0,-1.8,217.53857142857143,1.0177008850442522,1.033042330727845,46.0,42.285714285714285,52.96666666666667,2.0,0.017546048866792657,3.9512437185814275
2026-03-09,E002,Smart Watch Ultra,Electronics,TechFit,85,199.99,200.71,46,9232.66,5322.66,57.65,183.71,115,0,0,3,Valentines Day,0.0,-1.8,214.15,1.0036001800090004,1.0925371509444233,52.0,43.57142857142857,52.7,2.0,0.0035937148734066517,3.828641396489095
2026-03-10,E002,Smart Watch Ultra,Electronics,TechFit,85,199.99,184.55,57,10519.35,5674.35,53.94,176.8,93,0,1,3,Valentines Day,0.0,-1.8,209.0,0.9227961398069904,1.0438348416289593,46.0,45.57142857142857,52.56666666666667,2.0,-0.0803469358219874,4.04305126783455
2026-03-11,E002,Smart Watch Ultra,Electronics,TechFit,85,199.99,197.09,46,9066.14,5156.14,56.87,201.2,122,0,2,3,Valentines Day,0.0,-1.8,203.86285714285714,0.9854992749637481,0.9795725646123261,57.0,47.57142857142857,52.36666666666667,2.0,-0.01460688809359208,3.828641396489095
2026-03-12,E002,Smart Watch Ultra,Electronics,TechFit,85,199.99,194.72,53,10320.16,5815.16,56.35,222.59,90,0,3,3,Valentines Day,0.0,-1.8,201.3942857142857,0.9736486824341216,0.8747922188777573,46.0,48.857142857142854,52.2,2.0,-0.026704736058778062,3.970291913552122
2026-03-13,E002,Smart Watch Ultra,Electronics,TechFit,85,199.99,181.57,59,10712.63,5697.63,53.19,212.23,71,0,4,3,Valentines Day,0.0,-1.8,196.3414285714286,0.9078953947697385,0.8555340903736512,53.0,51.285714285714285,51.46666666666667,1.0,-0.09662611101541944,4.07753744390572
2026-03-14,E002,Smart Watch Ultra,Electronics,TechFit,85,199.99,180.36,53,9559.08,5054.08,52.87,193.52,91,1,5,3,Valentines Day,0.0,-1.8,191.79,0.9018450922546127,0.9319966928482845,59.0,52.285714285714285,50.96666666666667,2.0,-0.10331251174511158,3.970291913552122
2026-03-15,E002,Smart Watch Ultra,Electronics,TechFit,85,199.99,169.84,72,12228.48,6108.48,49.95,200.83,67,1,6,3,Valentines Day,0.0,-1.8,186.97714285714287,0.8492424621231062,0.8456903849026539,53.0,55.142857142857146,51.2,1.0,-0.16341054790299434,4.276666119016055
2026-03-16,E002,Smart Watch Ultra,Electronics,TechFit,85,199.99,179.93,48,8636.64,4556.64,52.76,221.73,122,0,0,3,Valentines Day,0.0,-1.8,184.00857142857143,0.8996949847492375,0.8114824335904028,72.0,55.42857142857143,50.266666666666666,2.0,-0.10569947893356765,3.871201010907891
2026-03-17,E002,Smart Watch Ultra,Electronics,TechFit,85,199.99,159.94,66,10556.04,4946.04,46.86,197.54,87,0,1,3,Easter,0.0,-1.8,180.49285714285716,0.7997399869993499,0.8096588032803483,48.0,56.714285714285715,49.93333333333333,2.0,-0.22346862039425125,4.189654742026425
2026-03-18,E002,Smart Watch Ultra,Electronics,TechFit,85,199.99,159.06,67,10657.02,4962.02,46.56,207.99,56,0,2,3,Easter,0.0,-1.8,175.06,0.7953397669883494,0.7647483052069811,66.0,59.714285714285715,49.96666666666667,1.0,-0.22898587576900586,4.204692619390966
2026-03-19,E002,Smart Watch Ultra,Electronics,TechFit,85,199.99,176.21,52,9162.92,4742.92,51.76,180.9,90,0,3,3,Easter,0.0,-1.8,172.4157142857143,0.8810940547027352,0.9740740740740741,67.0,59.57142857142857,49.3,2.0,-0.12659089971735574,3.9512437185814275
