backend/data/features.csv
date,product_id,product_name,category,brand,cost,base_price,price,demand,revenue,profit,margin,competitor_price,stock,is_weekend,day_of_week,month,holiday_name,holiday_boost,elasticity,price_lag_7d,price_to_base,price_to_competitor,demand_lag_1d,demand_lag_7d,demand_lag_30d,stock_level,log_price_ratio,log_demand
2026-03-20,E002,Smart Watch Ultra,Electronics,TechFit,85,199.99,177.32,59,10461.88,5446.88,52.06,210.04,69,0,4,3,Easter,0.0,-1.8,171.8085714285714,0.8866443322166108,0.8442201485431347,52.0,59.57142857142857,49.233333333333334,1.0,-0.12031135542114231,4.07753744390572
2026-03-21,E002,Smart Watch Ultra,Electronics,TechFit,85,199.99,179.18,58,10392.44,5462.44,52.56,180.61,68,1,5,3,Easter,0.0,-1.8,171.64000000000001,0.895944797239862,0.9920823874647029,59.0,60.285714285714285,49.13333333333333,1.0,-0.10987647812856267,4.060443010546419
2026-03-22,E002,Smart Watch Ultra,Electronics,TechFit,85,199.99,187.15,53,9918.95,5413.95,54.58,182.37,89,1,6,3,Easter,0.0,-1.8,174.11285714285714,0.935796789839492,1.026210451280364,58.0,57.57142857142857,49.166666666666664,2.0,-0.06635693094755701,3.970291913552122
2026-03-23,E002,Smart Watch Ultra,Electronics,TechFit,85,199.99,205.54,42,8632.68,5062.68,58.65,172.35,128,0,0,3,Easter,0.0,-1.8,177.77142857142857,1.0277513875693784,1.1925732521032781,53.0,56.714285714285715,48.63333333333333,2.0,0.027373296898932004,3.7376696182833684
2026-03-24,E002,Smart Watch Ultra,Electronics,TechFit,85,199.99,195.79,47,9202.13,5207.13,56.59,222.4,123,0,1,3,Easter,0.0,-1.8,182.89285714285714,0.9789989499474973,0.8803507194244604,42.0,54.0,48.5,2.0,-0.02122470902881347,3.8501476017100584
2026-03-25,E002,Smart Watch Ultra,Electronics,TechFit,85,199.99,205.55,42,8633.1,5063.1,58.65,218.36,126,0,2,3,Easter,0.0,-1.8,189.53428571428572,1.0278013900695036,0.9413354094156439,47.0,50.42857142857143,48.333333333333336,2.0,0.027421948045892482,3.7376696182833684
2026-03-26,E002,Smart Watch Ultra,Electronics,TechFit,85,199.99,209.01,39,8151.39,4836.39,59.33,192.22,121,0,3,3,Easter,0.0,-1.8,194.22,1.0451022551127556,1.0873478306107585,42.0,48.57142857142857,48.233333333333334,2.0,0.04411473241214215,3.6635616461296463
2026-03-27,E002,Smart Watch Ultra,Electronics,TechFit,85,199.99,208.53,46,9592.38,5682.38,59.24,197.74,118,0,4,3,Easter,0.0,-1.8,198.67857142857142,1.0427021351067554,1.054566602609487,39.0,46.714285714285715,48.4,2.0,0.04181555048250923,3.828641396489095
2026-03-28,E002,Smart Watch Ultra,Electronics,TechFit,85,199.99,225.74,42,9481.08,5911.08,62.35,200.69,117,1,5,3,Easter,0.0,-1.8,205.32999999999998,1.128756437821891,1.124819373162589,46.0,44.42857142857143,48.733333333333334,2.0,0.12111652922948521,3.7376696182833684
2026-03-29,E002,Smart Watch Ultra,Electronics,TechFit,85,199.99,225.2,38,8557.6,5327.6,62.26,201.95,114,1,6,3,Easter,0.0,-1.8,210.76571428571427,1.1260563028151407,1.115127506808616,42.0,42.285714285714285,48.96666666666667,2.0,0.11872153096754025,3.6375861597263857
2026-03-30,E002,Smart Watch Ultra,Electronics,TechFit,85,199.99,223.98,32,7167.36,4447.36,62.05,171.2,129,0,0,3,Easter,0.0,-1.8,213.4,1.1199559977998899,1.3082943925233645,38.0,40.857142857142854,48.6,2.0,0.11328939685655234,3.4657359027997265
2026-03-31,E002,Smart Watch Ultra,Electronics,TechFit,85,199.99,225.94,33,7456.02,4651.02,62.38,177.18,150,0,1,3,Easter,0.0,-1.8,217.70714285714286,1.129756487824391,1.275200361214584,32.0,38.857142857142854,48.2,2.0,0.12200211200078759,3.4965075614664802
2026-04-01,E002,Smart Watch Ultra,Electronics,TechFit,85,199.99,239.95,34,8158.3,5268.3,64.58,217.34,132,0,2,4,Easter,0.0,-1.8,222.62142857142857,1.199809990499525,1.1040305512100854,33.0,37.714285714285715,48.1,2.0,0.18216320300625952,3.5263605246161616
2026-04-02,E002,Smart Watch Ultra,Electronics,TechFit,85,199.99,228.98,33,7556.34,4751.34,62.88,205.2,144,0,3,4,Easter,0.0071,-1.8,225.4742857142857,1.144957247862393,1.1158869395711501,34.0,36.857142857142854,47.766666666666666,2.0,0.13536729819767124,3.4965075614664802
2026-04-03,E002,Smart Watch Ultra,Electronics,TechFit,85,199.99,219.75,37,8130.75,4985.75,61.32,187.02,121,0,4,4,Easter,0.0143,-1.8,227.07714285714286,1.0988049402470124,1.1750080205325633,33.0,35.57142857142857,47.93333333333333,2.0,0.09422317126729138,3.6109179126442243
2026-04-04,E002,Smart Watch Ultra,Electronics,TechFit,85,199.99,227.84,48,10936.32,6856.32,62.69,191.36,123,1,5,4,Easter,0.0214,-1.8,227.37714285714287,1.1392569628481424,1.1906354515050166,37.0,36.42857142857143,48.06666666666667,2.0,0.1303762629256159,3.871201010907891
2026-04-05,E002,Smart Watch Ultra,Electronics,TechFit,85,199.99,209.23,51,10670.73,6335.73,59.37,176.1,84,1,6,4,Easter,0.0286,-1.8,225.0957142857143,1.0462023101155056,1.1881317433276548,48.0,38.285714285714285,48.36666666666667,2.0,0.0451667600531646,3.9318256327243257
2026-04-06,E002,Smart Watch Ultra,Electronics,TechFit,85,199.99,208.29,41,8539.89,5054.89,59.19,181.18,109,0,0,4,Easter,0.0357,-1.8,222.8542857142857,1.0415020751037551,1.1496302020090516,51.0,39.57142857142857,48.2,2.0,0.04066397413529665,3.713572066704308
2026-04-07,E002,Smart Watch Ultra,Electronics,TechFit,85,199.99,206.52,41,8467.32,4982.32,58.84,194.61,137,0,1,4,Easter,0.0429,-1.8,220.07999999999998,1.032651632581629,1.0611993217203637,41.0,40.714285714285715,47.833333333333336,2.0,0.03212989471345334,3.713572066704308
2026-04-08,E002,Smart Watch Ultra,Electronics,TechFit,85,199.99,198.56,44,8736.64,4996.64,57.19,228.16,127,0,2,4,Easter,0.05,-1.8,214.16714285714286,0.992849642482124,0.8702664796633941,41.0,42.142857142857146,47.766666666666666,2.0,-0.007176043841697998,3.784189633918261
2026-04-09,E002,Smart Watch Ultra,Electronics,TechFit,85,199.99,190.29,54,10275.66,5685.66,55.33,180.24,99,0,3,4,Easter,0.0571,-1.8,208.64000000000001,0.9514975748787439,1.0557589880159786,44.0,45.142857142857146,47.666666666666664,2.0,-0.04971814098407962,3.9889840465642745
2026-04-10,E002,Smart Watch Ultra,Electronics,TechFit,85,199.99,188.38,56,10549.28,5789.28,54.88,204.29,79,0,4,4,Easter,0.0643,-1.8,204.15857142857143,0.9419470973548677,0.9221205149542318,54.0,47.857142857142854,48.0,1.0,-0.059806165903323986,4.02535169073515
2026-04-11,E002,Smart Watch Ultra,Electronics,TechFit,85,199.99,178.38,70,12486.6,6536.6,52.35,189.41,57,1,5,4,Easter,0.0714,-1.8,197.09285714285713,0.8919445972298614,0.9417665381975608,56.0,51.0,48.56666666666667,1.0,-0.11435125905993379,4.248495242049359
2026-04-12,E002,Smart Watch Ultra,Electronics,TechFit,85,199.99,167.93,77,12930.61,6385.61,49.38,176.88,50,1,6,4,Easter,0.1,-1.8,191.19285714285712,0.83969198459923,0.949400723654455,70.0,54.714285714285715,49.166666666666664,1.0,-0.17472013939107844,4.343805421853684
2026-04-13,E002,Smart Watch Ultra,Electronics,TechFit,85,199.99,177.84,52,9247.68,4827.68,52.2,179.25,95,0,0,4,Easter,0.1,-1.8,186.84285714285713,0.8892444622231112,0.9921338912133891,77.0,56.285714285714285,49.13333333333333,2.0,-0.11738309564205388,3.9512437185814275
2026-04-14,E002,Smart Watch Ultra,Electronics,TechFit,85,199.99,167.55,67,11225.85,5530.85,49.27,190.19,51,0,1,4,Easter,0.1,-1.8,181.2757142857143,0.8377918895944797,0.8809611441190389,52.0,60.0,48.96666666666667,1.0,-0.17698555111467562,4.204692619390966
2026-04-15,E002,Smart Watch Ultra,Electronics,TechFit,85,199.99,176.19,59,10395.21,5380.21,51.76,185.27,89,0,2,4,Easter,0.1,-1.8,178.07999999999998,0.8809940497024851,0.95099044637556,67.0,62.142857142857146,49.333333333333336,2.0,-0.12670440709545727,4.07753744390572
2026-04-16,E002,Smart Watch Ultra,Electronics,TechFit,85,199.99,173.33,70,12133.1,6183.1,50.96,198.28,56,0,3,4,Easter,0.1,-1.8,175.65714285714287,0.8666933346667334,0.8741678434537019,59.0,64.42857142857143,49.46666666666667,1.0,-0.143070073344776,4.248495242049359
2026-04-17,E002,Smart Watch Ultra,Electronics,TechFit,85,199.99,174.92,61,10670.12,5485.12,51.41,219.83,97,0,4,4,Easter,0.1,-1.8,173.7342857142857,0.8746437321866092,0.7957057726424964,70.0,65.14285714285714,49.266666666666666,2.0,-0.13393863875327533,4.110873864173311
2026-04-18,E002,Smart Watch Ultra,Electronics,TechFit,85,199.99,176.24,67,11808.08,6113.08,51.77,226.29,53,1,5,4,Easter,0.1,-1.8,173.42857142857142,0.8812440622031101,0.7788236333907818,61.0,64.71428571428571,49.766666666666666,1.0,-0.12642066280390735,4.204692619390966
2026-04-19,E002,Smart Watch Ultra,Electronics,TechFit,85,199.99,178.22,66,11762.52,6152.52,52.31,204.46,82,1,6,4,Easter,0.0714,-1.8,174.89857142857142,0.8911445572278613,0.8716619387655287,67.0,63.142857142857146,50.0,2.0,-0.1152486231134213,4.189654742026425
2026-04-20,E002,Smart Watch Ultra,Electronics,TechFit,85,199.99,184.38,53,9772.14,5267.14,53.9,182.09,81,0,0,4,Easter,0.0643,-1.8,175.83285714285716,0.9219460973048652,1.012576198583118,66.0,63.285714285714285,49.833333333333336,2.0,-0.08126851992754676,3.970291913552122
2026-04-21,E002,Smart Watch Ultra,Electronics,TechFit,85,199.99,190.16,50,9508.0,5258.0,55.3,209.9,101,0,1,4,Easter,0.0571,-1.8,179.06285714285713,0.9508475423771188,0.9059552167698904,53.0,60.857142857142854,49.733333333333334,2.0,-0.05040154224605661,3.912023005428146
2026-04-22,E002,Smart Watch Ultra,Electronics,TechFit,85,199.99,198.98,46,9153.08,5243.08,57.28,193.54,121,0,2,4,Easter,0.05,-1.8,182.31857142857143,0.9949497474873743,1.0281078846750025,50.0,59.0,49.86666666666667,2.0,-0.005063048136781419,3.828641396489095
2026-04-23,E002,Smart Watch Ultra,Electronics,TechFit,85,199.99,187.76,48,9012.48,4932.48,54.73,197.75,96,0,3,4,Easter,0.0429,-1.8,184.37999999999997,0.9388469423471173,0.9494816687737041,46.0,55.857142857142854,49.9,2.0,-0.063102813755227,3.871201010907891
2026-04-24,E002,Smart Watch Ultra,Electronics,TechFit,85,199.99,206.34,49,10110.66,5945.66,58.81,183.92,118,0,4,4,Easter,0.0357,-1.8,188.86857142857144,1.031751587579379,1.121900826446281,48.0,54.142857142857146,50.13333333333333,2.0,0.031257928374234877,3.8918202981106265
2026-04-25,E002,Smart Watch Ultra,Electronics,TechFit,85,199.99,217.17,37,8035.29,4890.29,60.86,224.38,131,1,5,4,Easter,0.0286,-1.8,194.71571428571428,1.0859042952147606,0.967867011320082,49.0,49.857142857142854,50.06666666666667,2.0,0.08241309167516463,3.6109179126442243
2026-04-26,E002,Smart Watch Ultra,Electronics,TechFit,85,199.99,208.75,53,11063.75,6558.75,59.28,178.35,106,1,6,4,Easter,0.0214,-1.8,199.07714285714286,1.0438021901095054,1.1704513596860107,37.0,48.0,50.3,2.0,0.04286999843296975,3.970291913552122
2026-04-27,E002,Smart Watch Ultra,Electronics,TechFit,85,199.99,226.08,43,9721.44,6066.44,62.4,223.62,126,0,0,4,Easter,0.0143,-1.8,205.03428571428572,1.1304565228261414,1.0110008049369466,53.0,46.57142857142857,50.333333333333336,2.0,0.12262155363822239,3.7612001156935624
2026-04-28,E002,Smart Watch Ultra,Electronics,TechFit,85,199.99,223.21,34,7589.14,4699.14,61.92,184.9,142,0,1,4,Easter,0.0071,-1.8,209.75571428571428,1.1161058052902646,1.2071930773391022,43.0,44.285714285714285,50.2,2.0,0.10984566707292596,3.5263605246161616
2026-04-29,E002,Smart Watch Ultra,Electronics,TechFit,85,199.99,228.95,34,7784.3,4894.3,62.87,215.74,147,0,2,4,Mothers Day,0.0129,-1.8,214.03714285714287,1.144807240362018,1.0612311115231297,34.0,42.57142857142857,50.266666666666666,2.0,0.13523627380510933,3.5263605246161616
2026-04-30,E002,Smart Watch Ultra,Electronics,TechFit,85,199.99,236.05,32,7553.6,4833.6,63.99,176.63,150,0,3,4,Mothers Day,0.0257,-1.8,220.9357142857143,1.1803090154507725,1.3364094434693994,34.0,40.285714285714285,50.233333333333334,2.0,0.1657762816943007,3.4657359027997265
2026-05-01,E002,Smart Watch Ultra,Electronics,TechFit,85,199.99,228.2,34,7758.8,4868.8,62.75,217.83,118,0,4,5,Mothers Day,0.0386,-1.8,224.0585714285714,1.1410570528526425,1.0476059312307762,32.0,38.142857142857146,50.233333333333334,2.0,0.13195507212998012,3.5263605246161616
2026-05-02,E002,Smart Watch Ultra,Electronics,TechFit,85,199.99,233.06,38,8856.28,5626.28,63.53,213.19,130,1,5,5,Mothers Day,0.0514,-1.8,226.32857142857145,1.1653582679133956,1.0932032459308598,34.0,38.285714285714285,50.4,2.0,0.15302856584712218,3.6375861597263857
2026-05-03,E002,Smart Watch Ultra,Electronics,TechFit,85,199.99,228.45,49,11194.05,7029.05,62.79,185.1,96,1,6,5,Mothers Day,0.0643,-1.8,229.14285714285714,1.1423071153557678,1.2341977309562397,38.0,37.714285714285715,50.8,2.0,0.1330500027112855,3.8918202981106265
2026-05-04,E002,Smart Watch Ultra,Electronics,TechFit,85,199.99,211.61,48,10157.28,6077.28,59.83,197.71,122,0,0,5,Mothers Day,0.0771,-1.8,227.07571428571427,1.0581029051452573,1.0703049921602348,49.0,38.42857142857143,50.8,2.0,0.05647759254868501,3.871201010907891
2026-05-05,E002,Smart Watch Ultra,Electronics,TechFit,85,199.99,219.3,37,8114.1,4969.1,61.24,200.34,130,0,1,5,Mothers Day,0.09,-1.8,226.5171428571429,1.096554827741387,1.0946391135070381,48.0,38.857142857142854,50.333333333333336,2.0,0.09217329012584745,3.6109179126442243
2026-05-06,E002,Smart Watch Ultra,Electronics,TechFit,85,199.99,212.85,46,9791.1,5881.1,60.07,211.79,125,0,2,5,Mothers Day,0.1029,-1.8,224.21714285714285,1.0643032151607579,1.0050049577411586,37.0,40.57142857142857,50.5,2.0,0.0623203269761662,3.828641396489095
2026-05-07,E002,Smart Watch Ultra,Electronics,TechFit,85,199.99,201.48,51,10275.48,5940.48,57.81,204.57,102,0,3,5,Mothers Day,0.1157,-1.8,219.2785714285714,1.007450372518626,0.9848951459158234,46.0,43.285714285714285,50.833333333333336,2.0,0.007422755579454724,3.9318256327243257
2026-05-08,E002,Smart Watch Ultra,Electronics,TechFit,85,199.99,209.55,44,9220.2,5480.2,59.44,226.05,129,0,4,5,Mothers Day,0.1286,-1.8,216.61428571428573,1.047802390119506,0.927007299270073,51.0,44.714285714285715,50.833333333333336,2.0,0.046695009073085464,3.784189633918261
2026-02-07,E003,Portable Charger 20K,Electronics,PowerMax,12,34.99,33.95,68,2308.6,1492.6,64.65,40.08,78,1,5,2,Valentines Day,0.1,-2.5,33.95,0.9702772220634467,0.847055888223553,68.0,68.0,68.0,1.0,-0.030173452374891538,4.219507705176107
2026-02-08,E003,Portable Charger 20K,Electronics,PowerMax,12,34.99,33.96,75,2547.0,1647.0,64.66,35.95,46,1,6,2,Valentines Day,0.1143,-2.5,33.955,0.9705630180051443,0.9446453407510431,68.0,71.5,71.5,1.0,-0.02987894493645009,4.31748811353631
2026-02-09,E003,Portable Charger 20K,Electronics,PowerMax,12,34.99,32.69,65,2124.85,1344.85,63.29,38.17,50,0,0,2,Valentines Day,0.1286,-2.5,33.53333333333333,0.9342669334095455,0.8564317526853549,75.0,69.33333333333333,69.33333333333333,1.0,-0.06799308564347753,4.174387269895637
2026-02-10,E003,Portable Charger 20K,Electronics,PowerMax,12,34.99,30.84,68,2097.12,1281.12,61.09,35.38,81,0,1,2,Valentines Day,0.1429,-2.5,32.86,0.8813946841954844,0.8716789146410401,65.0,69.0,69.0,2.0,-0.12624975768446794,4.219507705176107
2026-02-11,E003,Portable Charger 20K,Electronics,PowerMax,12,34.99,29.74,81,2408.94,1436.94,59.65,37.48,36,0,2,2,Valentines Day,0.2,-2.5,32.236000000000004,0.8499571306087452,0.7934898612593383,68.0,71.4,71.4,1.0,-0.16256936534758779,4.394449154672439
2026-02-12,E003,Portable Charger 20K,Electronics,PowerMax,12,34.99,30.17,76,2292.92,1380.92,60.23,31.22,35,0,3,2,Valentines Day,0.2,-2.5,31.891666666666666,0.8622463561017434,0.9663677130044844,81.0,72.16666666666667,72.16666666666667,1.0,-0.1482142532086269,4.330733340286331
2026-02-13,E003,Portable Charger 20K,Electronics,PowerMax,12,34.99,27.17,112,3043.04,1699.04,55.83,39.34,5,0,4,2,Valentines Day,0.2,-2.5,31.217142857142857,0.776507573592455,0.6906456532791052,76.0,77.85714285714286,77.85714285714286,0.0,-0.2529488829413402,4.718498871295094
2026-02-14,E003,Portable Charger 20K,Electronics,PowerMax,12,34.99,31.71,96,3044.16,1892.16,62.16,29.88,15,1,5,2,Valentines Day,0.2,-2.5,30.897142857142853,0.906258931123178,1.0612449799196788,112.0,81.85714285714286,80.125,0.0,-0.09843021782934075,4.564348191467836
2026-02-15,E003,Portable Charger 20K,Electronics,PowerMax,12,34.99,29.49,96,2831.04,1679.04,59.31,30.64,28,1,6,2,Valentines Day,0.2,-2.5,30.25857142857143,0.8428122320663045,0.9624673629242819,96.0,84.85714285714286,81.88888888888889,1.0,-0.17101108355241196,4.564348191467836
2026-02-16,E003,Portable Charger 20K,Electronics,PowerMax,12,34.99,32.7,71,2321.7,1469.7,63.3,30.45,68,0,0,2,Valentines Day,0.2,-2.5,30.259999999999998,0.9345527293512432,1.0738916256157636,96.0,85.71428571428571,80.8,1.0,-0.06768722847638893,4.2626798770413155
2026-02-17,E003,Portable Charger 20K,Electronics,PowerMax,12,34.99,30.65,83,2543.95,1547.95,60.85,31.89,22,0,1,2,Valentines Day,0.2,-2.5,30.232857142857142,0.8759645613032294,0.9611163374098463,71.0,87.85714285714286,81.0,1.0,-0.13242964399737633,4.418840607796598
2026-02-18,E003,Portable Charger 20K,Electronics,PowerMax,12,34.99,31.06,74,2298.44,1410.44,61.37,35.67,35,0,2,2,Valentines Day,0.1429,-2.5,30.42142857142857,0.8876821949128322,0.8707597420801794,83.0,86.85714285714286,80.41666666666667,1.0,-0.11914148865905572,4.30406509320417
2026-02-19,E003,Portable Charger 20K,Electronics,PowerMax,12,34.99,31.64,81,2562.84,1590.84,62.07,35.25,36,0,3,2,Valentines Day,0.1286,-2.5,30.631428571428575,0.9042583595312946,0.8975886524822695,74.0,87.57142857142857,80.46153846153847,1.0,-0.10064016348014355,4.394449154672439
2026-02-20,E003,Portable Charger 20K,Electronics,PowerMax,12,34.99,34.16,49,1673.84,1085.84,64.87,31.37,89,0,4,2,Valentines Day,0.1143,-2.5,31.629999999999995,0.9762789368390967,1.0889384762511953,81.0,78.57142857142857,78.21428571428571,2.0,-0.02400693745922771,3.8918202981106265
2026-02-21,E003,Portable Charger 20K,Electronics,PowerMax,12,34.99,32.42,72,2334.24,1470.24,62.99,36.5,52,1,5,2,Valentines Day,0.1,-2.5,31.731428571428573,0.9265504429837096,0.8882191780821919,49.0,75.14285714285714,77.8,1.0,-0.07628679007206667,4.276666119016055
2026-02-22,E003,Portable Charger 20K,Electronics,PowerMax,12,34.99,35.97,64,2302.08,1534.08,66.64,30.03,61,1,6,2,Valentines Day,0.0857,-2.5,32.65714285714286,1.0280080022863674,1.1978021978021978,72.0,70.57142857142857,76.9375,1.0,0.02762295132793573,4.1588830833596715
