backend/data/features.csv
date,product_id,product_name,category,brand,cost,base_price,price,demand,revenue,profit,margin,competitor_price,stock,is_weekend,day_of_week,month,holiday_name,holiday_boost,elasticity,price_lag_7d,price_to_base,price_to_competitor,demand_lag_1d,demand_lag_7d,demand_lag_30d,stock_level,log_price_ratio,log_demand
2026-02-23,E003,Portable Charger 20K,Electronics,PowerMax,12,34.99,36.84,43,1584.12,1068.12,67.43,29.95,98,0,0,2,Valentines Day,0.0714,-2.5,33.248571428571424,1.0528722492140612,1.2300500834724541,64.0,66.57142857142857,74.94117647058823,2.0,0.05152190500750947,3.7612001156935624
2026-02-24,E003,Portable Charger 20K,Electronics,PowerMax,12,34.99,36.57,49,1791.93,1203.93,67.19,36.59,92,0,1,2,Valentines Day,0.0571,-2.5,34.09428571428571,1.0451557587882252,0.9994534025690078,43.0,61.714285714285715,73.5,2.0,0.04416592578169318,3.8918202981106265
2026-02-25,E003,Portable Charger 20K,Electronics,PowerMax,12,34.99,37.82,42,1588.44,1084.44,68.27,37.32,130,0,2,2,Valentines Day,0.0429,-2.5,35.06,1.0808802515004285,1.0133976420150053,49.0,57.142857142857146,71.84210526315789,2.0,0.07777575685071464,3.7376696182833684
2026-02-26,E003,Portable Charger 20K,Electronics,PowerMax,12,34.99,38.51,44,1694.44,1166.44,68.84,36.75,100,0,3,2,Valentines Day,0.0286,-2.5,36.04142857142857,1.1006001714775648,1.047891156462585,42.0,51.857142857142854,70.45,2.0,0.0958556414472207,3.784189633918261
2026-02-27,E003,Portable Charger 20K,Electronics,PowerMax,12,34.99,40.16,35,1405.6,985.6,70.12,29.88,113,0,4,2,Valentines Day,0.0143,-2.5,36.89857142857142,1.1477565018576734,1.3440428380187415,44.0,49.857142857142854,68.76190476190476,2.0,0.1378091690038769,3.5553480614894135
2026-02-28,E003,Portable Charger 20K,Electronics,PowerMax,12,34.99,40.32,36,1451.52,1019.52,70.24,34.17,144,1,5,2,Valentines Day,0.0,-2.5,38.027142857142856,1.1523292369248357,1.179982440737489,35.0,44.714285714285715,67.27272727272727,2.0,0.14178531738351655,3.58351893845611
2026-03-01,E003,Portable Charger 20K,Electronics,PowerMax,12,34.99,39.66,46,1824.36,1272.36,69.74,32.46,103,1,6,3,Valentines Day,0.0,-2.5,38.55428571428571,1.133466704772792,1.22181146025878,36.0,42.142857142857146,66.34782608695652,2.0,0.12528081671205304,3.828641396489095
2026-03-02,E003,Portable Charger 20K,Electronics,PowerMax,12,34.99,38.58,41,1581.78,1089.78,68.9,36.29,114,0,0,3,Valentines Day,0.0,-2.5,38.80285714285714,1.1026007430694482,1.0631027831358502,46.0,41.857142857142854,65.29166666666667,2.0,0.09767170109798619,3.713572066704308
2026-03-03,E003,Portable Charger 20K,Electronics,PowerMax,12,34.99,37.8,47,1776.6,1212.6,68.25,32.83,124,0,1,3,Valentines Day,0.0,-2.5,38.978571428571435,1.0803086596170333,1.1513859275053304,41.0,41.57142857142857,64.56,2.0,0.07724679624594519,3.8501476017100584
2026-03-04,E003,Portable Charger 20K,Electronics,PowerMax,12,34.99,38.96,39,1519.44,1051.44,69.2,38.86,121,0,2,3,Valentines Day,0.0,-2.5,39.14142857142857,1.1134609888539582,1.0025733401955739,47.0,41.142857142857146,63.57692307692308,2.0,0.1074731723947376,3.6635616461296463
2026-03-05,E003,Portable Charger 20K,Electronics,PowerMax,12,34.99,39.01,39,1521.39,1053.39,69.24,34.2,103,0,3,3,Valentines Day,0.0,-2.5,39.212857142857146,1.1148899685624463,1.1406432748538011,39.0,40.42857142857143,62.666666666666664,2.0,0.10875571713896835,3.6635616461296463
2026-03-06,E003,Portable Charger 20K,Electronics,PowerMax,12,34.99,38.4,34,1305.6,897.6,68.75,36.39,122,0,4,3,Valentines Day,0.0,-2.5,38.96142857142856,1.097456416118891,1.055234954657873,39.0,40.285714285714285,61.642857142857146,2.0,0.09299515321408451,3.5263605246161616
2026-03-07,E003,Portable Charger 20K,Electronics,PowerMax,12,34.99,37.3,48,1790.4,1214.4,67.83,40.07,105,1,5,3,Valentines Day,0.0,-2.5,38.529999999999994,1.0660188625321518,0.9308709757923633,34.0,42.0,61.172413793103445,2.0,0.063931020270173,3.871201010907891
2026-03-08,E003,Portable Charger 20K,Electronics,PowerMax,12,34.99,35.51,52,1846.52,1222.52,66.21,29.93,113,1,6,3,Valentines Day,0.0,-2.5,37.93714285714286,1.0148613889682765,1.1864350150350818,48.0,42.857142857142854,60.86666666666667,2.0,0.01475204057539971,3.9512437185814275
2026-03-09,E003,Portable Charger 20K,Electronics,PowerMax,12,34.99,35.2,45,1584.0,1044.0,65.91,32.62,112,0,0,3,Valentines Day,0.0,-2.5,37.45428571428572,1.0060017147756501,1.0790925812385042,52.0,43.42857142857143,60.1,2.0,0.00598377622445471,3.8066624897703196
2026-03-10,E003,Portable Charger 20K,Electronics,PowerMax,12,34.99,34.98,52,1818.96,1194.96,65.69,31.91,76,0,1,3,Valentines Day,0.0,-2.5,37.05142857142857,0.9997142040583022,1.0962080852397367,45.0,44.142857142857146,59.333333333333336,1.0,-0.0002858367891407727,3.9512437185814275
2026-03-11,E003,Portable Charger 20K,Electronics,PowerMax,12,34.99,33.12,62,2053.44,1309.44,63.77,36.05,83,0,2,3,Valentines Day,0.0,-2.5,36.21714285714285,0.9465561589025434,0.9187239944521498,52.0,47.42857142857143,59.233333333333334,2.0,-0.0549249768625379,4.127134385045092
2026-03-12,E003,Portable Charger 20K,Electronics,PowerMax,12,34.99,29.97,66,1978.02,1186.02,59.96,35.19,50,0,3,3,Valentines Day,0.0,-2.5,34.925714285714285,0.8565304372677908,0.8516624040920716,62.0,51.285714285714285,59.166666666666664,1.0,-0.15486542505102485,4.189654742026425
2026-03-13,E003,Portable Charger 20K,Electronics,PowerMax,12,34.99,31.63,61,1929.43,1197.43,62.06,30.61,82,0,4,3,Valentines Day,0.0,-2.5,33.958571428571425,0.903972563589597,1.0333224436458675,66.0,55.142857142857146,58.5,2.0,-0.10095626906203922,4.110873864173311
2026-03-14,E003,Portable Charger 20K,Electronics,PowerMax,12,34.99,29.8,76,2264.8,1352.8,59.73,32.77,42,1,5,3,Valentines Day,0.0,-2.5,32.887142857142855,0.8516719062589311,0.9093683246872138,61.0,59.142857142857146,58.5,1.0,-0.16055391286823795,4.330733340286331
2026-03-15,E003,Portable Charger 20K,Electronics,PowerMax,12,34.99,28.97,100,2897.0,1697.0,58.58,35.69,5,1,6,3,Valentines Day,0.0,-2.5,31.95285714285714,0.8279508430980279,0.8117119641356122,76.0,66.0,58.1,0.0,-0.18880149459833775,4.605170185988092
2026-03-16,E003,Portable Charger 20K,Electronics,PowerMax,12,34.99,30.29,73,2211.17,1335.17,60.38,37.43,43,0,0,3,Valentines Day,0.0,-2.5,31.25142857142857,0.8656759074021149,0.8092439219877103,100.0,70.0,57.333333333333336,1.0,-0.14424468134045076,4.290459441148391
2026-03-17,E003,Portable Charger 20K,Electronics,PowerMax,12,34.99,29.17,80,2333.6,1373.6,58.86,34.95,44,0,1,3,Easter,0.0,-2.5,30.42142857142857,0.8336667619319805,0.834620886981402,73.0,74.0,56.8,1.0,-0.18192152249996665,4.382026634673881
2026-03-18,E003,Portable Charger 20K,Electronics,PowerMax,12,34.99,31.2,63,1965.6,1209.6,61.54,30.86,57,0,2,3,Easter,0.0,-2.5,30.147142857142857,0.8916833380965989,1.0110174983797797,80.0,74.14285714285714,56.53333333333333,1.0,-0.11464421156416008,4.143134726391533
2026-03-19,E003,Portable Charger 20K,Electronics,PowerMax,12,34.99,30.41,81,2463.21,1491.21,60.54,36.97,35,0,3,3,Easter,0.0,-2.5,30.21,0.8691054587024863,0.8225588314849879,63.0,76.28571428571429,56.46666666666667,1.0,-0.14029080469032348,4.394449154672439
2026-03-20,E003,Portable Charger 20K,Electronics,PowerMax,12,34.99,31.83,60,1909.8,1189.8,62.3,38.13,88,0,4,3,Easter,0.0,-2.5,30.23857142857143,0.9096884824235495,0.8347757671125098,81.0,76.14285714285714,56.0,2.0,-0.0946530650855953,4.0943445622221
2026-03-21,E003,Portable Charger 20K,Electronics,PowerMax,12,34.99,32.56,60,1953.6,1233.6,63.14,33.53,64,1,5,3,Easter,0.0,-2.5,30.632857142857144,0.9305515861674765,0.9710706829704743,60.0,73.85714285714286,55.3,1.0,-0.07197776524525706,4.0943445622221
2026-03-22,E003,Portable Charger 20K,Electronics,PowerMax,12,34.99,32.78,71,2327.38,1475.38,63.39,31.68,60,1,6,3,Easter,0.0,-2.5,31.177142857142858,0.9368390968848243,1.0347222222222223,60.0,69.71428571428571,56.03333333333333,1.0,-0.06524373306391301,4.2626798770413155
2026-03-23,E003,Portable Charger 20K,Electronics,PowerMax,12,34.99,34.3,55,1886.5,1226.5,65.01,38.21,96,0,0,3,Easter,0.0,-2.5,31.75,0.9802800800228635,0.8976707668149698,71.0,67.14285714285714,55.46666666666667,2.0,-0.01991695220770262,4.007333185232471
2026-03-24,E003,Portable Charger 20K,Electronics,PowerMax,12,34.99,35.87,49,1757.63,1169.63,66.55,32.36,102,0,1,3,Easter,0.0,-2.5,32.707142857142856,1.0251500428693912,1.1084672435105067,55.0,62.714285714285715,54.96666666666667,2.0,0.02483898516459445,3.8918202981106265
2026-03-25,E003,Portable Charger 20K,Electronics,PowerMax,12,34.99,36.53,46,1680.38,1128.38,67.15,31.64,111,0,2,3,Easter,0.0,-2.5,33.46857142857143,1.0440125750214346,1.154551201011378,49.0,60.285714285714285,55.06666666666667,2.0,0.04307153442759441,3.828641396489095
2026-03-26,E003,Portable Charger 20K,Electronics,PowerMax,12,34.99,35.99,51,1835.49,1223.49,66.66,39.44,117,0,3,3,Easter,0.0,-2.5,34.26571428571429,1.0285795941697629,0.9125253549695741,46.0,56.0,55.13333333333333,2.0,0.028178815711342738,3.9318256327243257
2026-03-27,E003,Portable Charger 20K,Electronics,PowerMax,12,34.99,38.03,43,1635.29,1119.29,68.45,38.79,128,0,4,3,Easter,0.0,-2.5,35.151428571428575,1.086881966276079,0.980407321474607,51.0,53.57142857142857,55.166666666666664,2.0,0.08331301556057166,3.7612001156935624
2026-03-28,E003,Portable Charger 20K,Electronics,PowerMax,12,34.99,39.88,40,1595.2,1115.2,69.91,30.13,124,1,5,3,Easter,0.0,-2.5,36.19714285714286,1.13975421549014,1.3235977431131765,43.0,50.714285714285715,55.03333333333333,2.0,0.13081263871404097,3.6888794541139363
2026-03-29,E003,Portable Charger 20K,Electronics,PowerMax,12,34.99,39.08,43,1680.44,1164.44,69.29,30.55,122,1,6,3,Easter,0.0,-2.5,37.097142857142856,1.1168905401543296,1.2792144026186578,40.0,46.714285714285715,55.3,2.0,0.11054852079498519,3.7612001156935624
2026-03-30,E003,Portable Charger 20K,Electronics,PowerMax,12,34.99,41.3,31,1280.3,908.3,70.94,30.43,131,0,0,3,Easter,0.0,-2.5,38.097142857142856,1.180337239211203,1.3572132763720013,43.0,43.285714285714285,55.13333333333333,2.0,0.1658001935873903,3.4339872044851463
2026-03-31,E003,Portable Charger 20K,Electronics,PowerMax,12,34.99,41.73,33,1377.09,981.09,71.24,33.09,139,0,1,3,Easter,0.0,-2.5,38.93428571428571,1.192626464704201,1.2611060743427014,31.0,41.0,54.7,2.0,0.17615798822386447,3.4965075614664802
2026-04-01,E003,Portable Charger 20K,Electronics,PowerMax,12,34.99,40.49,37,1498.13,1054.13,70.36,32.19,107,0,2,4,Easter,0.0,-2.5,39.5,1.1571877679336953,1.2578440509474993,33.0,39.714285714285715,54.56666666666667,2.0,0.14599272366447302,3.6109179126442243
2026-04-02,E003,Portable Charger 20K,Electronics,PowerMax,12,34.99,40.07,39,1562.73,1094.73,70.05,39.6,134,0,3,4,Easter,0.0071,-2.5,40.082857142857144,1.145184338382395,1.0118686868686868,37.0,38.0,54.3,2.0,0.13556561826845653,3.6635616461296463
2026-04-03,E003,Portable Charger 20K,Electronics,PowerMax,12,34.99,38.99,43,1676.57,1160.57,69.22,34.78,119,0,4,4,Easter,0.0143,-2.5,40.220000000000006,1.1143183766790512,1.121046578493387,39.0,38.0,54.43333333333333,2.0,0.10824289661490934,3.7612001156935624
2026-04-04,E003,Portable Charger 20K,Electronics,PowerMax,12,34.99,38.42,52,1997.84,1373.84,68.77,34.16,106,1,5,4,Easter,0.0214,-2.5,40.01142857142857,1.0980280080022864,1.1247072599531618,43.0,39.714285714285715,54.86666666666667,2.0,0.09351585096081395,3.9512437185814275
2026-04-05,E003,Portable Charger 20K,Electronics,PowerMax,12,34.99,37.63,48,1806.24,1230.24,68.11,33.46,95,1,6,4,Easter,0.0286,-2.5,39.80428571428571,1.0754501286081737,1.1246264196054991,52.0,40.42857142857143,55.333333333333336,2.0,0.07273929822574915,3.871201010907891
2026-04-06,E003,Portable Charger 20K,Electronics,PowerMax,12,34.99,36.07,45,1623.15,1083.15,66.73,30.18,91,0,0,4,Easter,0.0357,-2.5,39.05714285714286,1.0308659617033438,1.1951623591782639,48.0,42.42857142857143,55.233333333333334,2.0,0.030399188535850923,3.8066624897703196
2026-04-07,E003,Portable Charger 20K,Electronics,PowerMax,12,34.99,36.04,49,1765.96,1177.96,66.7,33.78,109,0,1,4,Easter,0.0429,-2.5,38.244285714285716,1.030008573878251,1.0669034931912373,45.0,44.714285714285715,55.13333333333333,2.0,0.02956712636054053,3.8918202981106265
2026-04-08,E003,Portable Charger 20K,Electronics,PowerMax,12,34.99,36.02,48,1728.96,1152.96,66.69,39.66,103,0,2,4,Easter,0.05,-2.5,37.605714285714285,1.0294369819948557,0.9082198688855271,49.0,46.285714285714285,55.233333333333334,2.0,0.02901203336821336,3.871201010907891
2026-04-09,E003,Portable Charger 20K,Electronics,PowerMax,12,34.99,32.72,64,2094.08,1326.08,63.33,40.15,61,0,3,4,Easter,0.0571,-2.5,36.55571428571429,0.9351243212346384,0.8149439601494396,48.0,49.857142857142854,55.63333333333333,1.0,-0.06707579464505042,4.1588830833596715
2026-04-10,E003,Portable Charger 20K,Electronics,PowerMax,12,34.99,33.03,64,2113.92,1345.92,63.67,36.12,73,0,4,4,Easter,0.0643,-2.5,35.70428571428572,0.943983995427265,0.914451827242525,64.0,52.857142857142854,55.7,1.0,-0.057646066976898336,4.1588830833596715
2026-04-11,E003,Portable Charger 20K,Electronics,PowerMax,12,34.99,31.24,78,2436.72,1500.72,61.59,32.06,31,1,5,4,Easter,0.0714,-2.5,34.67857142857143,0.8928265218633894,0.9744229569557079,64.0,56.57142857142857,56.1,1.0,-0.1133629814081116,4.356708826689592
2026-04-12,E003,Portable Charger 20K,Electronics,PowerMax,12,34.99,30.42,98,2981.16,1805.16,60.55,30.35,23,1,6,4,Easter,0.1,-2.5,33.64857142857143,0.8693912546441841,1.0023064250411862,78.0,63.714285714285715,57.333333333333336,1.0,-0.1399620195484498,4.584967478670572
2026-04-13,E003,Portable Charger 20K,Electronics,PowerMax,12,34.99,31.94,66,2108.04,1316.04,62.43,37.05,54,0,0,4,Easter,0.1,-2.5,33.058571428571426,0.9128322377822234,0.8620782726045885,98.0,66.71428571428571,57.0,1.0,-0.09120316359273034,4.189654742026425
2026-04-14,E003,Portable Charger 20K,Electronics,PowerMax,12,34.99,29.42,89,2618.38,1550.38,59.21,32.09,23,0,1,4,Easter,0.1,-2.5,32.112857142857145,0.8408116604744212,0.916796509816142,66.0,72.42857142857143,56.63333333333333,1.0,-0.17338759120630523,4.48863636973214
2026-04-15,E003,Portable Charger 20K,Electronics,PowerMax,12,34.99,31.39,83,2605.37,1609.37,61.77,30.7,49,0,2,4,Easter,0.1,-2.5,31.451428571428572,0.8971134609888539,1.0224755700325734,89.0,77.42857142857143,56.96666666666667,1.0,-0.10857293552573452,4.418840607796598
2026-04-16,E003,Portable Charger 20K,Electronics,PowerMax,12,34.99,29.13,84,2446.92,1438.92,58.81,39.07,50,0,3,4,Easter,0.1,-2.5,30.93857142857143,0.83252357816519,0.7455848477092398,83.0,80.28571428571429,57.1,1.0,-0.18329373540825353,4.430816798843313
2026-04-17,E003,Portable Charger 20K,Electronics,PowerMax,12,34.99,30.3,81,2454.3,1482.3,60.4,36.62,40,0,4,4,Easter,0.1,-2.5,30.548571428571428,0.8659617033438125,0.8274167121791371,84.0,82.71428571428571,57.7,1.0,-0.14391459386427322,4.394449154672439
2026-04-18,E003,Portable Charger 20K,Electronics,PowerMax,12,34.99,30.26,85,2572.1,1552.1,60.34,33.65,20,1,5,4,Easter,0.1,-2.5,30.40857142857143,0.864818519577022,0.8992570579494801,81.0,83.71428571428571,57.833333333333336,0.0,-0.14523559801938674,4.442651256490317
2026-04-19,E003,Portable Charger 20K,Electronics,PowerMax,12,34.99,31.05,95,2949.75,1809.75,61.35,30.59,5,1,6,4,Easter,0.0714,-2.5,30.49857142857143,0.8873963989711345,1.0150375939849625,85.0,83.28571428571429,59.0,0.0,-0.11946349800010897,4.553876891600541
2026-04-20,E003,Portable Charger 20K,Electronics,PowerMax,12,34.99,31.36,71,2226.56,1374.56,61.73,38.68,58,0,0,4,Easter,0.0643,-2.5,30.415714285714284,0.896256073163761,0.8107549120992761,95.0,84.0,59.36666666666667,1.0,-0.10952911089738965,4.2626798770413155
2026-04-21,E003,Portable Charger 20K,Electronics,PowerMax,12,34.99,35.51,49,1739.99,1151.99,66.21,38.4,96,0,1,4,Easter,0.0571,-2.5,31.285714285714285,1.0148613889682765,0.9247395833333333,71.0,78.28571428571429,58.63333333333333,2.0,0.01475204057539971,3.8918202981106265
2026-04-22,E003,Portable Charger 20K,Electronics,PowerMax,12,34.99,34.61,62,2145.82,1401.82,65.33,32.54,91,0,2,4,Easter,0.05,-2.5,31.745714285714286,0.98913975421549,1.0636140135218193,49.0,75.28571428571429,58.86666666666667,2.0,-0.010919648732343863,4.127134385045092
2026-04-23,E003,Portable Charger 20K,Electronics,PowerMax,12,34.99,35.61,54,1922.94,1274.94,66.3,38.67,107,0,3,4,Easter,0.0429,-2.5,32.67142857142857,1.017719348385253,0.9208688906128781,62.0,71.0,59.03333333333333,2.0,0.01756419091008968,3.9889840465642745
2026-04-24,E003,Portable Charger 20K,Electronics,PowerMax,12,34.99,36.94,47,1736.18,1172.18,67.51,37.06,113,0,4,4,Easter,0.0357,-2.5,33.62,1.0557302086310374,0.9967620075553156,54.0,66.14285714285714,59.06666666666667,2.0,0.0542326683914972,3.8501476017100584
2026-04-25,E003,Portable Charger 20K,Electronics,PowerMax,12,34.99,38.58,49,1890.42,1302.42,68.9,31.41,117,1,5,4,Easter,0.0286,-2.5,34.808571428571426,1.1026007430694482,1.2282712511938871,47.0,61.0,59.0,2.0,0.09767170109798619,3.8918202981106265
2026-04-26,E003,Portable Charger 20K,Electronics,PowerMax,12,34.99,37.9,49,1857.1,1269.1,68.34,33.26,112,1,6,4,Easter,0.0214,-2.5,35.787142857142854,1.0831666190340097,1.1395069152134696,49.0,54.42857142857143,59.2,2.0,0.07988880570878397,3.8918202981106265
2026-04-27,E003,Portable Charger 20K,Electronics,PowerMax,12,34.99,39.28,37,1453.36,1009.36,69.45,38.48,126,0,0,4,Easter,0.0143,-2.5,36.91857142857143,1.1226064589882823,1.020790020790021,49.0,49.57142857142857,59.1,2.0,0.11565317710666839,3.6109179126442243
2026-04-28,E003,Portable Charger 20K,Electronics,PowerMax,12,34.99,39.74,37,1470.38,1026.38,69.8,36.37,116,0,1,4,Easter,0.0071,-2.5,37.52285714285715,1.1357530723063733,1.0926587847126754,37.0,47.857142857142854,58.9,2.0,0.12729593074407422,3.6109179126442243
2026-04-29,E003,Portable Charger 20K,Electronics,PowerMax,12,34.99,40.66,41,1667.06,1175.06,70.49,37.93,102,0,2,4,Mothers Day,0.0129,-2.5,38.387142857142855,1.1620462989425548,1.071974690218824,37.0,44.857142857142854,59.233333333333334,2.0,0.15018250182060378,3.713572066704308
