backend/data/features.csv
date,product_id,product_name,category,brand,cost,base_price,price,demand,revenue,profit,margin,competitor_price,stock,is_weekend,day_of_week,month,holiday_name,holiday_boost,elasticity,price_lag_7d,price_to_base,price_to_competitor,demand_lag_1d,demand_lag_7d,demand_lag_30d,stock_level,log_price_ratio,log_demand
2026-04-30,E003,Portable Charger 20K,Electronics,PowerMax,12,34.99,40.47,40,1618.8,1138.8,70.35,39.85,114,0,3,4,Mothers Day,0.0257,-2.5,39.08142857142857,1.1566161760503,1.0155583437892095,41.0,42.857142857142854,59.46666666666667,2.0,0.14549865250817745,3.6888794541139363
2026-05-01,E003,Portable Charger 20K,Electronics,PowerMax,12,34.99,40.85,36,1470.6,1038.6,70.62,30.82,145,0,4,5,Mothers Day,0.0386,-2.5,39.63999999999999,1.16747642183481,1.3254380272550292,40.0,41.285714285714285,59.43333333333333,2.0,0.1548445149264152,3.58351893845611
2026-05-02,E003,Portable Charger 20K,Electronics,PowerMax,12,34.99,39.51,45,1777.95,1237.95,69.63,32.9,118,1,5,5,Mothers Day,0.0514,-2.5,39.77285714285714,1.1291797656473277,1.2009118541033434,36.0,40.714285714285715,59.63333333333333,2.0,0.1214914980437026,3.8066624897703196
2026-05-03,E003,Portable Charger 20K,Electronics,PowerMax,12,34.99,39.67,42,1666.14,1162.14,69.75,33.37,121,1,6,5,Mothers Day,0.0643,-2.5,40.02571428571429,1.1337525007144897,1.1887923284387176,45.0,39.714285714285715,59.6,2.0,0.12553292814664202,3.7376696182833684
2026-05-04,E003,Portable Charger 20K,Electronics,PowerMax,12,34.99,38.3,44,1685.2,1157.2,68.67,37.7,93,0,0,5,Mothers Day,0.0771,-2.5,39.885714285714286,1.0945984567019147,1.015915119363395,42.0,40.714285714285715,59.333333333333336,2.0,0.09038758980700352,3.784189633918261
2026-05-05,E003,Portable Charger 20K,Electronics,PowerMax,12,34.99,39.72,39,1549.08,1081.08,69.79,36.91,120,0,1,5,Mothers Day,0.09,-2.5,39.882857142857134,1.1351814804229778,1.0761311297751288,44.0,41.0,59.03333333333333,2.0,0.12679253279737504,3.6635616461296463
2026-05-06,E003,Portable Charger 20K,Electronics,PowerMax,12,34.99,35.6,44,1566.4,1038.4,66.29,31.46,124,0,2,5,Mothers Day,0.1029,-2.5,39.160000000000004,1.0174335524435554,1.1315956770502225,39.0,41.42857142857143,59.0,2.0,0.01728333147838819,3.784189633918261
2026-05-07,E003,Portable Charger 20K,Electronics,PowerMax,12,34.99,35.01,59,2065.59,1357.59,65.72,30.61,89,0,3,5,Mothers Day,0.1157,-2.5,38.379999999999995,1.000571591883395,1.1437438745508004,44.0,44.142857142857146,59.333333333333336,2.0,0.000571428586977455,4.07753744390572
2026-05-08,E003,Portable Charger 20K,Electronics,PowerMax,12,34.99,33.65,67,2254.55,1450.55,64.34,39.72,52,0,4,5,Mothers Day,0.1286,-2.5,37.35142857142857,0.9617033438125178,0.8471802618328298,59.0,48.57142857142857,59.96666666666667,1.0,-0.03904925028885995,4.204692619390966
2026-02-07,E004,Bluetooth Speaker,Electronics,SoundCore,22,59.99,61.16,55,3363.8,2153.8,64.03,58.55,96,1,5,2,Valentines Day,0.1,-1.9,61.16,1.019503250541757,1.0445772843723313,55.0,55.0,55.0,2.0,0.01931549939585981,4.007333185232471
2026-02-08,E004,Bluetooth Speaker,Electronics,SoundCore,22,59.99,55.37,64,3543.68,2135.68,60.27,68.7,68,1,6,2,Valentines Day,0.1143,-1.9,58.265,0.9229871645274211,0.8059679767103347,55.0,59.5,59.5,1.0,-0.08013995083012602,4.1588830833596715
2026-02-09,E004,Bluetooth Speaker,Electronics,SoundCore,22,59.99,55.9,60,3354.0,2034.0,60.64,54.83,61,0,0,2,Valentines Day,0.1286,-1.9,57.47666666666667,0.931821970328388,1.0195148641254788,64.0,59.666666666666664,59.666666666666664,1.0,-0.07061350150394834,4.0943445622221
2026-02-10,E004,Bluetooth Speaker,Electronics,SoundCore,22,59.99,52.45,74,3881.3,2253.3,58.06,66.55,51,0,1,2,Valentines Day,0.1429,-1.9,56.22,0.8743123853975663,0.7881292261457552,60.0,63.25,63.25,1.0,-0.13431754682269553,4.30406509320417
2026-02-11,E004,Bluetooth Speaker,Electronics,SoundCore,22,59.99,53.92,69,3720.48,2202.48,59.2,64.87,76,0,2,2,Valentines Day,0.2,-1.9,55.760000000000005,0.8988164694115686,0.8312008632649915,74.0,64.4,64.4,1.0,-0.10667641506095017,4.23410650459726
2026-02-12,E004,Bluetooth Speaker,Electronics,SoundCore,22,59.99,53.35,75,4001.25,2351.25,58.76,53.35,31,0,3,2,Valentines Day,0.2,-1.9,55.35833333333333,0.8893148858143024,1.0,69.0,66.16666666666667,66.16666666666667,1.0,-0.11730390391723933,4.31748811353631
2026-02-13,E004,Bluetooth Speaker,Electronics,SoundCore,22,59.99,51.79,76,3936.04,2264.04,57.52,65.33,47,0,4,2,Valentines Day,0.2,-1.9,54.848571428571425,0.8633105517586264,0.7927445277820298,75.0,67.57142857142857,67.57142857142857,1.0,-0.1469808012292017,4.330733340286331
2026-02-14,E004,Bluetooth Speaker,Electronics,SoundCore,22,59.99,49.82,102,5081.64,2837.64,55.84,54.6,5,1,5,2,Valentines Day,0.2,-1.9,53.22857142857142,0.8304717452908817,0.9124542124542124,76.0,74.28571428571429,71.875,0.0,-0.18576137183096744,4.624972813284271
2026-02-15,E004,Bluetooth Speaker,Electronics,SoundCore,22,59.99,51.27,79,4050.33,2312.33,57.09,55.83,54,1,6,2,Valentines Day,0.2,-1.9,52.642857142857146,0.8546424404067344,0.9183234819989254,102.0,76.42857142857143,72.66666666666667,1.0,-0.15707209586939255,4.3694478524670215
2026-02-16,E004,Bluetooth Speaker,Electronics,SoundCore,22,59.99,50.63,64,3240.32,1832.32,56.55,51.2,55,0,0,2,Valentines Day,0.2,-1.9,51.89,0.8439739956659443,0.9888671875,79.0,77.0,71.8,1.0,-0.16963359568318392,4.1588830833596715
2026-02-17,E004,Bluetooth Speaker,Electronics,SoundCore,22,59.99,51.38,59,3031.42,1733.42,57.18,61.79,74,0,1,2,Valentines Day,0.2,-1.9,51.737142857142864,0.8564760793465578,0.8315261369153585,64.0,74.85714285714286,70.63636363636364,1.0,-0.15492888998326418,4.07753744390572
2026-02-18,E004,Bluetooth Speaker,Electronics,SoundCore,22,59.99,54.72,64,3502.08,2094.08,59.8,65.03,54,0,2,2,Valentines Day,0.1429,-1.9,51.85142857142857,0.9121520253375562,0.8414577887129017,59.0,74.14285714285714,70.08333333333333,1.0,-0.09194860835070673,4.1588830833596715
2026-02-19,E004,Bluetooth Speaker,Electronics,SoundCore,22,59.99,52.96,64,3389.44,1981.44,58.46,55.35,91,0,3,2,Valentines Day,0.1286,-1.9,51.79571428571429,0.8828138023003834,0.9568202348690154,64.0,72.57142857142857,69.61538461538461,2.0,-0.12464097003624892,4.1588830833596715
2026-02-20,E004,Bluetooth Speaker,Electronics,SoundCore,22,59.99,56.32,52,2928.64,1784.64,60.94,62.12,104,0,4,2,Valentines Day,0.1143,-1.9,52.44285714285714,0.9388231371895316,0.9066323245331617,64.0,69.14285714285714,68.35714285714286,2.0,-0.06312816981521477,3.9512437185814275
2026-02-21,E004,Bluetooth Speaker,Electronics,SoundCore,22,59.99,57.72,62,3578.64,2214.64,61.88,56.87,77,1,5,2,Valentines Day,0.1,-1.9,53.57142857142857,0.9621603600600099,1.0149463689115528,52.0,63.42857142857143,67.93333333333334,1.0,-0.03857414775933168,4.127134385045092
2026-02-22,E004,Bluetooth Speaker,Electronics,SoundCore,22,59.99,59.55,54,3215.7,2027.7,63.06,51.59,75,1,6,2,Valentines Day,0.0857,-1.9,54.75428571428572,0.9926654442407067,1.1542934677263035,62.0,59.857142857142854,67.0625,1.0,-0.007361585863692716,3.9889840465642745
2026-02-23,E004,Bluetooth Speaker,Electronics,SoundCore,22,59.99,60.06,47,2822.82,1788.82,63.37,61.21,114,0,0,2,Valentines Day,0.0714,-1.9,56.10142857142857,1.0011668611435238,0.9812122202254534,54.0,57.42857142857143,65.88235294117646,2.0,0.001166180890182394,3.8501476017100584
2026-02-24,E004,Bluetooth Speaker,Electronics,SoundCore,22,59.99,62.62,46,2880.52,1868.52,64.87,54.01,92,0,1,2,Valentines Day,0.0571,-1.9,57.707142857142856,1.0438406401066844,1.1594149231623774,47.0,55.57142857142857,64.77777777777777,2.0,0.04290683423325789,3.828641396489095
2026-02-25,E004,Bluetooth Speaker,Electronics,SoundCore,22,59.99,67.8,40,2712.0,1832.0,67.55,51.56,137,0,2,2,Valentines Day,0.0429,-1.9,59.575714285714284,1.1301883647274544,1.3149728471683475,46.0,52.142857142857146,63.473684210526315,2.0,0.12238431328134804,3.6888794541139363
2026-02-26,E004,Bluetooth Speaker,Electronics,SoundCore,22,59.99,66.78,36,2404.08,1612.08,67.06,63.75,143,0,3,2,Valentines Day,0.0286,-1.9,61.55,1.1131855309218204,1.0475294117647058,40.0,48.142857142857146,62.1,2.0,0.1072257528505068,3.58351893845611
2026-02-27,E004,Bluetooth Speaker,Electronics,SoundCore,22,59.99,69.39,37,2567.43,1753.43,68.3,57.1,139,0,4,2,Valentines Day,0.0143,-1.9,63.41714285714285,1.156692782130355,1.2152364273204903,36.0,46.0,60.904761904761905,2.0,0.14556488324645572,3.6109179126442243
2026-02-28,E004,Bluetooth Speaker,Electronics,SoundCore,22,59.99,70.92,38,2694.96,1858.96,68.98,59.13,130,1,5,2,Valentines Day,0.0,-1.9,65.30285714285715,1.1821970328388065,1.1993911719939117,37.0,42.57142857142857,59.86363636363637,2.0,0.16737459954100545,3.6375861597263857
2026-03-01,E004,Bluetooth Speaker,Electronics,SoundCore,22,59.99,72.06,37,2666.22,1852.22,69.47,52.46,108,1,6,3,Valentines Day,0.0,-1.9,67.09,1.2012002000333388,1.3736179946626002,38.0,40.142857142857146,58.869565217391305,2.0,0.1833212236549454,3.6109179126442243
2026-03-02,E004,Bluetooth Speaker,Electronics,SoundCore,22,59.99,67.77,34,2304.18,1556.18,67.54,66.68,121,0,0,3,Valentines Day,0.0,-1.9,68.19142857142857,1.12968828138023,1.0163467306538692,37.0,38.285714285714285,57.833333333333336,2.0,0.12194173748301985,3.5263605246161616
2026-03-03,E004,Bluetooth Speaker,Electronics,SoundCore,22,59.99,69.49,33,2293.17,1567.17,68.34,62.85,134,0,1,3,Valentines Day,0.0,-1.9,69.17285714285714,1.1583597266211034,1.1056483691328558,34.0,36.42857142857143,56.84,2.0,0.1470049756612342,3.4965075614664802
2026-03-04,E004,Bluetooth Speaker,Electronics,SoundCore,22,59.99,70.89,34,2410.26,1662.26,68.97,55.1,152,0,2,3,Valentines Day,0.0,-1.9,69.61428571428571,1.1816969494915819,1.2865698729582578,33.0,35.57142857142857,55.96153846153846,2.0,0.1669514982019244,3.5263605246161616
2026-03-05,E004,Bluetooth Speaker,Electronics,SoundCore,22,59.99,66.75,37,2469.75,1655.75,67.04,54.58,133,0,3,3,Valentines Day,0.0,-1.9,69.61,1.1126854475745958,1.2229754488823745,34.0,35.714285714285715,55.25925925925926,2.0,0.10677641561535717,3.6109179126442243
2026-03-06,E004,Bluetooth Speaker,Electronics,SoundCore,22,59.99,64.82,34,2203.88,1455.88,66.06,66.62,141,0,4,3,Valentines Day,0.0,-1.9,68.95714285714286,1.0805134189031504,0.9729810867607324,37.0,35.285714285714285,54.5,2.0,0.07743631604839953,3.5263605246161616
2026-03-07,E004,Bluetooth Speaker,Electronics,SoundCore,22,59.99,62.78,54,3390.12,2202.12,64.96,57.22,87,1,5,3,Valentines Day,0.0,-1.9,67.79428571428572,1.046507751291882,1.0971688220901783,34.0,37.57142857142857,54.48275862068966,2.0,0.045458669748805684,3.9889840465642745
2026-03-08,E004,Bluetooth Speaker,Electronics,SoundCore,22,59.99,62.26,52,3237.52,2093.52,64.66,58.89,105,1,6,3,Valentines Day,0.0,-1.9,66.39428571428572,1.0378396399399898,1.0572253353710306,54.0,39.714285714285715,54.4,2.0,0.03714128334846024,3.9512437185814275
2026-03-09,E004,Bluetooth Speaker,Electronics,SoundCore,22,59.99,61.93,42,2601.06,1677.06,64.48,67.2,113,0,0,3,Valentines Day,0.0,-1.9,65.56,1.03233872312052,0.921577380952381,52.0,40.857142857142854,53.96666666666667,2.0,0.031826833284967854,3.7376696182833684
2026-03-10,E004,Bluetooth Speaker,Electronics,SoundCore,22,59.99,59.29,40,2371.6,1491.6,62.89,67.41,108,0,1,3,Valentines Day,0.0,-1.9,64.10285714285713,0.9883313885647608,0.8795430944963656,42.0,41.857142857142854,53.166666666666664,2.0,-0.01173722394572542,3.6888794541139363
2026-03-11,E004,Bluetooth Speaker,Electronics,SoundCore,22,59.99,58.99,52,3067.48,1923.48,62.71,64.19,81,0,2,3,Valentines Day,0.0,-1.9,62.402857142857144,0.9833305550925154,0.9189904969621437,40.0,44.42857142857143,52.9,2.0,-0.016809943650017808,3.9512437185814275
2026-03-12,E004,Bluetooth Speaker,Electronics,SoundCore,22,59.99,55.59,53,2946.27,1780.27,60.42,54.23,84,0,3,3,Valentines Day,0.0,-1.9,60.80857142857143,0.9266544424070678,1.0250783699059562,52.0,46.714285714285715,52.2,2.0,-0.07617455269962362,3.970291913552122
2026-03-13,E004,Bluetooth Speaker,Electronics,SoundCore,22,59.99,53.26,62,3302.12,1938.12,58.69,55.44,91,0,4,3,Valentines Day,0.0,-1.9,59.15714285714286,0.8878146357726288,0.9606782106782107,53.0,50.714285714285715,51.96666666666667,2.0,-0.11899230127921558,4.127134385045092
2026-03-14,E004,Bluetooth Speaker,Electronics,SoundCore,22,59.99,53.59,50,2679.5,1579.5,58.95,57.46,104,1,5,3,Valentines Day,0.0,-1.9,57.84428571428571,0.8933155525920987,0.9326487991646363,62.0,50.142857142857146,51.13333333333333,2.0,-0.1128153981582428,3.912023005428146
2026-03-15,E004,Bluetooth Speaker,Electronics,SoundCore,22,59.99,50.78,65,3300.7,1870.7,56.68,68.44,60,1,6,3,Valentines Day,0.0,-1.9,56.20428571428572,0.846474412402067,0.7419637638807716,50.0,52.0,50.766666666666666,1.0,-0.16667530538846936,4.174387269895637
2026-03-16,E004,Bluetooth Speaker,Electronics,SoundCore,22,59.99,48.71,73,3555.83,1949.83,54.83,64.91,39,0,0,3,Valentines Day,0.0,-1.9,54.315714285714286,0.8119686614435739,0.7504236635341243,65.0,56.42857142857143,49.8,1.0,-0.20829353384655042,4.290459441148391
2026-03-17,E004,Bluetooth Speaker,Electronics,SoundCore,22,59.99,50.96,64,3261.44,1853.44,56.83,55.24,55,0,1,3,Easter,0.0,-1.9,53.125714285714295,0.8494749124854142,0.9225199131064445,73.0,59.857142857142854,49.3,1.0,-0.1631368704010939,4.1588830833596715
2026-03-18,E004,Bluetooth Speaker,Electronics,SoundCore,22,59.99,51.57,54,2784.78,1596.78,57.34,57.06,105,0,2,3,Easter,0.0,-1.9,52.06571428571429,0.8596432738789798,0.9037854889589905,64.0,60.142857142857146,48.96666666666667,2.0,-0.15123777360213422,3.9889840465642745
2026-03-19,E004,Bluetooth Speaker,Electronics,SoundCore,22,59.99,49.4,63,3112.2,1726.2,55.47,62.1,82,0,3,3,Easter,0.0,-1.9,51.18142857142857,0.8234705784297383,0.7954911433172303,54.0,61.57142857142857,49.1,2.0,-0.19422745747112494,4.143134726391533
2026-03-20,E004,Bluetooth Speaker,Electronics,SoundCore,22,59.99,52.68,56,2950.08,1718.08,58.24,51.65,97,0,4,3,Easter,0.0,-1.9,51.098571428571425,0.8781463577262877,1.0199419167473378,63.0,60.714285714285715,48.833333333333336,2.0,-0.12994200478992146,4.02535169073515
2026-03-21,E004,Bluetooth Speaker,Electronics,SoundCore,22,59.99,54.12,74,4004.88,2376.88,59.35,66.18,64,1,5,3,Easter,0.0,-1.9,51.174285714285716,0.9021503583930655,0.8177697189483226,56.0,64.14285714285714,49.166666666666664,1.0,-0.1029740783624145,4.30406509320417
2026-03-22,E004,Bluetooth Speaker,Electronics,SoundCore,22,59.99,58.18,56,3258.08,2026.08,62.19,54.7,72,1,6,3,Easter,0.0,-1.9,52.23142857142857,0.9698283047174528,1.063619744058501,74.0,62.857142857142854,49.3,1.0,-0.030636228597946215,4.02535169073515
2026-03-23,E004,Bluetooth Speaker,Electronics,SoundCore,22,59.99,57.99,48,2783.52,1727.52,62.06,60.55,121,0,0,3,Easter,0.0,-1.9,53.557142857142864,0.9666611101850309,0.9577208918249381,56.0,59.285714285714285,48.833333333333336,2.0,-0.03390729977665247,3.871201010907891
2026-03-24,E004,Bluetooth Speaker,Electronics,SoundCore,22,59.99,61.31,43,2636.33,1690.33,64.12,56.68,114,0,1,3,Easter,0.0,-1.9,55.035714285714285,1.0220036672778796,1.0816866619618914,48.0,56.285714285714285,48.46666666666667,2.0,0.021765080109594805,3.7612001156935624
2026-03-25,E004,Bluetooth Speaker,Electronics,SoundCore,22,59.99,63.51,42,2667.42,1743.42,65.36,59.18,117,0,2,3,Easter,0.0,-1.9,56.74142857142857,1.0586764460743456,1.0731666103413315,43.0,54.57142857142857,48.3,2.0,0.05701949214988167,3.7376696182833684
2026-03-26,E004,Bluetooth Speaker,Electronics,SoundCore,22,59.99,67.41,36,2426.76,1634.76,67.36,53.5,109,0,3,3,Easter,0.0,-1.9,59.31428571428571,1.1236872812135354,1.26,42.0,50.714285714285715,47.96666666666667,2.0,0.11661549320034564,3.58351893845611
2026-03-27,E004,Bluetooth Speaker,Electronics,SoundCore,22,59.99,67.27,33,2219.91,1493.91,67.3,54.62,141,0,4,3,Easter,0.0,-1.9,61.39857142857142,1.1213535589264876,1.2316001464664958,36.0,47.42857142857143,47.733333333333334,2.0,0.11453649037251255,3.4965075614664802
2026-03-28,E004,Bluetooth Speaker,Electronics,SoundCore,22,59.99,65.55,51,3343.05,2221.05,66.44,66.62,85,1,5,3,Easter,0.0,-1.9,63.03142857142857,1.0926821136856142,0.9839387571299909,33.0,44.142857142857146,48.233333333333334,2.0,0.08863532854470704,3.9318256327243257
2026-03-29,E004,Bluetooth Speaker,Electronics,SoundCore,22,59.99,69.35,41,2843.35,1941.35,68.28,67.99,125,1,6,3,Easter,0.0,-1.9,64.62714285714286,1.1560260043340556,1.0200029416090601,51.0,42.0,48.36666666666667,2.0,0.14498826509583876,3.713572066704308
2026-03-30,E004,Bluetooth Speaker,Electronics,SoundCore,22,59.99,72.87,31,2258.97,1576.97,69.81,66.63,141,0,0,3,Easter,0.0,-1.9,66.75285714285714,1.2147024504084014,1.0936515083295815,41.0,39.57142857142857,48.13333333333333,2.0,0.1944991500171891,3.4339872044851463
2026-03-31,E004,Bluetooth Speaker,Electronics,SoundCore,22,59.99,70.93,36,2553.48,1761.48,68.98,54.87,134,0,1,3,Easter,0.0,-1.9,68.12714285714286,1.1823637272878813,1.2926918170220523,31.0,38.57142857142857,48.1,2.0,0.16751559354899365,3.58351893845611
2026-04-01,E004,Bluetooth Speaker,Electronics,SoundCore,22,59.99,71.88,29,2084.52,1446.52,69.39,52.91,148,0,2,4,Easter,0.0,-1.9,69.32285714285715,1.1981996999499915,1.3585333585333585,36.0,36.714285714285715,47.93333333333333,2.0,0.18082018025035645,3.367295829986474
2026-04-02,E004,Bluetooth Speaker,Electronics,SoundCore,22,59.99,68.43,36,2463.48,1671.48,67.85,66.66,139,0,3,4,Easter,0.0071,-1.9,69.46857142857144,1.14069011501917,1.0265526552655266,29.0,36.714285714285715,48.03333333333333,2.0,0.1316334432994047,3.58351893845611
2026-04-03,E004,Bluetooth Speaker,Electronics,SoundCore,22,59.99,70.69,35,2474.15,1704.15,68.88,66.8,126,0,4,4,Easter,0.0143,-1.9,69.95714285714286,1.178363060510085,1.0582335329341317,36.0,37.0,48.06666666666667,2.0,0.16412623851786093,3.5553480614894135
2026-04-04,E004,Bluetooth Speaker,Electronics,SoundCore,22,59.99,68.82,37,2546.34,1732.34,68.03,65.53,136,1,5,4,Easter,0.0214,-1.9,70.42428571428572,1.1471911985330887,1.0502060125133525,35.0,35.0,48.06666666666667,2.0,0.13731651870433248,3.6109179126442243
