backend/data/features.csv
date,product_id,product_name,category,brand,cost,base_price,price,demand,revenue,profit,margin,competitor_price,stock,is_weekend,day_of_week,month,holiday_name,holiday_boost,elasticity,price_lag_7d,price_to_base,price_to_competitor,demand_lag_1d,demand_lag_7d,demand_lag_30d,stock_level,log_price_ratio,log_demand
2026-03-11,E005,USB-C Hub 7-in-1,Electronics,ConnectPro,15,39.99,40.14,40,1605.6,1005.6,62.63,41.9,136,0,2,3,Valentines Day,0.0,-1.6,41.394285714285715,1.0037509377344336,0.9579952267303103,42.0,41.285714285714285,49.6,2.0,0.003743920509465061,3.6888794541139363
2026-03-12,E005,USB-C Hub 7-in-1,Electronics,ConnectPro,15,39.99,38.03,52,1977.56,1197.56,60.56,34.79,97,0,3,3,Valentines Day,0.0,-1.6,40.480000000000004,0.9509877469367342,1.0931302098304112,40.0,43.285714285714285,49.36666666666667,2.0,-0.05025410091855873,3.9512437185814275
2026-03-13,E005,USB-C Hub 7-in-1,Electronics,ConnectPro,15,39.99,36.08,48,1731.84,1011.84,58.43,40.14,111,0,4,3,Valentines Day,0.0,-1.6,39.212857142857146,0.9022255563890972,0.8988540109616342,52.0,45.142857142857146,49.03333333333333,2.0,-0.10289072766430418,3.871201010907891
2026-03-14,E005,USB-C Hub 7-in-1,Electronics,ConnectPro,15,39.99,34.36,64,2199.04,1239.04,56.34,34.85,52,1,5,3,Valentines Day,0.0,-1.6,38.135714285714286,0.8592148037009252,0.9859397417503586,48.0,48.285714285714285,48.7,1.0,-0.15173632574267243,4.1588830833596715
2026-03-15,E005,USB-C Hub 7-in-1,Electronics,ConnectPro,15,39.99,32.67,63,2058.21,1113.21,54.09,38.19,85,1,6,3,Valentines Day,0.0,-1.6,37.14714285714285,0.8169542385596399,0.8554595443833465,64.0,51.0,48.233333333333334,2.0,-0.20217219724574823,4.143134726391533
2026-03-16,E005,USB-C Hub 7-in-1,Electronics,ConnectPro,15,39.99,32.77,61,1998.97,1083.97,54.23,36.08,62,0,0,3,Valentines Day,0.0,-1.6,36.230000000000004,0.819454863715929,0.9082594235033261,63.0,52.857142857142854,47.733333333333334,1.0,-0.19911596014800373,4.110873864173311
2026-03-17,E005,USB-C Hub 7-in-1,Electronics,ConnectPro,15,39.99,35.45,55,1949.75,1124.75,57.69,37.17,71,0,1,3,Easter,0.0,-1.6,35.642857142857146,0.8864716179044762,0.9537261232176487,61.0,54.714285714285715,47.0,1.0,-0.12050616988059046,4.007333185232471
2026-03-18,E005,USB-C Hub 7-in-1,Electronics,ConnectPro,15,39.99,35.48,49,1738.52,1003.52,57.72,41.49,97,0,2,3,Easter,0.0,-1.6,34.97714285714286,0.8872218054513628,0.8551458182694625,55.0,56.0,46.56666666666667,2.0,-0.11966026541734835,3.8918202981106265
2026-03-19,E005,USB-C Hub 7-in-1,Electronics,ConnectPro,15,39.99,34.41,53,1823.73,1028.73,56.41,41.37,105,0,3,3,Easter,0.0,-1.6,34.459999999999994,0.8604651162790696,0.8317621464829587,49.0,56.142857142857146,46.2,2.0,-0.15028220304933815,3.970291913552122
2026-03-20,E005,USB-C Hub 7-in-1,Electronics,ConnectPro,15,39.99,36.08,59,2128.72,1243.72,58.43,34.49,101,0,4,3,Easter,0.0,-1.6,34.46,0.9022255563890972,1.046100318933024,53.0,57.714285714285715,46.06666666666667,2.0,-0.10289072766430418,4.07753744390572
2026-03-21,E005,USB-C Hub 7-in-1,Electronics,ConnectPro,15,39.99,35.69,63,2248.47,1303.47,57.97,45.75,78,1,5,3,Easter,0.0,-1.6,34.65,0.8924731182795698,0.7801092896174863,59.0,57.57142857142857,46.5,1.0,-0.11375888535665815,4.143134726391533
2026-03-22,E005,USB-C Hub 7-in-1,Electronics,ConnectPro,15,39.99,39.38,52,2047.76,1267.76,61.91,43.73,102,1,6,3,Easter,0.0,-1.6,35.60857142857143,0.9847461865466367,0.9005259547221588,63.0,56.0,46.43333333333333,2.0,-0.015371349647747466,3.9512437185814275
2026-03-23,E005,USB-C Hub 7-in-1,Electronics,ConnectPro,15,39.99,38.31,43,1647.33,1002.33,60.85,45.13,103,0,0,3,Easter,0.0,-1.6,36.4,0.9579894973743436,0.8488810104143585,52.0,53.42857142857143,45.9,2.0,-0.042918464146169386,3.7612001156935624
2026-03-24,E005,USB-C Hub 7-in-1,Electronics,ConnectPro,15,39.99,38.74,38,1472.12,902.12,61.28,39.26,129,0,1,3,Easter,0.0,-1.6,36.870000000000005,0.9687421855463866,0.9867549668874174,43.0,51.0,45.666666666666664,2.0,-0.03175676487987719,3.6375861597263857
2026-03-25,E005,USB-C Hub 7-in-1,Electronics,ConnectPro,15,39.99,40.97,40,1638.8,1038.8,63.39,44.63,126,0,2,3,Easter,0.0,-1.6,37.65428571428571,1.0245061265316329,0.91799238180596,38.0,49.714285714285715,45.4,2.0,0.024210668700052673,3.6888794541139363
2026-03-26,E005,USB-C Hub 7-in-1,Electronics,ConnectPro,15,39.99,43.46,36,1564.56,1024.56,65.49,44.33,142,0,3,3,Easter,0.0,-1.6,38.94714285714286,1.0867716929232307,0.9803744642454321,40.0,47.285714285714285,45.03333333333333,2.0,0.08321155196955651,3.58351893845611
2026-03-27,E005,USB-C Hub 7-in-1,Electronics,ConnectPro,15,39.99,43.32,39,1689.48,1104.48,65.37,43.05,120,0,4,3,Easter,0.0,-1.6,39.98142857142857,1.0832708177044261,1.0062717770034844,36.0,44.42857142857143,45.06666666666667,2.0,0.07998499927406288,3.6635616461296463
2026-03-28,E005,USB-C Hub 7-in-1,Electronics,ConnectPro,15,39.99,45.04,43,1936.72,1291.72,66.7,43.31,120,1,5,3,Easter,0.0,-1.6,41.31714285714286,1.1262815703925981,1.0399445855460632,39.0,41.57142857142857,45.266666666666666,2.0,0.11892156097270794,3.7612001156935624
2026-03-29,E005,USB-C Hub 7-in-1,Electronics,ConnectPro,15,39.99,45.4,36,1634.4,1094.4,66.96,45.8,145,1,6,3,Easter,0.0,-1.6,42.17714285714286,1.1352838209552387,0.9912663755458515,43.0,39.285714285714285,45.3,2.0,0.12688268218857524,3.58351893845611
2026-03-30,E005,USB-C Hub 7-in-1,Electronics,ConnectPro,15,39.99,46.17,32,1477.44,997.44,67.51,43.8,125,0,0,3,Easter,0.0,-1.6,43.300000000000004,1.1545386346586646,1.054109589041096,36.0,37.714285714285715,45.233333333333334,2.0,0.14370081366017048,3.4657359027997265
2026-03-31,E005,USB-C Hub 7-in-1,Electronics,ConnectPro,15,39.99,47.44,33,1565.52,1070.52,68.38,42.78,136,0,1,3,Easter,0.0,-1.6,44.542857142857144,1.1862965741435358,1.1089294062646096,32.0,37.0,44.96666666666667,2.0,0.17083633183074298,3.4965075614664802
2026-04-01,E005,USB-C Hub 7-in-1,Electronics,ConnectPro,15,39.99,46.24,41,1895.84,1280.84,67.56,37.56,121,0,2,4,Easter,0.0,-1.6,45.29571428571429,1.156289072268067,1.2310969116080936,33.0,37.142857142857146,45.13333333333333,2.0,0.145215801505395,3.713572066704308
2026-04-02,E005,USB-C Hub 7-in-1,Electronics,ConnectPro,15,39.99,46.6,35,1631.0,1106.0,67.81,41.63,140,0,3,4,Easter,0.0071,-1.6,45.74428571428571,1.1652913228307076,1.1193850588517895,41.0,37.0,45.36666666666667,2.0,0.1529711182728731,3.5553480614894135
2026-04-03,E005,USB-C Hub 7-in-1,Electronics,ConnectPro,15,39.99,45.02,32,1440.64,960.64,66.68,34.1,126,0,4,4,Easter,0.0143,-1.6,45.987142857142864,1.1257814453613404,1.320234604105572,35.0,36.0,45.2,2.0,0.11847741261985924,3.4657359027997265
2026-04-04,E005,USB-C Hub 7-in-1,Electronics,ConnectPro,15,39.99,44.2,40,1768.0,1168.0,66.06,43.59,108,1,5,4,Easter,0.0214,-1.6,45.86714285714286,1.1052763190797699,1.0139940353292038,32.0,35.57142857142857,45.266666666666666,2.0,0.10009536622492538,3.6888794541139363
2026-04-05,E005,USB-C Hub 7-in-1,Electronics,ConnectPro,15,39.99,45.52,42,1911.84,1281.84,67.05,41.38,104,1,6,4,Easter,0.0286,-1.6,45.88428571428572,1.1382845711427858,1.1000483325277912,40.0,36.42857142857143,45.5,2.0,0.12952236695934857,3.7376696182833684
2026-04-06,E005,USB-C Hub 7-in-1,Electronics,ConnectPro,15,39.99,43.87,36,1579.32,1039.32,65.81,40.64,108,0,0,4,Easter,0.0357,-1.6,45.55571428571428,1.097024256064016,1.0794783464566928,42.0,37.0,45.3,2.0,0.09260129231939561,3.58351893845611
2026-04-07,E005,USB-C Hub 7-in-1,Electronics,ConnectPro,15,39.99,40.3,46,1853.8,1163.8,62.78,45.49,103,0,1,4,Easter,0.0429,-1.6,44.535714285714285,1.007751937984496,0.88590899098703,36.0,38.857142857142854,45.36666666666667,2.0,0.007722046093910098,3.828641396489095
2026-04-08,E005,USB-C Hub 7-in-1,Electronics,ConnectPro,15,39.99,38.93,45,1751.85,1076.85,61.47,37.66,125,0,2,4,Easter,0.05,-1.6,43.49142857142857,0.9734933733433357,1.0337227827934148,46.0,39.42857142857143,45.266666666666666,2.0,-0.026864261236362725,3.8066624897703196
2026-04-09,E005,USB-C Hub 7-in-1,Electronics,ConnectPro,15,39.99,40.81,42,1714.02,1084.02,63.24,44.62,120,0,3,4,Easter,0.0571,-1.6,42.66428571428572,1.0205051262815703,0.914612281488122,45.0,40.42857142857143,45.266666666666666,2.0,0.02029772655898724,3.7376696182833684
2026-04-10,E005,USB-C Hub 7-in-1,Electronics,ConnectPro,15,39.99,35.85,47,1684.95,979.95,58.16,42.34,86,0,4,4,Easter,0.0643,-1.6,41.354285714285716,0.8964741185296324,0.8467170524326877,42.0,42.57142857142857,45.5,2.0,-0.10928585581309759,3.8501476017100584
2026-04-11,E005,USB-C Hub 7-in-1,Electronics,ConnectPro,15,39.99,34.63,73,2527.99,1432.99,56.68,43.52,38,1,5,4,Easter,0.0714,-1.6,39.98714285714285,0.8659664916229057,0.7957261029411765,47.0,47.285714285714285,46.2,1.0,-0.14390906444439638,4.290459441148391
2026-04-12,E005,USB-C Hub 7-in-1,Electronics,ConnectPro,15,39.99,34.87,81,2824.47,1609.47,56.98,41.7,21,1,6,4,Easter,0.1,-1.6,38.465714285714284,0.8719679919979993,0.8362110311750598,73.0,52.857142857142854,47.3,1.0,-0.13700256217116738,4.394449154672439
2026-04-13,E005,USB-C Hub 7-in-1,Electronics,ConnectPro,15,39.99,36.65,63,2308.95,1363.95,59.07,40.72,78,0,0,4,Easter,0.1,-1.6,37.434285714285714,0.9164791197799449,0.900049115913556,81.0,56.714285714285715,47.266666666666666,1.0,-0.0872159945260666,4.143134726391533
2026-04-14,E005,USB-C Hub 7-in-1,Electronics,ConnectPro,15,39.99,35.51,60,2130.6,1230.6,57.76,37.23,93,0,1,4,Easter,0.1,-1.6,36.75,0.8879719929982495,0.9538006983615365,63.0,58.714285714285715,47.166666666666664,2.0,-0.11881507590373057,4.0943445622221
2026-04-15,E005,USB-C Hub 7-in-1,Electronics,ConnectPro,15,39.99,33.04,64,2114.56,1154.56,54.6,34.69,65,0,2,4,Easter,0.1,-1.6,35.90857142857143,0.8262065516379095,0.9524358604785241,60.0,61.42857142857143,47.266666666666666,1.0,-0.1909104742059497,4.1588830833596715
2026-04-16,E005,USB-C Hub 7-in-1,Electronics,ConnectPro,15,39.99,34.86,63,2196.18,1251.18,56.97,43.45,75,0,3,4,Easter,0.1,-1.6,35.05857142857143,0.8717179294823706,0.802301495972382,64.0,64.42857142857143,47.53333333333333,1.0,-0.13728938276685212,4.143134726391533
2026-04-17,E005,USB-C Hub 7-in-1,Electronics,ConnectPro,15,39.99,32.92,63,2073.96,1128.96,54.43,37.93,71,0,4,4,Easter,0.1,-1.6,34.64,0.8232058014503626,0.8679145794885316,63.0,66.71428571428571,48.0,1.0,-0.19454904704985793,4.143134726391533
2026-04-18,E005,USB-C Hub 7-in-1,Electronics,ConnectPro,15,39.99,34.7,67,2324.9,1319.9,56.77,41.17,75,1,5,4,Easter,0.1,-1.6,34.65,0.8677169292323081,0.842846733058052,63.0,65.85714285714286,48.46666666666667,1.0,-0.14188973590591342,4.204692619390966
2026-04-19,E005,USB-C Hub 7-in-1,Electronics,ConnectPro,15,39.99,34.3,77,2641.1,1486.1,56.27,41.62,57,1,6,4,Easter,0.0714,-1.6,34.568571428571424,0.8577144286071516,0.8241230177799135,67.0,65.28571428571429,49.06666666666667,1.0,-0.15348406868683295,4.343805421853684
2026-04-20,E005,USB-C Hub 7-in-1,Electronics,ConnectPro,15,39.99,36.19,49,1773.31,1038.31,58.55,44.07,97,0,0,4,Easter,0.0643,-1.6,34.50285714285714,0.9049762440610152,0.82119355570683,77.0,63.285714285714285,48.6,2.0,-0.09984658528307601,3.8918202981106265
2026-04-21,E005,USB-C Hub 7-in-1,Electronics,ConnectPro,15,39.99,39.81,51,2030.31,1265.31,62.32,36.2,92,0,1,4,Easter,0.0571,-1.6,35.11714285714286,0.9954988747186797,1.0997237569060774,49.0,62.0,48.56666666666667,2.0,-0.004511285846501125,3.9318256327243257
2026-04-22,E005,USB-C Hub 7-in-1,Electronics,ConnectPro,15,39.99,38.91,40,1556.4,956.4,61.45,37.58,138,0,2,4,Easter,0.05,-1.6,35.955714285714286,0.9729932483120779,1.035391165513571,51.0,58.57142857142857,48.46666666666667,2.0,-0.027378135862264914,3.6888794541139363
2026-04-23,E005,USB-C Hub 7-in-1,Electronics,ConnectPro,15,39.99,39.43,40,1577.2,977.2,61.96,44.46,134,0,3,4,Easter,0.0429,-1.6,36.60857142857143,0.9859964991247812,0.8868645973909132,40.0,55.285714285714285,48.53333333333333,2.0,-0.014102474969191222,3.6888794541139363
2026-04-24,E005,USB-C Hub 7-in-1,Electronics,ConnectPro,15,39.99,41.85,39,1632.15,1047.15,64.16,39.49,121,0,4,4,Easter,0.0357,-1.6,37.88428571428572,1.0465116279069768,1.059761965054444,40.0,51.857142857142854,48.5,2.0,0.04546237407675741,3.6635616461296463
2026-04-25,E005,USB-C Hub 7-in-1,Electronics,ConnectPro,15,39.99,42.4,53,2247.2,1452.2,64.62,39.23,103,1,5,4,Easter,0.0286,-1.6,38.98428571428571,1.0602650662665665,1.0808055059903137,39.0,49.857142857142854,49.06666666666667,2.0,0.058518939379184925,3.970291913552122
2026-04-26,E005,USB-C Hub 7-in-1,Electronics,ConnectPro,15,39.99,42.79,47,2011.13,1306.13,64.95,41.31,91,1,6,4,Easter,0.0214,-1.6,40.19714285714286,1.070017504376094,1.035826676349552,53.0,45.57142857142857,49.333333333333336,2.0,0.06767500756999845,3.8501476017100584
2026-04-27,E005,USB-C Hub 7-in-1,Electronics,ConnectPro,15,39.99,45.37,39,1769.43,1184.43,66.94,45.47,105,0,0,4,Easter,0.0143,-1.6,41.50857142857143,1.134533633408352,0.9978007477457664,47.0,44.142857142857146,49.2,2.0,0.12622167081714547,3.6635616461296463
2026-04-28,E005,USB-C Hub 7-in-1,Electronics,ConnectPro,15,39.99,45.06,35,1577.1,1052.1,66.71,37.13,120,0,1,4,Easter,0.0071,-1.6,42.25857142857143,1.1267816954238559,1.2135739294371128,39.0,41.857142857142854,49.166666666666664,2.0,0.11936551214537129,3.5553480614894135
2026-04-29,E005,USB-C Hub 7-in-1,Electronics,ConnectPro,15,39.99,45.42,36,1635.12,1095.12,66.97,37.25,138,0,2,4,Mothers Day,0.0129,-1.6,43.18857142857143,1.1357839459864967,1.2193288590604028,35.0,41.285714285714285,49.3,2.0,0.12732311381868547,3.58351893845611
2026-04-30,E005,USB-C Hub 7-in-1,Electronics,ConnectPro,15,39.99,47.75,32,1528.0,1048.0,68.59,34.78,136,0,3,4,Mothers Day,0.0257,-1.6,44.377142857142864,1.194048512128032,1.3729154686601495,36.0,40.142857142857146,49.266666666666666,2.0,0.17734964406801224,3.4657359027997265
2026-05-01,E005,USB-C Hub 7-in-1,Electronics,ConnectPro,15,39.99,43.05,42,1808.1,1178.1,65.16,38.16,132,0,4,5,Mothers Day,0.0386,-1.6,44.54857142857143,1.0765191297824455,1.1281446540880504,32.0,40.57142857142857,49.3,2.0,0.07373280801501267,3.7376696182833684
2026-05-02,E005,USB-C Hub 7-in-1,Electronics,ConnectPro,15,39.99,45.78,43,1968.54,1323.54,67.23,45.23,96,1,5,5,Mothers Day,0.0514,-1.6,45.03142857142858,1.1447861965491373,1.0121600707495026,42.0,39.142857142857146,49.56666666666667,2.0,0.13521789166569365,3.7612001156935624
2026-05-03,E005,USB-C Hub 7-in-1,Electronics,ConnectPro,15,39.99,43.31,44,1905.64,1245.64,65.37,42.76,131,1,6,5,Mothers Day,0.0643,-1.6,45.105714285714285,1.0830207551887971,1.012862488306829,43.0,38.714285714285715,49.96666666666667,2.0,0.07975413236780826,3.784189633918261
2026-05-04,E005,USB-C Hub 7-in-1,Electronics,ConnectPro,15,39.99,45.4,34,1543.6,1033.6,66.96,36.37,135,0,0,5,Mothers Day,0.0771,-1.6,45.11,1.1352838209552387,1.2482815507286225,44.0,38.0,49.766666666666666,2.0,0.12688268218857524,3.5263605246161616
2026-05-05,E005,USB-C Hub 7-in-1,Electronics,ConnectPro,15,39.99,44.08,40,1763.2,1163.2,65.97,41.29,114,0,1,5,Mothers Day,0.09,-1.6,44.96999999999999,1.102275568892223,1.0675708403971906,34.0,38.714285714285715,49.7,2.0,0.097376741985932,3.6888794541139363
2026-05-06,E005,USB-C Hub 7-in-1,Electronics,ConnectPro,15,39.99,41.55,42,1745.1,1115.1,63.9,44.2,118,0,2,5,Mothers Day,0.1029,-1.6,44.41714285714285,1.0390097524381094,0.9400452488687782,40.0,39.57142857142857,49.9,2.0,0.038268098442730124,3.7376696182833684
2026-05-07,E005,USB-C Hub 7-in-1,Electronics,ConnectPro,15,39.99,40.02,48,1920.96,1200.96,62.52,44.31,113,0,3,5,Mothers Day,0.1157,-1.6,43.31285714285714,1.0007501875468867,0.9031821259309412,42.0,41.857142857142854,49.96666666666667,2.0,0.0007499062968603522,3.871201010907891
2026-05-08,E005,USB-C Hub 7-in-1,Electronics,ConnectPro,15,39.99,40.2,46,1849.2,1159.2,62.69,40.51,91,0,4,5,Mothers Day,0.1286,-1.6,42.90571428571429,1.005251312828207,0.9923475685016047,48.0,42.42857142857143,50.0,2.0,0.005237572766248343,3.828641396489095
2026-02-07,F001,Premium Hoodie,Fashion,UrbanThread,14,54.99,53.22,51,2714.22,2000.22,73.69,49.48,116,1,5,2,Valentines Day,0.1,-2.3,53.22,0.9678123295144572,1.0755860953920777,51.0,51.0,51.0,2.0,-0.03271708497018022,3.9318256327243257
2026-02-08,F001,Premium Hoodie,Fashion,UrbanThread,14,54.99,54.0,69,3726.0,2760.0,74.07,54.37,58,1,6,2,Valentines Day,0.1143,-2.3,53.61,0.9819967266775778,0.9931947765311753,51.0,60.0,60.0,1.0,-0.018167303955448938,4.23410650459726
2026-02-09,F001,Premium Hoodie,Fashion,UrbanThread,14,54.99,52.66,70,3686.2,2706.2,73.41,47.77,61,0,0,2,Valentines Day,0.1286,-2.3,53.29333333333333,0.9576286597563193,1.1023655013606866,69.0,63.333333333333336,63.333333333333336,1.0,-0.04329519645156005,4.248495242049359
2026-02-10,F001,Premium Hoodie,Fashion,UrbanThread,14,54.99,49.84,77,3837.68,2759.68,71.91,47.6,57,0,1,2,Valentines Day,0.1429,-2.3,52.43,0.9063466084742681,1.0470588235294118,70.0,66.75,66.75,1.0,-0.09833347604052561,4.343805421853684
2026-02-11,F001,Premium Hoodie,Fashion,UrbanThread,14,54.99,47.79,75,3584.25,2534.25,70.71,49.46,43,0,2,2,Valentines Day,0.2,-2.3,51.501999999999995,0.8690671031096563,0.9662353416902547,77.0,68.4,68.4,1.0,-0.1403349379296565,4.31748811353631
2026-02-12,F001,Premium Hoodie,Fashion,UrbanThread,14,54.99,48.05,90,4324.5,3064.5,70.86,50.12,35,0,3,2,Valentines Day,0.2,-2.3,50.92666666666667,0.873795235497363,0.9586991221069433,75.0,72.0,72.0,1.0,-0.13490921510342196,4.499809670330265
2026-02-13,F001,Premium Hoodie,Fashion,UrbanThread,14,54.99,46.66,74,3452.84,2416.84,70.0,62.99,63,0,4,2,Valentines Day,0.2,-2.3,50.317142857142855,0.8485179123476995,0.7407525003968883,90.0,72.28571428571429,72.28571428571429,1.0,-0.16426408392643957,4.30406509320417
2026-02-14,F001,Premium Hoodie,Fashion,UrbanThread,14,54.99,48.24,90,4341.6,3081.6,70.98,55.63,20,1,5,2,Valentines Day,0.2,-2.3,49.605714285714285,0.8772504091653028,0.8671580082689196,74.0,77.85714285714286,74.5,0.0,-0.13096279810079328,4.499809670330265
