backend/data/features.csv
date,product_id,product_name,category,brand,cost,base_price,price,demand,revenue,profit,margin,competitor_price,stock,is_weekend,day_of_week,month,holiday_name,holiday_boost,elasticity,price_lag_7d,price_to_base,price_to_competitor,demand_lag_1d,demand_lag_7d,demand_lag_30d,stock_level,log_price_ratio,log_demand
2026-02-15,F001,Premium Hoodie,Fashion,UrbanThread,14,54.99,47.28,89,4207.92,2961.92,70.39,60.3,17,1,6,2,Valentines Day,0.2,-2.3,48.64571428571429,0.8597926895799236,0.7840796019900498,90.0,80.71428571428571,76.11111111111111,0.0,-0.1510639774218806,4.48863636973214
2026-02-16,F001,Premium Hoodie,Fashion,UrbanThread,14,54.99,47.33,73,3455.09,2433.09,70.42,51.48,66,0,0,2,Valentines Day,0.2,-2.3,47.88428571428572,0.8607019458083287,0.9193861693861695,89.0,81.14285714285714,75.8,1.0,-0.15000700660156682,4.290459441148391
2026-02-17,F001,Premium Hoodie,Fashion,UrbanThread,14,54.99,50.94,75,3820.5,2770.5,72.52,59.9,46,0,1,2,Valentines Day,0.2,-2.3,48.041428571428575,0.9263502454991815,0.8504173622704507,73.0,80.85714285714286,75.72727272727273,1.0,-0.07650288096841253,4.31748811353631
2026-02-18,F001,Premium Hoodie,Fashion,UrbanThread,14,54.99,48.97,77,3770.69,2692.69,71.41,49.35,54,0,2,2,Valentines Day,0.1429,-2.3,48.21,0.8905255501000181,0.9922998986828774,75.0,81.14285714285714,75.83333333333333,1.0,-0.11594348480549742,4.343805421853684
2026-02-19,F001,Premium Hoodie,Fashion,UrbanThread,14,54.99,49.08,77,3779.16,2701.16,71.48,60.88,62,0,3,2,Valentines Day,0.1286,-2.3,48.357142857142854,0.8925259138025095,0.8061760840998685,77.0,79.28571428571429,75.92307692307692,1.0,-0.11369973067701275,4.343805421853684
2026-02-20,F001,Premium Hoodie,Fashion,UrbanThread,14,54.99,51.08,62,3166.96,2298.96,72.59,49.78,92,0,4,2,Valentines Day,0.1143,-2.3,48.98857142857143,0.928896162938716,1.026114905584572,77.0,77.57142857142857,74.92857142857143,2.0,-0.07375831935538492,4.127134385045092
2026-02-21,F001,Premium Hoodie,Fashion,UrbanThread,14,54.99,51.7,73,3774.1,2752.1,72.92,54.01,59,1,5,2,Valentines Day,0.1,-2.3,49.48285714285714,0.9401709401709402,0.9572301425661915,62.0,75.14285714285714,74.8,1.0,-0.0616935690053399,4.290459441148391
2026-02-22,F001,Premium Hoodie,Fashion,UrbanThread,14,54.99,55.03,67,3687.01,2749.01,74.56,62.7,63,1,6,2,Valentines Day,0.0857,-2.3,50.589999999999996,1.0007274049827242,0.8776714513556618,73.0,72.0,74.3125,1.0,0.0007271405519441289,4.204692619390966
2026-02-23,F001,Premium Hoodie,Fashion,UrbanThread,14,54.99,54.95,54,2967.3,2211.3,74.52,61.29,89,0,0,2,Valentines Day,0.0714,-2.3,51.67857142857143,0.9992725950172758,0.8965573503018438,67.0,69.28571428571429,73.11764705882354,2.0,-0.0007276696700930038,3.9889840465642745
2026-02-24,F001,Premium Hoodie,Fashion,UrbanThread,14,54.99,60.3,50,3015.0,2315.0,76.78,58.61,116,0,1,2,Valentines Day,0.0571,-2.3,53.01571428571429,1.0965630114566285,1.0288346698515611,54.0,65.71428571428571,71.83333333333333,2.0,0.09218075321341643,3.912023005428146
2026-02-25,F001,Premium Hoodie,Fashion,UrbanThread,14,54.99,60.16,40,2406.4,1846.4,76.73,49.83,134,0,2,2,Valentines Day,0.0429,-2.3,54.61428571428571,1.094017094017094,1.2073048364439092,50.0,60.42857142857143,70.15789473684211,2.0,0.08985632912186095,3.6888794541139363
2026-02-26,F001,Premium Hoodie,Fashion,UrbanThread,14,54.99,61.4,43,2640.2,2038.2,77.2,58.46,107,0,3,2,Valentines Day,0.0286,-2.3,56.37428571428571,1.116566648481542,1.05029079712624,40.0,55.57142857142857,68.8,2.0,0.11025848463337333,3.7612001156935624
2026-02-27,F001,Premium Hoodie,Fashion,UrbanThread,14,54.99,64.31,34,2186.54,1710.54,78.23,54.32,126,0,4,2,Valentines Day,0.0143,-2.3,58.26428571428572,1.1694853609747227,1.1839101620029455,43.0,51.57142857142857,67.14285714285714,2.0,0.15656378962704842,3.5263605246161616
2026-02-28,F001,Premium Hoodie,Fashion,UrbanThread,14,54.99,64.97,38,2468.86,1936.86,78.45,52.27,111,1,5,2,Valentines Day,0.0,-2.3,60.160000000000004,1.1814875431896708,1.2429691983929596,34.0,46.57142857142857,65.81818181818181,2.0,0.1667742743727162,3.6375861597263857
2026-03-01,F001,Premium Hoodie,Fashion,UrbanThread,14,54.99,64.58,40,2583.2,2023.2,78.32,48.4,110,1,6,3,Valentines Day,0.0,-2.3,61.52428571428571,1.1743953446081106,1.334297520661157,38.0,42.714285714285715,64.69565217391305,2.0,0.1607534148104058,3.6888794541139363
2026-03-02,F001,Premium Hoodie,Fashion,UrbanThread,14,54.99,62.55,33,2064.15,1602.15,77.62,54.17,144,0,0,3,Valentines Day,0.0,-2.3,62.61,1.1374795417348609,1.1546981724201586,40.0,39.714285714285715,63.375,2.0,0.1288148863931968,3.4965075614664802
2026-03-03,F001,Premium Hoodie,Fashion,UrbanThread,14,54.99,64.84,37,2399.08,1881.08,78.41,52.55,140,0,1,3,Valentines Day,0.0,-2.3,63.25857142857142,1.1791234769958174,1.2338725023786872,33.0,37.857142857142854,62.32,2.0,0.16477134634775203,3.6109179126442243
2026-03-04,F001,Premium Hoodie,Fashion,UrbanThread,14,54.99,62.8,36,2260.8,1756.8,77.71,57.2,113,0,2,3,Valentines Day,0.0,-2.3,63.635714285714286,1.1420258228768867,1.0979020979020977,37.0,37.285714285714285,61.30769230769231,2.0,0.13280372295442966,3.58351893845611
2026-03-05,F001,Premium Hoodie,Fashion,UrbanThread,14,54.99,59.17,45,2662.65,2032.65,76.34,58.06,93,0,3,3,Valentines Day,0.0,-2.3,63.317142857142855,1.0760138206946717,1.0191181536341716,36.0,37.57142857142857,60.7037037037037,2.0,0.07326330616887927,3.8066624897703196
2026-03-06,F001,Premium Hoodie,Fashion,UrbanThread,14,54.99,60.31,38,2291.78,1759.78,76.79,50.49,137,0,4,3,Valentines Day,0.0,-2.3,62.74571428571428,1.0967448627023095,1.1944939591998416,45.0,38.142857142857146,59.892857142857146,2.0,0.0923465769431721,3.6375861597263857
2026-03-07,F001,Premium Hoodie,Fashion,UrbanThread,14,54.99,59.78,41,2450.98,1876.98,76.58,58.19,119,1,5,3,Valentines Day,0.0,-2.3,62.00428571428571,1.0871067466812148,1.0273242825227702,38.0,38.57142857142857,59.241379310344826,2.0,0.08351980633606847,3.713572066704308
2026-03-08,F001,Premium Hoodie,Fashion,UrbanThread,14,54.99,55.05,53,2917.65,2175.65,74.57,47.29,86,1,6,3,Valentines Day,0.0,-2.3,60.642857142857146,1.001091107474086,1.1640938887714105,41.0,40.42857142857143,59.03333333333333,2.0,0.0010905126489654628,3.970291913552122
2026-03-09,F001,Premium Hoodie,Fashion,UrbanThread,14,54.99,55.84,47,2624.48,1966.48,74.93,61.11,117,0,0,3,Valentines Day,0.0,-2.3,59.684285714285714,1.0154573558828879,0.9137620684012437,53.0,42.42857142857143,58.9,2.0,0.015339107934393775,3.8501476017100584
2026-03-10,F001,Premium Hoodie,Fashion,UrbanThread,14,54.99,54.32,54,2933.28,2177.28,74.23,51.04,108,0,1,3,Valentines Day,0.0,-2.3,58.181428571428576,0.9878159665393708,1.0642633228840126,47.0,44.857142857142854,58.4,2.0,-0.012258867269282686,3.9889840465642745
2026-03-11,F001,Premium Hoodie,Fashion,UrbanThread,14,54.99,52.74,61,3217.14,2363.14,73.45,48.57,76,0,2,3,Valentines Day,0.0,-2.3,56.744285714285716,0.9590834697217676,1.0858554663372453,54.0,48.42857142857143,58.1,1.0,-0.04177716959458269,4.110873864173311
2026-03-12,F001,Premium Hoodie,Fashion,UrbanThread,14,54.99,51.97,55,2858.35,2088.35,73.06,55.76,85,0,3,3,Valentines Day,0.0,-2.3,55.715714285714284,0.945080923804328,0.9320301291248206,61.0,49.857142857142854,57.36666666666667,2.0,-0.05648472149937296,4.007333185232471
2026-03-13,F001,Premium Hoodie,Fashion,UrbanThread,14,54.99,47.98,66,3166.68,2242.68,70.82,58.95,85,0,4,3,Valentines Day,0.0,-2.3,53.95428571428572,0.8725222767775959,0.8139100932994062,55.0,53.857142857142854,57.06666666666667,2.0,-0.1363670931081749,4.189654742026425
2026-03-14,F001,Premium Hoodie,Fashion,UrbanThread,14,54.99,49.02,70,3431.4,2451.4,71.44,51.56,76,1,5,3,Valentines Day,0.0,-2.3,52.41714285714285,0.8914348063284234,0.9507370054305664,66.0,58.0,56.4,1.0,-0.11492297241975674,4.248495242049359
2026-03-15,F001,Premium Hoodie,Fashion,UrbanThread,14,54.99,48.36,78,3772.08,2680.08,71.05,47.04,63,1,6,3,Valentines Day,0.0,-2.3,51.46142857142858,0.8794326241134751,1.028061224489796,70.0,61.57142857142857,56.53333333333333,1.0,-0.12847832477313148,4.356708826689592
2026-03-16,F001,Premium Hoodie,Fashion,UrbanThread,14,54.99,45.24,82,3709.68,2561.68,69.05,60.42,27,0,0,3,Valentines Day,0.0,-2.3,49.94714285714286,0.8226950354609929,0.7487586891757696,78.0,66.57142857142857,56.266666666666666,1.0,-0.19516969927180366,4.406719247264253
2026-03-17,F001,Premium Hoodie,Fashion,UrbanThread,14,54.99,47.39,78,3696.42,2604.42,70.46,48.33,34,0,1,3,Easter,0.0,-2.3,48.957142857142856,0.861793053282415,0.9805503827850197,82.0,70.0,55.9,1.0,-0.14874011454022645,4.356708826689592
2026-03-18,F001,Premium Hoodie,Fashion,UrbanThread,14,54.99,47.11,67,3156.37,2218.37,70.28,51.71,70,0,2,3,Easter,0.0,-2.3,48.152857142857144,0.856701218403346,0.9110423515760975,78.0,70.85714285714286,55.7,1.0,-0.15466605780777365,4.204692619390966
2026-03-19,F001,Premium Hoodie,Fashion,UrbanThread,14,54.99,46.11,66,3043.26,2119.26,69.64,59.0,50,0,3,3,Easter,0.0,-2.3,47.31571428571429,0.8385160938352427,0.7815254237288135,67.0,72.42857142857143,55.4,1.0,-0.1761215043011092,4.189654742026425
2026-03-20,F001,Premium Hoodie,Fashion,UrbanThread,14,54.99,50.43,67,3378.81,2440.81,72.24,61.46,53,0,4,3,Easter,0.0,-2.3,47.66571428571428,0.917075831969449,0.8205336804425643,66.0,72.57142857142857,55.06666666666667,1.0,-0.08656511443108943,4.204692619390966
2026-03-21,F001,Premium Hoodie,Fashion,UrbanThread,14,54.99,49.97,68,3397.96,2445.96,71.98,59.85,45,1,5,3,Easter,0.0,-2.3,47.80142857142857,0.9087106746681214,0.8349206349206348,67.0,72.28571428571429,54.766666666666666,1.0,-0.09572852516360979,4.219507705176107
2026-03-22,F001,Premium Hoodie,Fashion,UrbanThread,14,54.99,51.75,70,3622.5,2642.5,72.95,47.79,73,1,6,3,Easter,0.0,-2.3,48.285714285714285,0.9410801963993453,1.0828625235404896,68.0,71.14285714285714,55.03333333333333,1.0,-0.060726918374244966,4.248495242049359
2026-03-23,F001,Premium Hoodie,Fashion,UrbanThread,14,54.99,51.75,57,2949.75,2151.75,72.95,48.29,102,0,0,3,Easter,0.0,-2.3,49.215714285714284,0.9410801963993453,1.071650445226755,70.0,67.57142857142857,54.5,2.0,-0.060726918374244966,4.04305126783455
2026-03-24,F001,Premium Hoodie,Fashion,UrbanThread,14,54.99,56.6,47,2660.2,2002.2,75.27,61.24,109,0,1,3,Easter,0.0,-2.3,50.53142857142858,1.0292780505546464,0.9242325277596343,57.0,63.142857142857146,53.833333333333336,2.0,0.028857634689413995,3.8501476017100584
2026-03-25,F001,Premium Hoodie,Fashion,UrbanThread,14,54.99,52.25,57,2978.25,2180.25,73.21,51.97,83,0,2,3,Easter,0.0,-2.3,51.26571428571429,0.9501727586833969,1.0053877236867423,47.0,61.714285714285715,53.93333333333333,2.0,-0.05111145967480304,4.04305126783455
2026-03-26,F001,Premium Hoodie,Fashion,UrbanThread,14,54.99,59.19,45,2663.55,2033.55,76.35,61.47,108,0,3,3,Easter,0.0,-2.3,53.13428571428572,1.0763775231860337,0.9629087359687653,57.0,58.714285714285715,53.766666666666666,2.0,0.07360125818291026,3.8066624897703196
2026-03-27,F001,Premium Hoodie,Fashion,UrbanThread,14,54.99,62.5,40,2500.0,1940.0,77.6,56.5,128,0,4,3,Easter,0.0,-2.3,54.85857142857143,1.1365702855064557,1.1061946902654867,45.0,54.857142857142854,53.766666666666666,2.0,0.12801520622263243,3.6888794541139363
2026-03-28,F001,Premium Hoodie,Fashion,UrbanThread,14,54.99,61.24,38,2327.12,1795.12,77.14,48.46,119,1,5,3,Easter,0.0,-2.3,56.46857142857142,1.1136570285506455,1.2637226578621543,40.0,50.57142857142857,53.6,2.0,0.10764922026975962,3.6375861597263857
2026-03-29,F001,Premium Hoodie,Fashion,UrbanThread,14,54.99,65.71,36,2365.56,1861.56,78.69,62.42,132,1,6,3,Easter,0.0,-2.3,58.462857142857146,1.1949445353700672,1.0527074655559114,38.0,45.714285714285715,53.666666666666664,2.0,0.17809977039005306,3.58351893845611
2026-03-30,F001,Premium Hoodie,Fashion,UrbanThread,14,54.99,62.91,40,2516.4,1956.4,77.75,57.2,103,0,0,3,Easter,0.0,-2.3,60.05714285714286,1.144026186579378,1.0998251748251746,36.0,43.285714285714285,53.733333333333334,2.0,0.13455378306221483,3.6888794541139363
2026-03-31,F001,Premium Hoodie,Fashion,UrbanThread,14,54.99,61.97,33,2045.01,1583.01,77.41,54.54,116,0,1,3,Easter,0.0,-2.3,60.824285714285715,1.126932169485361,1.1362302896956362,40.0,41.285714285714285,53.5,2.0,0.11949904645429271,3.4965075614664802
2026-04-01,F001,Premium Hoodie,Fashion,UrbanThread,14,54.99,62.49,34,2124.66,1648.66,77.6,62.77,125,0,2,4,Easter,0.0,-2.3,62.287142857142854,1.1363884342607746,0.995539270352079,33.0,38.0,53.53333333333333,2.0,0.12785519342126692,3.5263605246161616
2026-04-02,F001,Premium Hoodie,Fashion,UrbanThread,14,54.99,60.51,39,2359.89,1813.89,76.86,56.82,113,0,3,4,Easter,0.0071,-2.3,62.47571428571428,1.1003818876159301,1.0649419218585006,34.0,37.142857142857146,53.6,2.0,0.09565729011450673,3.6635616461296463
2026-04-03,F001,Premium Hoodie,Fashion,UrbanThread,14,54.99,62.27,33,2054.91,1592.91,77.52,46.83,114,0,4,4,Easter,0.0143,-2.3,62.442857142857136,1.132387706855792,1.3297031817211191,39.0,36.142857142857146,53.5,2.0,0.12432841836463723,3.4965075614664802
2026-04-04,F001,Premium Hoodie,Fashion,UrbanThread,14,54.99,60.61,43,2606.23,2004.23,76.9,59.98,117,1,5,4,Easter,0.0214,-2.3,62.35285714285715,1.1022004000727403,1.0105035011670558,33.0,36.857142857142854,53.43333333333333,2.0,0.09730854544347017,3.7612001156935624
2026-04-05,F001,Premium Hoodie,Fashion,UrbanThread,14,54.99,56.74,54,3063.96,2307.96,75.33,62.11,88,1,6,4,Easter,0.0286,-2.3,61.07142857142857,1.0318239679941807,0.9135404926742876,43.0,39.42857142857143,53.96666666666667,2.0,0.03132807886098194,3.9889840465642745
2026-04-06,F001,Premium Hoodie,Fashion,UrbanThread,14,54.99,58.7,41,2406.7,1832.7,76.15,48.62,112,0,0,4,Easter,0.0357,-2.3,60.470000000000006,1.0674668121476631,1.207322089675031,54.0,39.57142857142857,53.96666666666667,2.0,0.06528837631432736,3.713572066704308
2026-04-07,F001,Premium Hoodie,Fashion,UrbanThread,14,54.99,58.48,44,2573.12,1957.12,76.06,54.88,120,0,1,4,Easter,0.0429,-2.3,59.971428571428575,1.0634660847426805,1.065597667638484,41.0,41.142857142857146,53.666666666666664,2.0,0.061533464921799695,3.784189633918261
2026-04-08,F001,Premium Hoodie,Fashion,UrbanThread,14,54.99,53.82,47,2529.54,1871.54,73.99,53.7,102,0,2,4,Easter,0.05,-2.3,58.73285714285714,0.9787234042553191,1.0022346368715083,44.0,43.0,53.666666666666664,2.0,-0.02150620522096362,3.8501476017100584
2026-04-09,F001,Premium Hoodie,Fashion,UrbanThread,14,54.99,53.72,56,3008.32,2224.32,73.94,56.77,80,0,3,4,Easter,0.0571,-2.3,57.762857142857136,0.9769048917985088,0.9462744407257353,47.0,45.42857142857143,53.733333333333334,1.0,-0.02336597886468652,4.02535169073515
2026-04-10,F001,Premium Hoodie,Fashion,UrbanThread,14,54.99,50.84,62,3152.08,2284.08,72.46,50.99,58,0,4,4,Easter,0.0643,-2.3,56.13,0.9245317330423714,0.9970582467150422,56.0,49.57142857142857,53.766666666666666,1.0,-0.07846790419847002,4.127134385045092
2026-04-11,F001,Premium Hoodie,Fashion,UrbanThread,14,54.99,52.8,70,3696.0,2716.0,73.48,48.63,55,1,5,4,Easter,0.0714,-2.3,55.01428571428572,0.9601745771958538,1.0857495373226402,62.0,53.42857142857143,54.266666666666666,1.0,-0.04064015980750759,4.248495242049359
2026-04-12,F001,Premium Hoodie,Fashion,UrbanThread,14,54.99,45.31,90,4077.9,2817.9,69.1,48.74,17,1,6,4,Easter,0.1,-2.3,53.381428571428565,0.8239679941807602,0.9296265900697579,70.0,58.57142857142857,55.06666666666667,0.0,-0.19362359184067648,4.499809670330265
2026-04-13,F001,Premium Hoodie,Fashion,UrbanThread,14,54.99,47.63,75,3572.25,2522.25,70.61,48.06,44,0,0,4,Easter,0.1,-2.3,51.800000000000004,0.8661574831787597,0.9910528506034124,90.0,63.42857142857143,55.233333333333334,1.0,-0.14368853570695436,4.31748811353631
2026-04-14,F001,Premium Hoodie,Fashion,UrbanThread,14,54.99,47.42,77,3651.34,2573.34,70.48,57.94,40,0,1,4,Easter,0.1,-2.3,50.21999999999999,0.8623386070194581,0.8184328615809459,75.0,68.14285714285714,55.2,1.0,-0.14810726988246392,4.343805421853684
2026-04-15,F001,Premium Hoodie,Fashion,UrbanThread,14,54.99,46.62,78,3636.36,2544.36,69.97,57.24,61,0,2,4,Easter,0.1,-2.3,49.19142857142857,0.8477905073649754,0.8144654088050314,77.0,72.57142857142857,55.06666666666667,1.0,-0.1651217169121123,4.356708826689592
2026-04-16,F001,Premium Hoodie,Fashion,UrbanThread,14,54.99,48.36,73,3530.28,2508.28,71.05,58.68,39,0,3,4,Easter,0.1,-2.3,48.425714285714285,0.8794326241134751,0.8241308793456033,78.0,75.0,54.9,1.0,-0.12847832477313148,4.290459441148391
2026-04-17,F001,Premium Hoodie,Fashion,UrbanThread,14,54.99,45.26,84,3801.84,2625.84,69.07,46.93,29,0,4,4,Easter,0.1,-2.3,47.628571428571426,0.823058737952355,0.9644150862987427,73.0,78.14285714285714,55.46666666666667,1.0,-0.19472771031433203,4.430816798843313
2026-04-18,F001,Premium Hoodie,Fashion,UrbanThread,14,54.99,47.63,72,3429.36,2421.36,70.61,56.26,38,1,5,4,Easter,0.1,-2.3,46.89,0.8661574831787597,0.8466050479914683,84.0,78.42857142857143,55.666666666666664,1.0,-0.14368853570695436,4.276666119016055
2026-04-19,F001,Premium Hoodie,Fashion,UrbanThread,14,54.99,49.12,71,3487.52,2493.52,71.5,52.4,67,1,6,4,Easter,0.0714,-2.3,47.43428571428571,0.8932533187852336,0.9374045801526717,72.0,75.71428571428571,55.8,1.0,-0.11288506668083638,4.2626798770413155
2026-04-20,F001,Premium Hoodie,Fashion,UrbanThread,14,54.99,51.74,61,3156.14,2302.14,72.94,58.17,75,0,0,4,Easter,0.0643,-2.3,48.021428571428565,0.9408983451536643,0.8894619219528966,71.0,73.71428571428571,55.56666666666667,1.0,-0.06092017376184024,4.110873864173311
2026-04-21,F001,Premium Hoodie,Fashion,UrbanThread,14,54.99,49.67,69,3427.23,2461.23,71.81,51.79,74,0,1,4,Easter,0.0571,-2.3,48.34285714285715,0.9032551372976905,0.9590654566518634,61.0,72.57142857142857,55.53333333333333,1.0,-0.10175022140046422,4.23410650459726
2026-04-22,F001,Premium Hoodie,Fashion,UrbanThread,14,54.99,55.57,49,2722.93,2036.93,74.81,60.31,116,0,2,4,Easter,0.05,-2.3,49.621428571428574,1.0105473722495,0.9214060686453324,69.0,68.42857142857143,55.266666666666666,2.0,0.010492136772106612,3.8918202981106265
