backend/data/features.csv
date,product_id,product_name,category,brand,cost,base_price,price,demand,revenue,profit,margin,competitor_price,stock,is_weekend,day_of_week,month,holiday_name,holiday_boost,elasticity,price_lag_7d,price_to_base,price_to_competitor,demand_lag_1d,demand_lag_7d,demand_lag_30d,stock_level,log_price_ratio,log_demand
2026-04-23,F001,Premium Hoodie,Fashion,UrbanThread,14,54.99,54.77,54,2957.58,2201.58,74.44,52.0,95,0,3,4,Easter,0.0429,-2.3,50.537142857142854,0.9959992725950173,1.0532692307692308,49.0,65.71428571428571,55.5,2.0,-0.0040087517240933535,3.9889840465642745
2026-04-24,F001,Premium Hoodie,Fashion,UrbanThread,14,54.99,58.86,37,2177.82,1659.82,76.21,58.38,134,0,4,4,Easter,0.0357,-2.3,52.480000000000004,1.0703764320785596,1.0082219938335046,54.0,59.0,54.833333333333336,2.0,0.06801039228560324,3.6109179126442243
2026-04-25,F001,Premium Hoodie,Fashion,UrbanThread,14,54.99,56.55,52,2940.6,2212.6,75.24,53.84,82,1,5,4,Easter,0.0286,-2.3,53.75428571428572,1.028368794326241,1.0503343239227338,37.0,56.142857142857146,55.06666666666667,2.0,0.027973852042405947,3.9512437185814275
2026-04-26,F001,Premium Hoodie,Fashion,UrbanThread,14,54.99,59.33,51,3025.83,2311.83,76.4,49.29,79,1,6,4,Easter,0.0214,-2.3,55.212857142857146,1.078923440625568,1.2036924325420977,52.0,53.285714285714285,55.43333333333333,1.0,0.07596372975082838,3.9318256327243257
2026-04-27,F001,Premium Hoodie,Fashion,UrbanThread,14,54.99,63.28,40,2531.2,1971.2,77.88,52.36,103,0,0,4,Easter,0.0143,-2.3,56.86142857142857,1.1507546826695763,1.2085561497326203,51.0,50.285714285714285,55.5,2.0,0.14041797293967506,3.6888794541139363
2026-04-28,F001,Premium Hoodie,Fashion,UrbanThread,14,54.99,59.36,38,2255.68,1723.68,76.42,57.91,128,0,1,4,Easter,0.0071,-2.3,58.24571428571428,1.0794689943626112,1.0250388533931964,40.0,45.857142857142854,55.56666666666667,2.0,0.07646924833940154,3.6375861597263857
2026-04-29,F001,Premium Hoodie,Fashion,UrbanThread,14,54.99,60.8,37,2249.6,1731.6,76.97,63.04,124,0,2,4,Mothers Day,0.0129,-2.3,58.99285714285714,1.1056555737406801,0.9644670050761421,38.0,44.142857142857146,55.46666666666667,2.0,0.100438438452398,3.6109179126442243
2026-04-30,F001,Premium Hoodie,Fashion,UrbanThread,14,54.99,61.86,39,2412.54,1866.54,77.37,54.75,103,0,3,4,Mothers Day,0.0257,-2.3,60.00571428571429,1.1249318057828697,1.12986301369863,37.0,42.0,55.666666666666664,2.0,0.11772241673720027,3.6635616461296463
2026-05-01,F001,Premium Hoodie,Fashion,UrbanThread,14,54.99,64.09,40,2563.6,2003.6,78.16,53.08,102,0,4,5,Mothers Day,0.0386,-2.3,60.75285714285714,1.16548463356974,1.2074227581009798,39.0,42.42857142857143,55.86666666666667,2.0,0.15313699499641215,3.6888794541139363
2026-05-02,F001,Premium Hoodie,Fashion,UrbanThread,14,54.99,62.69,47,2946.43,2288.43,77.67,49.38,87,1,5,5,Mothers Day,0.0514,-2.3,61.629999999999995,1.1400254591743952,1.2695423248278654,40.0,41.714285714285715,56.13333333333333,2.0,0.13105059476615372,3.8501476017100584
2026-05-03,F001,Premium Hoodie,Fashion,UrbanThread,14,54.99,61.71,57,3517.47,2719.47,77.31,51.51,102,1,6,5,Mothers Day,0.0643,-2.3,61.970000000000006,1.122204037097654,1.198019801980198,47.0,42.57142857142857,56.93333333333333,2.0,0.11529464181325208,4.04305126783455
2026-05-04,F001,Premium Hoodie,Fashion,UrbanThread,14,54.99,62.27,43,2677.61,2075.61,77.52,56.69,127,0,0,5,Mothers Day,0.0771,-2.3,61.825714285714284,1.132387706855792,1.0984300582113249,57.0,43.0,56.93333333333333,2.0,0.12432841836463723,3.7612001156935624
2026-05-05,F001,Premium Hoodie,Fashion,UrbanThread,14,54.99,59.66,51,3042.66,2328.66,76.53,53.1,92,0,1,5,Mothers Day,0.09,-2.3,61.868571428571435,1.0849245317330423,1.1235404896421846,43.0,44.857142857142854,56.833333333333336,2.0,0.08151042856687903,3.9318256327243257
2026-05-06,F001,Premium Hoodie,Fashion,UrbanThread,14,54.99,56.38,57,3213.66,2415.66,75.17,55.88,88,0,2,5,Mothers Day,0.1029,-2.3,61.237142857142864,1.0252773231496637,1.0089477451682176,51.0,47.714285714285715,57.36666666666667,2.0,0.024963135166243263,4.04305126783455
2026-05-07,F001,Premium Hoodie,Fashion,UrbanThread,14,54.99,57.76,56,3234.56,2450.56,75.76,54.01,80,0,3,5,Mothers Day,0.1157,-2.3,60.651428571428575,1.0503727950536461,1.0694315867431956,57.0,50.142857142857146,57.766666666666666,1.0,0.04914514406484745,4.02535169073515
2026-05-08,F001,Premium Hoodie,Fashion,UrbanThread,14,54.99,53.69,61,3275.09,2421.09,73.92,47.69,72,0,4,5,Mothers Day,0.1286,-2.3,59.16571428571429,0.9763593380614657,1.1258125393164184,56.0,53.142857142857146,58.233333333333334,1.0,-0.02392458608524525,4.110873864173311
2026-02-07,F002,Running Sneakers V2,Fashion,StrideFlex,28,89.99,84.65,65,5502.25,3682.25,66.92,92.16,56,1,5,2,Valentines Day,0.1,-1.7,84.65,0.9406600733414825,0.9185112847222223,65.0,65.0,65.0,1.0,-0.061173444466712724,4.174387269895637
2026-02-08,F002,Running Sneakers V2,Fashion,StrideFlex,28,89.99,92.78,49,4546.22,3174.22,69.82,89.69,98,1,6,2,Valentines Day,0.1143,-1.7,88.715,1.0310034448272032,1.034452001337942,65.0,57.0,57.0,2.0,0.03053254627774061,3.8918202981106265
2026-02-09,F002,Running Sneakers V2,Fashion,StrideFlex,28,89.99,87.47,60,5248.2,3568.2,67.99,93.25,68,0,0,2,Valentines Day,0.1286,-1.7,88.3,0.9719968885431715,0.9380160857908847,49.0,58.0,58.0,1.0,-0.028402675614093632,4.0943445622221
2026-02-10,F002,Running Sneakers V2,Fashion,StrideFlex,28,89.99,80.8,59,4767.2,3115.2,65.35,89.33,84,0,1,2,Valentines Day,0.1429,-1.7,86.425,0.8978775419491055,0.9045113623642673,60.0,58.25,58.25,2.0,-0.1077215875188074,4.07753744390572
2026-02-11,F002,Running Sneakers V2,Fashion,StrideFlex,28,89.99,80.64,65,5241.6,3421.6,65.28,90.89,85,0,2,2,Valentines Day,0.2,-1.7,85.268,0.8960995666185132,0.8872263175266806,59.0,59.6,59.6,2.0,-0.10970374872279864,4.174387269895637
2026-02-12,F002,Running Sneakers V2,Fashion,StrideFlex,28,89.99,79.13,63,4985.19,3221.19,64.62,79.86,86,0,3,2,Valentines Day,0.2,-1.7,84.245,0.8793199244360485,0.9908590032556974,65.0,60.166666666666664,60.166666666666664,2.0,-0.12860648342475517,4.143134726391533
2026-02-13,F002,Running Sneakers V2,Fashion,StrideFlex,28,89.99,78.83,64,5045.12,3253.12,64.48,101.98,58,0,4,2,Valentines Day,0.2,-1.7,83.47142857142856,0.8759862206911879,0.772994704844087,63.0,60.714285714285715,60.714285714285715,1.0,-0.13240491797404028,4.1588830833596715
2026-02-14,F002,Running Sneakers V2,Fashion,StrideFlex,28,89.99,77.58,77,5973.66,3817.66,63.91,89.54,61,1,5,2,Valentines Day,0.2,-1.7,82.46142857142857,0.8620957884209357,0.8664284118829573,64.0,62.42857142857143,62.75,1.0,-0.148388891034036,4.343805421853684
2026-02-15,F002,Running Sneakers V2,Fashion,StrideFlex,28,89.99,71.78,97,6962.66,4246.66,60.99,84.21,5,1,6,2,Valentines Day,0.2,-1.7,79.46142857142857,0.7976441826869652,0.8523928274551716,77.0,69.28571428571429,66.55555555555556,0.0,-0.22609266732639594,4.574710978503383
2026-02-16,F002,Running Sneakers V2,Fashion,StrideFlex,28,89.99,75.54,78,5892.12,3708.12,62.93,90.29,44,0,0,2,Valentines Day,0.2,-1.7,77.75714285714285,0.8394266029558841,0.8366375013844279,97.0,71.85714285714286,67.7,1.0,-0.1750362357615462,4.356708826689592
2026-02-17,F002,Running Sneakers V2,Fashion,StrideFlex,28,89.99,81.15,63,5112.45,3348.45,65.5,102.97,70,0,1,2,Valentines Day,0.2,-1.7,77.80714285714285,0.9017668629847762,0.7880936195008256,78.0,72.42857142857143,67.27272727272727,1.0,-0.10339925908525688,4.143134726391533
2026-02-18,F002,Running Sneakers V2,Fashion,StrideFlex,28,89.99,81.37,62,5044.94,3308.94,65.59,91.98,94,0,2,2,Valentines Day,0.1429,-1.7,77.91142857142857,0.9042115790643406,0.8846488367036313,63.0,72.0,66.83333333333333,2.0,-0.10069189833729117,4.127134385045092
2026-02-19,F002,Running Sneakers V2,Fashion,StrideFlex,28,89.99,81.52,58,4728.16,3104.16,65.65,99.55,82,0,3,2,Valentines Day,0.1286,-1.7,78.25285714285714,0.9058784309367708,0.818884982420894,62.0,71.28571428571429,66.15384615384616,2.0,-0.09885016413138775,4.060443010546419
2026-02-20,F002,Running Sneakers V2,Fashion,StrideFlex,28,89.99,86.1,40,3444.0,2324.0,67.48,93.41,137,0,4,2,Valentines Day,0.1143,-1.7,79.29142857142857,0.956772974774975,0.9217428540841451,58.0,67.85714285714286,64.28571428571429,2.0,-0.044189141612172016,3.6888794541139363
2026-02-21,F002,Running Sneakers V2,Fashion,StrideFlex,28,89.99,87.13,56,4879.28,3311.28,67.86,95.06,97,1,5,2,Valentines Day,0.1,-1.7,80.6557142857143,0.9682186909656628,0.9165790027351146,40.0,64.85714285714286,63.733333333333334,2.0,-0.03229729680266174,4.02535169073515
2026-02-22,F002,Running Sneakers V2,Fashion,StrideFlex,28,89.99,87.9,59,5186.1,3534.1,68.15,84.57,76,1,6,2,Valentines Day,0.0857,-1.7,82.95857142857143,0.9767751972441383,1.0393756651294788,56.0,59.42857142857143,63.4375,1.0,-0.023498748354725783,4.07753744390572
2026-02-23,F002,Running Sneakers V2,Fashion,StrideFlex,28,89.99,91.1,49,4463.9,3091.9,69.26,82.18,120,0,0,2,Valentines Day,0.0714,-1.7,85.18142857142857,1.012334703855984,1.108542224385495,59.0,55.285714285714285,62.588235294117645,2.0,0.012259251220055483,3.8918202981106265
2026-02-24,F002,Running Sneakers V2,Fashion,StrideFlex,28,89.99,98.05,41,4020.05,2872.05,71.44,84.45,99,0,1,2,Valentines Day,0.0571,-1.7,87.5957142857143,1.0895655072785866,1.1610420367081111,49.0,52.142857142857146,61.388888888888886,2.0,0.08577899959649819,3.713572066704308
2026-02-25,F002,Running Sneakers V2,Fashion,StrideFlex,28,89.99,99.88,40,3995.2,2875.2,71.97,96.48,106,0,2,2,Valentines Day,0.0429,-1.7,90.24000000000001,1.1099011001222359,1.0352404643449418,41.0,49.0,60.26315789473684,2.0,0.10427091236571535,3.6888794541139363
2026-02-26,F002,Running Sneakers V2,Fashion,StrideFlex,28,89.99,102.18,38,3882.84,2818.84,72.6,94.27,135,0,3,2,Valentines Day,0.0286,-1.7,93.19142857142857,1.1354594954995,1.0839079240479474,40.0,46.142857142857146,59.15,2.0,0.12703741085679487,3.6375861597263857
2026-02-27,F002,Running Sneakers V2,Fashion,StrideFlex,28,89.99,102.63,38,3899.94,2835.94,72.72,78.88,124,0,4,2,Valentines Day,0.0143,-1.7,95.55285714285715,1.1404600511167908,1.3010902636916837,38.0,45.857142857142854,58.142857142857146,2.0,0.1314317346117659,3.6375861597263857
2026-02-28,F002,Running Sneakers V2,Fashion,StrideFlex,28,89.99,102.39,38,3890.82,2826.82,72.65,87.48,107,1,5,2,Valentines Day,0.0,-1.7,97.73285714285714,1.1377930881209024,1.1704389574759944,38.0,43.285714285714285,57.22727272727273,2.0,0.12909049854086826,3.6375861597263857
2026-03-01,F002,Running Sneakers V2,Fashion,StrideFlex,28,89.99,101.28,40,4051.2,2931.2,72.35,98.31,138,1,6,3,Valentines Day,0.0,-1.7,99.64428571428572,1.1254583842649184,1.0302105584375953,38.0,40.57142857142857,56.47826086956522,2.0,0.11819040535000896,3.6888794541139363
2026-03-02,F002,Running Sneakers V2,Fashion,StrideFlex,28,89.99,98.3,38,3735.4,2671.4,71.52,78.57,124,0,0,3,Valentines Day,0.0,-1.7,100.67285714285715,1.092343593732637,1.2511136566119385,40.0,39.0,55.708333333333336,2.0,0.08832547410726364,3.6375861597263857
2026-03-03,F002,Running Sneakers V2,Fashion,StrideFlex,28,89.99,104.61,36,3765.96,2757.96,73.23,77.85,111,0,1,3,Valentines Day,0.0,-1.7,101.61,1.1624624958328704,1.3437379576107902,38.0,38.285714285714285,54.92,2.0,0.1505405963098124,3.58351893845611
2026-03-04,F002,Running Sneakers V2,Fashion,StrideFlex,28,89.99,97.34,36,3504.24,2496.24,71.23,82.77,119,0,2,3,Valentines Day,0.0,-1.7,101.24714285714286,1.0816757417490834,1.1760299625468167,36.0,37.714285714285715,54.19230769230769,2.0,0.07851145135945127,3.58351893845611
2026-03-05,F002,Running Sneakers V2,Fashion,StrideFlex,28,89.99,102.26,35,3579.1,2599.1,72.62,85.17,129,0,3,3,Valentines Day,0.0,-1.7,101.25857142857144,1.1363484831647963,1.200657508512387,36.0,37.285714285714285,53.48148148148148,2.0,0.12782003660599622,3.5553480614894135
2026-03-06,F002,Running Sneakers V2,Fashion,StrideFlex,28,89.99,99.64,33,3288.12,2364.12,71.9,102.92,138,0,4,3,Valentines Day,0.0,-1.7,100.83142857142857,1.1072341371263474,0.9681305868635833,35.0,36.57142857142857,52.75,2.0,0.10186513734812257,3.4965075614664802
2026-03-07,F002,Running Sneakers V2,Fashion,StrideFlex,28,89.99,99.15,38,3767.7,2703.7,71.76,79.81,140,1,5,3,Valentines Day,0.0,-1.7,100.36857142857143,1.1017890876764087,1.242325523117404,33.0,36.57142857142857,52.241379310344826,2.0,0.09693530191994802,3.6375861597263857
2026-03-08,F002,Running Sneakers V2,Fashion,StrideFlex,28,89.99,84.64,56,4739.84,3171.84,66.92,92.31,93,1,6,3,Valentines Day,0.0,-1.7,97.99142857142856,0.9405489498833204,0.916910410573069,38.0,38.857142857142854,52.36666666666667,2.0,-0.06129158493586789,4.02535169073515
2026-03-09,F002,Running Sneakers V2,Fashion,StrideFlex,28,89.99,90.56,41,3712.96,2564.96,69.08,83.02,127,0,0,3,Valentines Day,0.0,-1.7,96.88571428571429,1.0063340371152352,1.0908214887978802,56.0,39.285714285714285,51.56666666666667,2.0,0.006314061409015782,3.713572066704308
2026-03-10,F002,Running Sneakers V2,Fashion,StrideFlex,28,89.99,88.47,47,4158.09,2842.09,68.35,91.41,107,0,1,3,Valentines Day,0.0,-1.7,94.58,0.9831092343593733,0.9678372169346899,41.0,40.857142857142854,51.5,2.0,-0.01703504155056261,3.8501476017100584
2026-03-11,F002,Running Sneakers V2,Fashion,StrideFlex,28,89.99,85.56,46,3935.76,2647.76,67.27,83.82,108,0,2,3,Valentines Day,0.0,-1.7,92.89714285714287,0.9507723080342261,1.020758768790265,47.0,42.285714285714285,51.03333333333333,2.0,-0.05048066883165223,3.828641396489095
2026-03-12,F002,Running Sneakers V2,Fashion,StrideFlex,28,89.99,80.18,51,4089.18,2661.18,65.08,93.49,80,0,3,3,Valentines Day,0.0,-1.7,89.74285714285713,0.8909878875430605,0.8576318322815275,46.0,44.57142857142857,50.766666666666666,1.0,-0.11542444583149612,3.9318256327243257
2026-03-13,F002,Running Sneakers V2,Fashion,StrideFlex,28,89.99,77.74,61,4742.14,3034.14,63.98,76.5,78,0,4,3,Valentines Day,0.0,-1.7,86.61428571428571,0.8638737637515279,1.0162091503267974,51.0,48.57142857142857,50.63333333333333,1.0,-0.1463286276217801,4.110873864173311
2026-03-14,F002,Running Sneakers V2,Fashion,StrideFlex,28,89.99,77.41,66,5109.06,3261.06,63.83,99.15,48,1,5,3,Valentines Day,0.0,-1.7,83.50857142857141,0.8602066896321814,0.7807362581946545,61.0,52.57142857142857,50.733333333333334,1.0,-0.15058258182923506,4.189654742026425
2026-03-15,F002,Running Sneakers V2,Fashion,StrideFlex,28,89.99,79.38,58,4604.04,2980.04,64.73,85.03,68,1,6,3,Valentines Day,0.0,-1.7,82.75714285714285,0.8820980108900989,0.9335528636951663,66.0,52.857142857142854,50.53333333333333,1.0,-0.12545210569093787,4.060443010546419
2026-03-16,F002,Running Sneakers V2,Fashion,StrideFlex,28,89.99,72.93,58,4229.94,2605.94,61.61,99.24,77,0,0,3,Valentines Day,0.0,-1.7,80.23857142857143,0.8104233803755974,0.7348851269649336,58.0,55.285714285714285,49.9,1.0,-0.2101984760497154,4.060443010546419
2026-03-17,F002,Running Sneakers V2,Fashion,StrideFlex,28,89.99,77.27,57,4404.39,2808.39,63.76,88.2,102,0,1,3,Easter,0.0,-1.7,78.63857142857144,0.8586509612179131,0.8760770975056689,58.0,56.714285714285715,48.56666666666667,2.0,-0.1523927711003647,4.04305126783455
2026-03-18,F002,Running Sneakers V2,Fashion,StrideFlex,28,89.99,78.21,55,4301.55,2761.55,64.2,78.9,97,0,2,3,Easter,0.0,-1.7,77.58857142857143,0.8690965662851428,0.9912547528517108,57.0,58.0,47.8,2.0,-0.14030103643233716,4.007333185232471
2026-03-19,F002,Running Sneakers V2,Fashion,StrideFlex,28,89.99,71.72,63,4518.36,2754.36,60.96,93.57,82,0,3,3,Easter,0.0,-1.7,76.38,0.7969774419379931,0.7664849845035803,55.0,59.714285714285715,47.8,2.0,-0.226928904308925,4.143134726391533
2026-03-20,F002,Running Sneakers V2,Fashion,StrideFlex,28,89.99,82.56,55,4540.8,3000.8,66.09,102.57,100,0,4,3,Easter,0.0,-1.7,77.06857142857143,0.9174352705856207,0.8049137174612461,63.0,58.857142857142854,47.56666666666667,2.0,-0.08617325131260449,4.007333185232471
2026-03-21,F002,Running Sneakers V2,Fashion,StrideFlex,28,89.99,82.3,59,4855.7,3203.7,65.98,84.54,66,1,5,3,Easter,0.0,-1.7,77.76714285714286,0.9145460606734082,0.973503666903241,55.0,57.857142857142854,47.6,1.0,-0.08932744536283303,4.07753744390572
2026-03-22,F002,Running Sneakers V2,Fashion,StrideFlex,28,89.99,86.16,59,5083.44,3431.44,67.5,77.79,76,1,6,3,Easter,0.0,-1.7,78.73571428571428,0.9574397155239471,1.1075973775549555,59.0,58.0,48.233333333333334,1.0,-0.04349252019772401,4.07753744390572
2026-03-23,F002,Running Sneakers V2,Fashion,StrideFlex,28,89.99,87.18,48,4184.64,2840.64,67.88,88.17,102,0,0,3,Easter,0.0,-1.7,80.77142857142857,0.968774308256473,0.9887716910513781,59.0,56.57142857142857,47.96666666666667,2.0,-0.031723606235610526,3.871201010907891
2026-03-24,F002,Running Sneakers V2,Fashion,StrideFlex,28,89.99,88.5,40,3540.0,2420.0,68.36,86.48,102,0,1,3,Easter,0.0,-1.7,82.37571428571428,0.9834426047338594,1.0233580018501387,48.0,54.142857142857146,47.333333333333336,2.0,-0.016696001031973287,3.6888794541139363
2026-03-25,F002,Running Sneakers V2,Fashion,StrideFlex,28,89.99,91.57,47,4303.79,2987.79,69.42,98.69,120,0,2,3,Easter,0.0,-1.7,84.28428571428572,1.0175575063895987,0.9278548991792481,40.0,53.0,47.266666666666666,2.0,0.01740515407378351,3.8501476017100584
2026-03-26,F002,Running Sneakers V2,Fashion,StrideFlex,28,89.99,97.16,35,3400.6,2420.6,71.18,89.24,145,0,3,3,Easter,0.0,-1.7,87.91857142857143,1.079675519502167,1.0887494397131332,47.0,49.0,47.06666666666667,2.0,0.07666055108811468,3.5553480614894135
2026-03-27,F002,Running Sneakers V2,Fashion,StrideFlex,28,89.99,99.73,33,3291.09,2367.09,71.92,92.9,126,0,4,3,Easter,0.0,-1.7,90.37142857142858,1.1082342482498055,1.0735199138858988,35.0,45.857142857142854,46.833333333333336,2.0,0.10276798136791943,3.4965075614664802
2026-03-28,F002,Running Sneakers V2,Fashion,StrideFlex,28,89.99,101.04,38,3839.52,2775.52,72.29,96.43,117,1,5,3,Easter,0.0,-1.7,93.04857142857144,1.12279142126903,1.0478066991600123,33.0,42.857142857142854,46.833333333333336,2.0,0.11581792499637858,3.6375861597263857
