backend/data/features.csv
date,product_id,product_name,category,brand,cost,base_price,price,demand,revenue,profit,margin,competitor_price,stock,is_weekend,day_of_week,month,holiday_name,holiday_boost,elasticity,price_lag_7d,price_to_base,price_to_competitor,demand_lag_1d,demand_lag_7d,demand_lag_30d,stock_level,log_price_ratio,log_demand
2026-03-29,F002,Running Sneakers V2,Fashion,StrideFlex,28,89.99,98.47,49,4825.03,3453.03,71.56,95.75,90,1,6,3,Easter,0.0,-1.7,94.80714285714285,1.0942326925213912,1.0284073107049607,38.0,41.42857142857143,47.2,2.0,0.09005338021385349,3.8918202981106265
2026-03-30,F002,Running Sneakers V2,Fashion,StrideFlex,28,89.99,101.94,37,3771.78,2735.78,72.53,86.42,108,0,0,3,Easter,0.0,-1.7,96.91571428571429,1.1327925325036114,1.1795880583198333,49.0,39.857142857142854,47.166666666666664,2.0,0.12468585186603844,3.6109179126442243
2026-03-31,F002,Running Sneakers V2,Fashion,StrideFlex,28,89.99,103.53,32,3312.96,2416.96,72.95,83.72,149,0,1,3,Easter,0.0,-1.7,99.06285714285715,1.1504611623513725,1.2366220735785953,37.0,38.714285714285715,46.9,2.0,0.1401628727321647,3.4657359027997265
2026-04-01,F002,Running Sneakers V2,Fashion,StrideFlex,28,89.99,102.8,32,3289.6,2393.6,72.76,89.8,132,0,2,4,Easter,0.0,-1.7,100.66714285714285,1.1423491499055451,1.1447661469933186,32.0,36.57142857142857,46.7,2.0,0.13308679997520764,3.4657359027997265
2026-04-02,F002,Running Sneakers V2,Fashion,StrideFlex,28,89.99,109.34,34,3717.56,2765.56,74.39,76.76,131,0,3,4,Easter,0.0071,-1.7,102.40714285714286,1.215023891543505,1.4244398124022928,32.0,36.42857142857143,46.63333333333333,2.0,0.19476374042099617,3.5263605246161616
2026-04-03,F002,Running Sneakers V2,Fashion,StrideFlex,28,89.99,101.74,37,3764.38,2728.38,72.48,94.78,118,0,4,4,Easter,0.0143,-1.7,102.69428571428571,1.1305700633403712,1.0734332137581768,34.0,37.0,46.666666666666664,2.0,0.12272198634876189,3.6109179126442243
2026-04-04,F002,Running Sneakers V2,Fashion,StrideFlex,28,89.99,101.95,44,4485.8,3253.8,72.54,90.56,131,1,5,4,Easter,0.0214,-1.7,102.82428571428571,1.1329036559617736,1.1257729681978799,37.0,37.857142857142854,46.96666666666667,2.0,0.12478394397460704,3.784189633918261
2026-04-05,F002,Running Sneakers V2,Fashion,StrideFlex,28,89.99,99.74,45,4488.3,3228.3,71.93,79.74,101,1,6,4,Easter,0.0286,-1.7,103.00571428571428,1.1083453717079677,1.250815149235014,44.0,37.285714285714285,47.36666666666667,2.0,0.10286824707211942,3.8066624897703196
2026-04-06,F002,Running Sneakers V2,Fashion,StrideFlex,28,89.99,95.76,46,4404.96,3116.96,70.76,85.89,103,0,0,4,Easter,0.0357,-1.7,102.12285714285714,1.0641182353594845,1.114914425427873,45.0,38.57142857142857,47.63333333333333,2.0,0.06214650820386062,3.828641396489095
2026-04-07,F002,Running Sneakers V2,Fashion,StrideFlex,28,89.99,93.24,43,4009.32,2805.32,69.97,99.36,95,0,1,4,Easter,0.0429,-1.7,100.65285714285713,1.0361151239026558,0.9384057971014492,46.0,40.142857142857146,47.2,2.0,0.03547826112169918,3.7612001156935624
2026-04-08,F002,Running Sneakers V2,Fashion,StrideFlex,28,89.99,90.46,46,4161.16,2873.16,69.05,97.56,106,0,2,4,Easter,0.05,-1.7,98.89,1.0052228025336147,0.9272242722427223,43.0,42.142857142857146,47.36666666666667,2.0,0.005209211003839821,3.828641396489095
2026-04-09,F002,Running Sneakers V2,Fashion,StrideFlex,28,89.99,82.86,50,4143.0,2743.0,66.21,78.27,89,0,3,4,Easter,0.0571,-1.7,95.10714285714286,0.9207689743304812,1.0586431582981985,46.0,44.42857142857143,47.46666666666667,2.0,-0.08254611639660135,3.912023005428146
2026-04-10,F002,Running Sneakers V2,Fashion,StrideFlex,28,89.99,84.22,45,3789.9,2529.9,66.75,96.67,109,0,4,4,Easter,0.0643,-1.7,92.6042857142857,0.9358817646405156,0.8712113375400848,50.0,45.57142857142857,47.43333333333333,2.0,-0.06626613031207541,3.8066624897703196
2026-04-11,F002,Running Sneakers V2,Fashion,StrideFlex,28,89.99,82.11,64,5255.04,3463.04,65.9,102.48,55,1,5,4,Easter,0.0714,-1.7,89.77,0.9124347149683298,0.8012295081967212,45.0,48.42857142857143,47.86666666666667,1.0,-0.09163874132515974,4.1588830833596715
2026-04-12,F002,Running Sneakers V2,Fashion,StrideFlex,28,89.99,76.56,69,5282.64,3350.64,63.43,81.78,48,1,6,4,Easter,0.1,-1.7,86.45857142857143,0.8507611956884099,0.9361702127659575,64.0,51.857142857142854,48.13333333333333,1.0,-0.16162380590115824,4.23410650459726
2026-04-13,F002,Running Sneakers V2,Fashion,StrideFlex,28,89.99,81.76,59,4823.84,3171.84,65.75,92.1,68,0,0,4,Easter,0.1,-1.7,84.45857142857143,0.9085453939326593,0.8877307274701413,69.0,53.714285714285715,47.9,1.0,-0.09591042659046271,4.07753744390572
2026-04-14,F002,Running Sneakers V2,Fashion,StrideFlex,28,89.99,78.5,66,5181.0,3333.0,64.33,86.97,75,0,1,4,Easter,0.1,-1.7,82.35285714285715,0.8723191465718414,0.9026100954352075,59.0,57.0,48.166666666666664,1.0,-0.1365999282574943,4.189654742026425
2026-04-15,F002,Running Sneakers V2,Fashion,StrideFlex,28,89.99,74.38,60,4462.8,2782.8,62.36,101.26,72,0,2,4,Easter,0.1,-1.7,80.05571428571429,0.8265362818090899,0.7345447363223384,66.0,59.0,48.233333333333334,1.0,-0.1905114645489332,4.0943445622221
2026-04-16,F002,Running Sneakers V2,Fashion,StrideFlex,28,89.99,79.23,59,4674.57,3022.57,64.66,95.6,64,0,3,4,Easter,0.1,-1.7,79.53714285714285,0.8804311590176688,0.8287656903765691,60.0,60.285714285714285,48.3,1.0,-0.12734353806870646,4.07753744390572
2026-04-17,F002,Running Sneakers V2,Fashion,StrideFlex,28,89.99,74.9,76,5692.4,3564.4,62.62,80.12,66,0,4,4,Easter,0.1,-1.7,78.2057142857143,0.832314701633515,0.934847728407389,59.0,64.71428571428571,49.0,1.0,-0.18354466252268323,4.330733340286331
2026-04-18,F002,Running Sneakers V2,Fashion,StrideFlex,28,89.99,73.96,78,5768.88,3584.88,62.14,90.01,51,1,5,4,Easter,0.1,-1.7,77.04142857142857,0.8218690965662852,0.8216864792800799,76.0,66.71428571428571,49.5,1.0,-0.19617414652693305,4.356708826689592
2026-04-19,F002,Running Sneakers V2,Fashion,StrideFlex,28,89.99,79.45,64,5084.8,3292.8,64.76,98.28,70,1,6,4,Easter,0.0714,-1.7,77.45428571428572,0.8828758750972331,0.8084045584045584,78.0,66.0,49.8,1.0,-0.12457066006313211,4.1588830833596715
2026-04-20,F002,Running Sneakers V2,Fashion,StrideFlex,28,89.99,76.08,69,5249.52,3317.52,63.2,77.68,49,0,0,4,Easter,0.0643,-1.7,76.64285714285714,0.845427269696633,0.9794026776519051,64.0,67.42857142857143,50.13333333333333,1.0,-0.1679131348087223,4.23410650459726
2026-04-21,F002,Running Sneakers V2,Fashion,StrideFlex,28,89.99,80.66,54,4355.64,2843.64,65.29,77.84,106,0,1,4,Easter,0.0571,-1.7,76.95142857142856,0.8963218135348372,1.0362281603288797,69.0,65.71428571428571,49.96666666666667,2.0,-0.10945576360063508,3.9889840465642745
2026-04-22,F002,Running Sneakers V2,Fashion,StrideFlex,28,89.99,86.02,52,4473.04,3017.04,67.45,102.43,84,0,2,4,Easter,0.05,-1.7,78.61428571428571,0.9558839871096788,0.839793029385922,54.0,64.57142857142857,50.1,2.0,-0.04511872569026695,3.9512437185814275
2026-04-23,F002,Running Sneakers V2,Fashion,StrideFlex,28,89.99,85.68,51,4369.68,2941.68,67.32,88.29,102,0,3,4,Easter,0.0429,-1.7,79.53571428571429,0.9521057895321704,0.9704383282364933,52.0,63.42857142857143,50.46666666666667,2.0,-0.04907912690636367,3.9318256327243257
2026-04-24,F002,Running Sneakers V2,Fashion,StrideFlex,28,89.99,93.31,40,3732.4,2612.4,69.99,102.98,108,0,4,4,Easter,0.0357,-1.7,82.16571428571429,1.0368929881097901,0.9060982715090309,51.0,58.285714285714285,50.233333333333334,2.0,0.0362287302000736,3.6888794541139363
2026-04-25,F002,Running Sneakers V2,Fashion,StrideFlex,28,89.99,96.63,46,4444.98,3156.98,71.02,96.94,94,1,5,4,Easter,0.0286,-1.7,85.40428571428572,1.07378597621958,0.9968021456571075,40.0,53.714285714285715,50.6,2.0,0.07119069896536008,3.828641396489095
2026-04-26,F002,Running Sneakers V2,Fashion,StrideFlex,28,89.99,102.8,40,4112.0,2992.0,72.76,83.17,126,1,6,4,Easter,0.0214,-1.7,88.74,1.1423491499055451,1.2360226043044367,46.0,50.285714285714285,50.833333333333336,2.0,0.13308679997520764,3.6888794541139363
2026-04-27,F002,Running Sneakers V2,Fashion,StrideFlex,28,89.99,97.44,40,3897.6,2777.6,71.26,91.75,131,0,0,4,Easter,0.0143,-1.7,91.79142857142858,1.0827869763307034,1.0620163487738419,40.0,46.142857142857146,50.9,2.0,0.07953825091572973,3.6888794541139363
2026-04-28,F002,Running Sneakers V2,Fashion,StrideFlex,28,89.99,100.83,36,3629.88,2621.88,72.23,76.74,122,0,1,4,Easter,0.0071,-1.7,94.67285714285713,1.1204578286476277,1.3139171227521502,40.0,43.57142857142857,50.46666666666667,2.0,0.11373737735926695,3.58351893845611
2026-04-29,F002,Running Sneakers V2,Fashion,StrideFlex,28,89.99,99.45,39,3878.55,2786.55,71.85,85.18,136,0,2,4,Mothers Day,0.0129,-1.7,96.59142857142857,1.1051227914212691,1.1675275886358298,36.0,41.714285714285715,50.53333333333333,2.0,0.09995645225412413,3.6635616461296463
2026-04-30,F002,Running Sneakers V2,Fashion,StrideFlex,28,89.99,102.15,37,3779.55,2743.55,72.59,88.07,107,0,3,4,Mothers Day,0.0257,-1.7,98.94428571428571,1.135126125125014,1.1598728284319293,39.0,39.714285714285715,50.7,2.0,0.12674376821777397,3.6109179126442243
2026-05-01,F002,Running Sneakers V2,Fashion,StrideFlex,28,89.99,109.08,36,3926.88,2918.88,74.33,79.69,120,0,4,5,Mothers Day,0.0386,-1.7,101.19714285714285,1.2121346816312923,1.3688041159493036,37.0,39.142857142857146,50.833333333333336,2.0,0.1923830049315306,3.58351893845611
2026-05-02,F002,Running Sneakers V2,Fashion,StrideFlex,28,89.99,104.84,45,4717.8,3457.8,73.29,103.31,92,1,5,5,Mothers Day,0.0514,-1.7,102.36999999999999,1.1650183353705967,1.014809795760333,36.0,39.0,51.2,2.0,0.15273682540934844,3.8066624897703196
2026-05-03,F002,Running Sneakers V2,Fashion,StrideFlex,28,89.99,99.93,55,5496.15,3956.15,71.98,87.09,100,1,6,5,Mothers Day,0.0643,-1.7,101.96000000000001,1.110456717413046,1.1474336892869446,45.0,41.142857142857146,51.8,2.0,0.10477138782784087,4.007333185232471
2026-05-04,F002,Running Sneakers V2,Fashion,StrideFlex,28,89.99,94.98,52,4938.96,3482.96,70.52,97.75,86,0,0,5,Mothers Day,0.0771,-1.7,101.60857142857142,1.055450605622847,0.9716624040920716,55.0,42.857142857142854,52.06666666666667,2.0,0.053967790075118614,3.9512437185814275
2026-05-05,F002,Running Sneakers V2,Fashion,StrideFlex,28,89.99,92.61,54,5000.94,3488.94,69.77,94.22,82,0,1,5,Mothers Day,0.09,-1.7,100.43428571428572,1.0291143460384489,0.9829123328380387,52.0,45.42857142857143,52.36666666666667,2.0,0.028698574136320605,3.9889840465642745
2026-05-06,F002,Running Sneakers V2,Fashion,StrideFlex,28,89.99,95.52,45,4298.4,3038.4,70.69,82.45,92,0,2,5,Mothers Day,0.1029,-1.7,99.87285714285714,1.061451272363596,1.1585203153426318,54.0,46.285714285714285,52.333333333333336,2.0,0.05963709659843488,3.8066624897703196
2026-05-07,F002,Running Sneakers V2,Fashion,StrideFlex,28,89.99,91.7,56,5135.2,3567.2,69.47,102.15,91,0,3,5,Mothers Day,0.1157,-1.7,98.38000000000001,1.019002111345705,0.8976994615761136,45.0,49.0,52.766666666666666,2.0,0.018823826216561985,4.02535169073515
2026-05-08,F002,Running Sneakers V2,Fashion,StrideFlex,28,89.99,95.33,44,4194.52,2962.52,70.63,90.44,122,0,4,5,Mothers Day,0.1286,-1.7,96.41571428571429,1.0593399266585177,1.0540689960194605,56.0,50.142857142857146,52.7,2.0,0.057646003459629724,3.784189633918261
2026-02-07,F003,Leather Crossbody Bag,Fashion,CraftLeather,20,64.99,63.24,49,3098.76,2118.76,68.37,72.67,120,1,5,2,Valentines Day,0.1,-1.5,63.24,0.9730727804277582,0.8702353103068666,49.0,49.0,49.0,2.0,-0.027296399564986116,3.8918202981106265
2026-02-08,F003,Leather Crossbody Bag,Fashion,CraftLeather,20,64.99,62.59,61,3817.99,2597.99,68.05,70.46,77,1,6,2,Valentines Day,0.1143,-1.5,62.915000000000006,0.963071241729497,0.8883054215157538,49.0,55.0,55.0,1.0,-0.03762789096964727,4.110873864173311
2026-02-09,F003,Leather Crossbody Bag,Fashion,CraftLeather,20,64.99,58.2,56,3259.2,2139.2,65.64,66.77,75,0,0,2,Valentines Day,0.1286,-1.5,61.343333333333334,0.8955223880597016,0.8716489441365883,61.0,55.333333333333336,55.333333333333336,1.0,-0.11034805716886521,4.02535169073515
2026-02-10,F003,Leather Crossbody Bag,Fashion,CraftLeather,20,64.99,60.99,51,3110.49,2090.49,67.21,59.28,81,0,1,2,Valentines Day,0.1429,-1.5,61.255,0.9384520695491615,1.028846153846154,56.0,54.25,54.25,2.0,-0.06352349559789247,3.9318256327243257
2026-02-11,F003,Leather Crossbody Bag,Fashion,CraftLeather,20,64.99,52.67,70,3686.9,2286.9,62.03,71.05,73,0,2,2,Valentines Day,0.2,-1.5,59.538,0.8104323742114172,0.7413089373680507,51.0,57.4,57.4,1.0,-0.21018737841095944,4.248495242049359
2026-02-12,F003,Leather Crossbody Bag,Fashion,CraftLeather,20,64.99,58.96,53,3124.88,2064.88,66.08,70.28,100,0,3,2,Valentines Day,0.2,-1.5,59.44166666666667,0.9072164948453609,0.8389299943084804,70.0,56.666666666666664,56.666666666666664,2.0,-0.09737416402517624,3.970291913552122
2026-02-13,F003,Leather Crossbody Bag,Fashion,CraftLeather,20,64.99,52.25,72,3762.0,2322.0,61.72,63.53,38,0,4,2,Valentines Day,0.2,-1.5,58.41428571428572,0.8039698415140791,0.8224460884621438,53.0,58.857142857142854,58.857142857142854,1.0,-0.21819352106133708,4.276666119016055
2026-02-14,F003,Leather Crossbody Bag,Fashion,CraftLeather,20,64.99,55.97,70,3917.9,2517.9,64.27,55.24,57,1,5,2,Valentines Day,0.2,-1.5,57.37571428571429,0.861209416833359,1.0132150615496016,72.0,61.857142857142854,60.25,1.0,-0.14941757900298921,4.248495242049359
2026-02-15,F003,Leather Crossbody Bag,Fashion,CraftLeather,20,64.99,53.98,77,4156.46,2616.46,62.95,74.21,35,1,6,2,Valentines Day,0.2,-1.5,56.14571428571429,0.8305893214340668,0.7273952297534025,70.0,64.14285714285714,62.111111111111114,1.0,-0.18561980431639885,4.343805421853684
2026-02-16,F003,Leather Crossbody Bag,Fashion,CraftLeather,20,64.99,53.6,61,3269.6,2049.6,62.69,59.73,58,0,0,2,Valentines Day,0.2,-1.5,55.488571428571426,0.8247422680412372,0.8973715051063118,77.0,64.85714285714286,62.0,1.0,-0.19268434382950111,4.110873864173311
2026-02-17,F003,Leather Crossbody Bag,Fashion,CraftLeather,20,64.99,57.87,54,3124.98,2044.98,65.44,69.71,106,0,1,2,Valentines Day,0.2,-1.5,55.04285714285714,0.8904446837975073,0.8301534930426051,61.0,65.28571428571429,61.27272727272727,2.0,-0.11603429632051013,3.9889840465642745
2026-02-18,F003,Leather Crossbody Bag,Fashion,CraftLeather,20,64.99,54.38,59,3208.42,2028.42,63.22,61.58,91,0,2,2,Valentines Day,0.1429,-1.5,55.287142857142854,0.8367441144791508,0.8830789217278338,54.0,63.714285714285715,61.083333333333336,2.0,-0.17823697270193273,4.07753744390572
2026-02-19,F003,Leather Crossbody Bag,Fashion,CraftLeather,20,64.99,58.35,58,3384.3,2224.3,65.72,62.47,100,0,3,2,Valentines Day,0.1286,-1.5,55.199999999999996,0.897830435451608,0.9340483432047383,59.0,64.42857142857143,60.84615384615385,2.0,-0.10777405317369244,4.060443010546419
2026-02-20,F003,Leather Crossbody Bag,Fashion,CraftLeather,20,64.99,59.86,59,3531.74,2351.74,66.59,66.76,88,0,4,2,Valentines Day,0.1143,-1.5,56.287142857142854,0.9210647791967995,0.8966446974236069,58.0,62.57142857142857,60.714285714285715,2.0,-0.08222490948170462,4.07753744390572
2026-02-21,F003,Leather Crossbody Bag,Fashion,CraftLeather,20,64.99,63.13,52,3282.76,2242.76,68.32,69.07,83,1,5,2,Valentines Day,0.1,-1.5,57.31,0.9713802123403602,0.9140002895613147,59.0,60.0,60.13333333333333,2.0,-0.029037319526723105,3.9512437185814275
2026-02-22,F003,Leather Crossbody Bag,Fashion,CraftLeather,20,64.99,65.81,57,3751.17,2611.17,69.61,73.81,68,1,6,2,Valentines Day,0.0857,-1.5,59.0,1.012617325742422,0.8916136024928871,52.0,57.142857142857146,59.9375,1.0,0.012538390561770354,4.04305126783455
2026-02-23,F003,Leather Crossbody Bag,Fashion,CraftLeather,20,64.99,68.29,37,2526.73,1786.73,70.71,61.02,135,0,0,2,Valentines Day,0.0714,-1.5,61.09857142857144,1.050777042621942,1.1191412651589643,57.0,53.714285714285715,58.588235294117645,2.0,0.04952993106674058,3.6109179126442243
2026-02-24,F003,Leather Crossbody Bag,Fashion,CraftLeather,20,64.99,68.21,42,2864.82,2024.82,70.68,65.26,116,0,1,2,Valentines Day,0.0571,-1.5,62.57571428571429,1.0495460840129252,1.0452038001838797,37.0,52.0,57.666666666666664,2.0,0.04835776976037053,3.7376696182833684
2026-02-25,F003,Leather Crossbody Bag,Fashion,CraftLeather,20,64.99,71.9,37,2660.3,1920.3,72.18,71.38,134,0,2,2,Valentines Day,0.0429,-1.5,65.07857142857144,1.1063240498538238,1.0072849537685629,42.0,48.857142857142854,56.578947368421055,2.0,0.10104285282074363,3.6109179126442243
2026-02-26,F003,Leather Crossbody Bag,Fashion,CraftLeather,20,64.99,71.61,43,3079.23,2219.23,72.07,73.2,122,0,3,2,Valentines Day,0.0286,-1.5,66.97285714285714,1.101861824896138,0.9782786885245901,37.0,46.714285714285715,55.9,2.0,0.09700131711259107,3.7612001156935624
2026-02-27,F003,Leather Crossbody Bag,Fashion,CraftLeather,20,64.99,74.73,36,2690.28,1970.28,73.24,60.59,140,0,4,2,Valentines Day,0.0143,-1.5,69.09714285714286,1.1498692106477921,1.2333718435385377,43.0,43.42857142857143,54.95238095238095,2.0,0.13964820603594136,3.58351893845611
2026-02-28,F003,Leather Crossbody Bag,Fashion,CraftLeather,20,64.99,73.17,37,2707.29,1967.29,72.67,61.78,145,1,5,2,Valentines Day,0.0,-1.5,70.53142857142858,1.125865517771965,1.1843638718031726,36.0,41.285714285714285,54.13636363636363,2.0,0.11855208898968114,3.6109179126442243
2026-03-01,F003,Leather Crossbody Bag,Fashion,CraftLeather,20,64.99,75.54,41,3097.14,2277.14,73.52,69.42,120,1,6,3,Valentines Day,0.0,-1.5,71.92142857142858,1.162332666564087,1.0881590319792567,37.0,39.0,53.56521739130435,2.0,0.15042890537805342,3.713572066704308
2026-03-02,F003,Leather Crossbody Bag,Fashion,CraftLeather,20,64.99,74.67,36,2688.12,1968.12,73.22,62.66,115,0,0,3,Valentines Day,0.0,-1.5,72.83285714285714,1.1489459916910294,1.1916693265240983,41.0,38.857142857142854,52.833333333333336,2.0,0.13884499314135282,3.58351893845611
2026-03-03,F003,Leather Crossbody Bag,Fashion,CraftLeather,20,64.99,75.62,36,2722.32,2002.32,73.55,62.74,109,0,1,3,Valentines Day,0.0,-1.5,73.89142857142858,1.1635636251731036,1.2052916799489959,36.0,38.0,52.16,2.0,0.15148738655652935,3.58351893845611
