backend/data/features.csv
date,product_id,product_name,category,brand,cost,base_price,price,demand,revenue,profit,margin,competitor_price,stock,is_weekend,day_of_week,month,holiday_name,holiday_boost,elasticity,price_lag_7d,price_to_base,price_to_competitor,demand_lag_1d,demand_lag_7d,demand_lag_30d,stock_level,log_price_ratio,log_demand
2026-03-04,F003,Leather Crossbody Bag,Fashion,CraftLeather,20,64.99,70.47,36,2536.92,1816.92,71.62,68.98,141,0,2,3,Valentines Day,0.0,-1.5,73.68714285714286,1.0843206647176489,1.0216004639025804,36.0,37.857142857142854,51.53846153846154,2.0,0.08095367543267361,3.58351893845611
2026-03-05,F003,Leather Crossbody Bag,Fashion,CraftLeather,20,64.99,73.21,35,2562.35,1862.35,72.68,56.25,130,0,3,3,Valentines Day,0.0,-1.5,73.9157142857143,1.1264809970764733,1.301511111111111,36.0,36.714285714285715,50.925925925925924,2.0,0.1190986117522938,3.5553480614894135
2026-03-06,F003,Leather Crossbody Bag,Fashion,CraftLeather,20,64.99,72.08,37,2666.96,1926.96,72.25,58.74,138,0,4,3,Valentines Day,0.0,-1.5,73.53714285714285,1.1090937067241116,1.2271024855294517,35.0,36.857142857142854,50.42857142857143,2.0,0.1035432013938251,3.6109179126442243
2026-03-07,F003,Leather Crossbody Bag,Fashion,CraftLeather,20,64.99,64.76,53,3432.28,2372.28,69.12,57.81,109,1,5,3,Valentines Day,0.0,-1.5,72.33571428571429,0.996460993999077,1.1202214149801073,37.0,39.142857142857146,50.51724137931034,2.0,-0.003545283096822964,3.970291913552122
2026-03-08,F003,Leather Crossbody Bag,Fashion,CraftLeather,20,64.99,66.08,44,2907.52,2027.52,69.73,60.9,127,1,6,3,Valentines Day,0.0,-1.5,70.98428571428572,1.0167718110478536,1.085057471264368,53.0,39.57142857142857,50.3,2.0,0.01663271730646523,3.784189633918261
2026-03-09,F003,Leather Crossbody Bag,Fashion,CraftLeather,20,64.99,67.06,42,2816.52,1976.52,70.18,60.12,121,0,0,3,Valentines Day,0.0,-1.5,69.89714285714287,1.031851054008309,1.1154357950765137,44.0,40.42857142857143,50.06666666666667,2.0,0.03135432913182501,3.7376696182833684
2026-03-10,F003,Leather Crossbody Bag,Fashion,CraftLeather,20,64.99,65.33,43,2809.19,1949.19,69.39,72.91,94,0,1,3,Valentines Day,0.0,-1.5,68.42714285714285,1.0052315740883213,0.8960362090248252,42.0,41.42857142857143,49.46666666666667,2.0,0.005217936946401493,3.7612001156935624
2026-03-11,F003,Leather Crossbody Bag,Fashion,CraftLeather,20,64.99,60.3,48,2894.4,1934.4,66.83,65.94,96,0,2,3,Valentines Day,0.0,-1.5,66.97428571428571,0.9278350515463918,0.9144676979071883,43.0,43.142857142857146,49.2,2.0,-0.07490130817311771,3.871201010907891
2026-03-12,F003,Leather Crossbody Bag,Fashion,CraftLeather,20,64.99,57.25,45,2576.25,1676.25,65.07,67.35,103,0,3,3,Valentines Day,0.0,-1.5,64.69428571428571,0.8809047545776274,0.8500371195248702,48.0,44.57142857142857,49.0,2.0,-0.12680576947190839,3.8066624897703196
2026-03-13,F003,Leather Crossbody Bag,Fashion,CraftLeather,20,64.99,56.52,58,3278.16,2118.16,64.61,56.57,95,0,4,3,Valentines Day,0.0,-1.5,62.471428571428575,0.8696722572703494,0.9991161392964469,45.0,47.57142857142857,48.6,2.0,-0.13963885408993074,4.060443010546419
2026-03-14,F003,Leather Crossbody Bag,Fashion,CraftLeather,20,64.99,55.5,53,2941.5,1881.5,63.96,68.61,87,1,5,3,Valentines Day,0.0,-1.5,61.14857142857142,0.8539775350053855,0.8089199825098382,58.0,47.57142857142857,48.6,2.0,-0.1578503911538686,3.970291913552122
2026-03-15,F003,Leather Crossbody Bag,Fashion,CraftLeather,20,64.99,55.41,59,3269.19,2089.19,63.91,73.66,88,1,6,3,Valentines Day,0.0,-1.5,59.62428571428571,0.8525927065702416,0.7522400217214228,53.0,49.714285714285715,48.166666666666664,2.0,-0.15947332902699926,4.07753744390572
2026-03-16,F003,Leather Crossbody Bag,Fashion,CraftLeather,20,64.99,57.47,56,3218.32,2098.32,65.2,59.12,85,0,0,3,Valentines Day,0.0,-1.5,58.25428571428571,0.8842898907524235,0.9720906630581868,59.0,51.714285714285715,47.7,2.0,-0.12297033938660733,4.02535169073515
2026-03-17,F003,Leather Crossbody Bag,Fashion,CraftLeather,20,64.99,54.49,56,3051.44,1931.44,63.3,60.66,79,0,1,3,Easter,0.0,-1.5,56.705714285714286,0.8384366825665488,0.8982855258819651,56.0,53.57142857142857,47.0,1.0,-0.17621621331125042,4.02535169073515
2026-03-18,F003,Leather Crossbody Bag,Fashion,CraftLeather,20,64.99,56.39,52,2932.28,1892.28,64.53,56.56,97,0,2,3,Easter,0.0,-1.5,56.14714285714285,0.8676719495306972,0.996994342291372,56.0,54.142857142857146,46.7,2.0,-0.14194157408716662,3.9512437185814275
2026-03-19,F003,Leather Crossbody Bag,Fashion,CraftLeather,20,64.99,56.1,48,2692.8,1732.8,64.35,69.63,112,0,3,3,Easter,0.0,-1.5,55.98285714285714,0.8632097245730114,0.8056872037914693,52.0,54.57142857142857,46.5,2.0,-0.14709759937760672,3.871201010907891
2026-03-20,F003,Leather Crossbody Bag,Fashion,CraftLeather,20,64.99,54.15,51,2761.65,1741.65,63.07,62.99,89,0,4,3,Easter,0.0,-1.5,55.644285714285715,0.8332051084782275,0.8596602635338942,48.0,53.57142857142857,46.233333333333334,2.0,-0.18247543845925782,3.9318256327243257
2026-03-21,F003,Leather Crossbody Bag,Fashion,CraftLeather,20,64.99,59.1,49,2895.9,1915.9,66.16,60.48,93,1,5,3,Easter,0.0,-1.5,56.15857142857143,0.9093706724111402,0.9771825396825398,51.0,53.0,45.93333333333333,2.0,-0.09500248749420495,3.8918202981106265
2026-03-22,F003,Leather Crossbody Bag,Fashion,CraftLeather,20,64.99,61.43,53,3255.79,2195.79,67.44,67.01,77,1,6,3,Easter,0.0,-1.5,57.01857142857143,0.9452223418987538,0.9167288464408296,49.0,52.142857142857146,45.733333333333334,1.0,-0.05633509673042136,3.970291913552122
2026-03-23,F003,Leather Crossbody Bag,Fashion,CraftLeather,20,64.99,61.9,44,2723.6,1843.6,67.69,66.92,117,0,0,3,Easter,0.0,-1.5,57.651428571428575,0.9524542237267273,0.9249850567842199,53.0,50.42857142857143,45.46666666666667,2.0,-0.048713232215707,3.784189633918261
2026-03-24,F003,Leather Crossbody Bag,Fashion,CraftLeather,20,64.99,62.46,48,2998.08,2038.08,67.98,55.54,123,0,1,3,Easter,0.0,-1.5,58.79,0.9610709339898447,1.1245948865682391,44.0,49.285714285714285,45.166666666666664,2.0,-0.03970706005132492,3.871201010907891
2026-03-25,F003,Leather Crossbody Bag,Fashion,CraftLeather,20,64.99,68.6,35,2401.0,1701.0,70.85,69.02,134,0,2,3,Easter,0.0,-1.5,60.534285714285716,1.0555470072318818,0.9939148073022313,48.0,46.857142857142854,45.1,2.0,0.05405912282558197,3.5553480614894135
2026-03-26,F003,Leather Crossbody Bag,Fashion,CraftLeather,20,64.99,66.77,37,2470.49,1730.49,70.05,66.89,141,0,3,3,Easter,0.0,-1.5,62.058571428571426,1.0273888290506232,0.9982060098669456,35.0,45.285714285714285,44.93333333333333,2.0,0.02702046596351998,3.6109179126442243
2026-03-27,F003,Leather Crossbody Bag,Fashion,CraftLeather,20,64.99,71.8,37,2656.6,1916.6,72.14,59.19,130,0,4,3,Easter,0.0,-1.5,64.58,1.1047853515925528,1.2130427437067073,37.0,43.285714285714285,44.93333333333333,2.0,0.09965106414792103,3.6109179126442243
2026-03-28,F003,Leather Crossbody Bag,Fashion,CraftLeather,20,64.99,74.28,43,3194.04,2334.04,73.07,63.2,95,1,5,3,Easter,0.0,-1.5,66.74857142857142,1.1429450684720728,1.1753164556962026,37.0,42.42857142857143,44.93333333333333,2.0,0.13360832457824767,3.7612001156935624
2026-03-29,F003,Leather Crossbody Bag,Fashion,CraftLeather,20,64.99,70.45,45,3170.25,2270.25,71.61,64.02,128,1,6,3,Easter,0.0,-1.5,68.03714285714285,1.0840129250653947,1.1004373633239615,43.0,41.285714285714285,45.233333333333334,2.0,0.08066982643843174,3.8066624897703196
2026-03-30,F003,Leather Crossbody Bag,Fashion,CraftLeather,20,64.99,76.45,32,2446.4,1806.4,73.84,58.92,143,0,0,3,Easter,0.0,-1.5,70.11571428571429,1.1763348207416526,1.2975220638153429,45.0,39.57142857142857,45.06666666666667,2.0,0.16240352046881384,3.4657359027997265
2026-03-31,F003,Leather Crossbody Bag,Fashion,CraftLeather,20,64.99,74.64,34,2537.76,1857.76,73.2,57.05,142,0,1,3,Easter,0.0,-1.5,71.85571428571428,1.1484843822126483,1.3083260297984225,32.0,37.57142857142857,44.833333333333336,2.0,0.138443144632831,3.5263605246161616
2026-04-01,F003,Leather Crossbody Bag,Fashion,CraftLeather,20,64.99,74.43,37,2753.91,2013.91,73.13,60.29,123,0,2,4,Easter,0.0,-1.5,72.68857142857142,1.1452531158639794,1.2345330900646874,34.0,37.857142857142854,44.86666666666667,2.0,0.1356256744655621,3.6109179126442243
2026-04-02,F003,Leather Crossbody Bag,Fashion,CraftLeather,20,64.99,77.67,36,2796.12,2076.12,74.25,67.67,118,0,3,4,Easter,0.0071,-1.5,74.24571428571429,1.1951069395291585,1.1477759716270135,37.0,37.714285714285715,44.86666666666667,2.0,0.17823567052529857,3.58351893845611
2026-04-03,F003,Leather Crossbody Bag,Fashion,CraftLeather,20,64.99,72.45,37,2680.65,1940.65,72.39,59.13,141,0,4,4,Easter,0.0143,-1.5,74.33857142857143,1.114786890290814,1.2252663622526636,36.0,37.714285714285715,44.9,2.0,0.1086632568604339,3.6109179126442243
2026-04-04,F003,Leather Crossbody Bag,Fashion,CraftLeather,20,64.99,70.71,41,2899.11,2079.11,71.72,60.52,108,1,5,4,Easter,0.0214,-1.5,73.82857142857144,1.0880135405446991,1.1683740912095173,37.0,37.42857142857143,45.1,2.0,0.08435359370989186,3.713572066704308
2026-04-05,F003,Leather Crossbody Bag,Fashion,CraftLeather,20,64.99,70.59,41,2894.19,2074.19,71.67,69.53,122,1,6,4,Easter,0.0286,-1.5,73.84857142857143,1.086167102631174,1.0152452178915576,41.0,36.857142857142854,45.233333333333334,2.0,0.08265507950112337,3.713572066704308
2026-04-06,F003,Leather Crossbody Bag,Fashion,CraftLeather,20,64.99,67.82,42,2848.44,2008.44,70.51,73.79,130,0,0,4,Easter,0.0357,-1.5,72.61571428571429,1.0435451607939683,0.919094728282965,41.0,38.285714285714285,44.86666666666667,2.0,0.042623724791235044,3.7376696182833684
2026-04-07,F003,Leather Crossbody Bag,Fashion,CraftLeather,20,64.99,67.99,42,2855.58,2015.58,70.58,73.43,118,0,1,4,Easter,0.0429,-1.5,71.66571428571429,1.0461609478381289,0.9259158382132642,42.0,39.42857142857143,44.8,2.0,0.04512722363211067,3.7376696182833684
2026-04-08,F003,Leather Crossbody Bag,Fashion,CraftLeather,20,64.99,65.93,39,2571.27,1791.27,69.66,69.73,132,0,2,4,Easter,0.05,-1.5,70.45142857142858,1.0144637636559473,0.9455040871934606,42.0,39.714285714285715,44.7,2.0,0.014360161218950958,3.6635616461296463
2026-04-09,F003,Leather Crossbody Bag,Fashion,CraftLeather,20,64.99,61.47,48,2950.56,1990.56,67.46,62.48,121,0,3,4,Easter,0.0571,-1.5,68.13714285714285,0.9458378212032621,0.9838348271446863,39.0,41.42857142857143,44.86666666666667,2.0,-0.05568416098733937,3.871201010907891
2026-04-10,F003,Leather Crossbody Bag,Fashion,CraftLeather,20,64.99,63.12,56,3534.72,2414.72,68.31,60.48,83,0,4,4,Easter,0.0643,-1.5,66.80428571428571,0.971226342514233,1.0436507936507937,48.0,44.142857142857146,45.13333333333333,2.0,-0.029195735368638658,4.02535169073515
2026-04-11,F003,Leather Crossbody Bag,Fashion,CraftLeather,20,64.99,59.85,62,3710.7,2470.7,66.58,70.59,74,1,5,4,Easter,0.0714,-1.5,65.25285714285714,0.9209109093706725,0.8478538036549086,56.0,47.142857142857146,45.7,1.0,-0.08239197990227522,4.127134385045092
2026-04-12,F003,Leather Crossbody Bag,Fashion,CraftLeather,20,64.99,55.14,72,3970.08,2530.08,63.73,69.0,53,1,6,4,Easter,0.1,-1.5,63.04571428571428,0.84843822126481,0.7991304347826087,62.0,51.57142857142857,46.166666666666664,1.0,-0.16435800631060674,4.276666119016055
2026-04-13,F003,Leather Crossbody Bag,Fashion,CraftLeather,20,64.99,60.43,48,2900.64,1940.64,66.9,73.5,87,0,0,4,Easter,0.1,-1.5,61.99,0.9298353592860441,0.8221768707482994,72.0,52.42857142857143,46.0,2.0,-0.07274774153279025,3.871201010907891
2026-04-14,F003,Leather Crossbody Bag,Fashion,CraftLeather,20,64.99,54.65,64,3497.6,2217.6,63.4,63.9,53,0,1,4,Easter,0.1,-1.5,60.08428571428571,0.8408985997845823,0.8552425665101722,48.0,55.57142857142857,46.166666666666664,1.0,-0.17328419728370992,4.1588830833596715
2026-04-15,F003,Leather Crossbody Bag,Fashion,CraftLeather,20,64.99,55.34,50,2767.0,1767.0,63.86,56.34,100,0,2,4,Easter,0.1,-1.5,58.57142857142857,0.8515156177873521,0.982250621228257,64.0,57.142857142857146,45.96666666666667,2.0,-0.16073743754747746,3.912023005428146
2026-04-16,F003,Leather Crossbody Bag,Fashion,CraftLeather,20,64.99,54.33,67,3640.11,2300.11,63.19,68.02,56,0,3,4,Easter,0.1,-1.5,57.55142857142857,0.8359747653485152,0.798735665980594,50.0,59.857142857142854,46.333333333333336,1.0,-0.17915685134282572,4.204692619390966
2026-04-17,F003,Leather Crossbody Bag,Fashion,CraftLeather,20,64.99,55.17,58,3199.86,2039.86,63.75,56.62,71,0,4,4,Easter,0.1,-1.5,56.41571428571429,0.8488998307431913,0.9743906746732605,67.0,60.142857142857146,46.53333333333333,1.0,-0.16381408462191804,4.060443010546419
2026-04-18,F003,Leather Crossbody Bag,Fashion,CraftLeather,20,64.99,58.09,65,3775.85,2475.85,65.57,71.11,77,1,5,4,Easter,0.1,-1.5,56.16428571428571,0.8938298199723036,0.816903389115455,58.0,60.57142857142857,47.1,1.0,-0.11223987990181619,4.174387269895637
2026-04-19,F003,Leather Crossbody Bag,Fashion,CraftLeather,20,64.99,57.1,60,3426.0,2226.0,64.97,61.28,70,1,6,4,Easter,0.0714,-1.5,56.44428571428572,0.878596707185721,0.9317885117493473,65.0,58.857142857142854,47.4,1.0,-0.1294292952442928,4.0943445622221
2026-04-20,F003,Leather Crossbody Bag,Fashion,CraftLeather,20,64.99,65.01,49,3185.49,2205.49,69.24,62.2,96,0,0,4,Easter,0.0643,-1.5,57.098571428571425,1.0003077396522544,1.045176848874598,60.0,59.0,47.4,2.0,0.00030769231012005814,3.8918202981106265
2026-04-21,F003,Leather Crossbody Bag,Fashion,CraftLeather,20,64.99,61.96,50,3098.0,2098.0,67.72,61.24,117,0,1,4,Easter,0.0571,-1.5,58.142857142857146,0.9533774426834899,1.0117570215545395,49.0,57.0,47.3,2.0,-0.0477443963575895,3.912023005428146
2026-04-22,F003,Leather Crossbody Bag,Fashion,CraftLeather,20,64.99,62.72,48,3010.56,2050.56,68.11,62.15,104,0,2,4,Easter,0.05,-1.5,59.19714285714286,0.9650715494691492,1.0091713596138374,50.0,56.714285714285715,47.43333333333333,2.0,-0.035553035864105006,3.871201010907891
2026-04-23,F003,Leather Crossbody Bag,Fashion,CraftLeather,20,64.99,64.54,41,2646.14,1826.14,69.01,66.03,118,0,3,4,Easter,0.0429,-1.5,60.65571428571429,0.9930758578242809,0.977434499469938,48.0,53.0,47.2,2.0,-0.006948225282441534,3.713572066704308
2026-04-24,F003,Leather Crossbody Bag,Fashion,CraftLeather,20,64.99,67.73,40,2709.2,1909.2,70.47,68.44,134,0,4,4,Easter,0.0357,-1.5,62.449999999999996,1.0421603323588247,0.989625949736996,41.0,50.42857142857143,47.36666666666667,2.0,0.041295801320554985,3.6888794541139363
2026-04-25,F003,Leather Crossbody Bag,Fashion,CraftLeather,20,64.99,69.77,47,3279.19,2339.19,71.33,63.8,110,1,5,4,Easter,0.0286,-1.5,64.11857142857143,1.073549776888752,1.0935736677115988,40.0,47.857142857142854,47.7,2.0,0.07097070604488766,3.8501476017100584
2026-04-26,F003,Leather Crossbody Bag,Fashion,CraftLeather,20,64.99,71.64,39,2793.96,2013.96,72.08,58.74,130,1,6,4,Easter,0.0214,-1.5,66.19571428571429,1.1023234343745192,1.219611848825332,47.0,44.857142857142854,47.766666666666666,2.0,0.09742016528625354,3.6635616461296463
2026-04-27,F003,Leather Crossbody Bag,Fashion,CraftLeather,20,64.99,71.42,36,2571.12,1851.12,72.0,58.46,108,0,0,4,Easter,0.0143,-1.5,67.11142857142856,1.098938298199723,1.2216900444748546,39.0,43.0,47.53333333333333,2.0,0.09434453026004494,3.58351893845611
2026-04-28,F003,Leather Crossbody Bag,Fashion,CraftLeather,20,64.99,75.33,36,2711.88,1991.88,73.45,65.28,114,0,1,4,Easter,0.0071,-1.5,69.02142857142857,1.1591014002154179,1.1539522058823528,36.0,41.0,47.233333333333334,2.0,0.14764504993134592,3.58351893845611
2026-04-29,F003,Leather Crossbody Bag,Fashion,CraftLeather,20,64.99,72.88,32,2332.16,1692.16,72.56,57.3,125,0,2,4,Mothers Day,0.0129,-1.5,70.47285714285714,1.1214032928142792,1.2719022687609074,36.0,38.714285714285715,47.233333333333334,2.0,0.11458084104544544,3.4657359027997265
2026-04-30,F003,Leather Crossbody Bag,Fashion,CraftLeather,20,64.99,79.42,33,2620.86,1960.86,74.82,60.03,116,0,3,4,Mothers Day,0.0257,-1.5,72.59857142857142,1.2220341591014003,1.3230051640846243,32.0,37.57142857142857,47.2,2.0,0.200516813796848,3.4965075614664802
2026-05-01,F003,Leather Crossbody Bag,Fashion,CraftLeather,20,64.99,72.0,40,2880.0,2080.0,72.22,59.52,138,0,4,5,Mothers Day,0.0386,-1.5,73.20857142857143,1.1078627481150947,1.2096774193548387,33.0,37.57142857142857,47.3,2.0,0.10243270710979782,3.6888794541139363
2026-05-02,F003,Leather Crossbody Bag,Fashion,CraftLeather,20,64.99,76.25,52,3965.0,2925.0,73.77,63.35,93,1,5,5,Mothers Day,0.0514,-1.5,74.13428571428572,1.1732574242191107,1.2036306235201262,40.0,38.285714285714285,47.833333333333336,2.0,0.15978400358126357,3.9512437185814275
2026-05-03,F003,Leather Crossbody Bag,Fashion,CraftLeather,20,64.99,77.08,46,3545.68,2625.68,74.05,68.93,95,1,6,5,Mothers Day,0.0643,-1.5,74.91142857142857,1.1860286197876597,1.1182358914841142,52.0,39.285714285714285,48.13333333333333,2.0,0.1706104316399082,3.828641396489095
2026-05-04,F003,Leather Crossbody Bag,Fashion,CraftLeather,20,64.99,67.1,48,3220.8,2260.8,70.19,72.21,109,0,0,5,Mothers Day,0.0771,-1.5,74.29428571428572,1.0324665333128173,0.9292341780916771,46.0,41.0,48.36666666666667,2.0,0.03195063207137858,3.871201010907891
2026-05-05,F003,Leather Crossbody Bag,Fashion,CraftLeather,20,64.99,68.74,47,3230.78,2290.78,70.9,67.05,91,0,1,5,Mothers Day,0.09,-1.5,73.35285714285715,1.0577011847976612,1.0252050708426548,48.0,42.57142857142857,48.56666666666667,2.0,0.05609785951543031,3.8501476017100584
2026-05-06,F003,Leather Crossbody Bag,Fashion,CraftLeather,20,64.99,67.21,48,3226.08,2266.08,70.24,68.73,92,0,2,5,Mothers Day,0.1029,-1.5,72.54285714285713,1.0341591014002154,0.977884475483777,47.0,44.857142857142854,48.766666666666666,2.0,0.033588634075616956,3.871201010907891
2026-05-07,F003,Leather Crossbody Bag,Fashion,CraftLeather,20,64.99,68.69,47,3228.43,2288.43,70.88,59.23,106,0,3,5,Mothers Day,0.1157,-1.5,71.01,1.0569318356670256,1.1597163599527267,48.0,46.857142857142854,48.93333333333333,2.0,0.05537021631953268,3.8501476017100584
2026-05-08,F003,Leather Crossbody Bag,Fashion,CraftLeather,20,64.99,64.41,54,3478.14,2398.14,68.95,70.7,75,0,4,5,Mothers Day,0.1286,-1.5,69.92571428571428,0.9910755500846284,0.911032531824611,47.0,48.857142857142854,49.43333333333333,1.0,-0.008964511347458123,3.9889840465642745
