backend/data/features.csv
date,product_id,product_name,category,brand,cost,base_price,price,demand,revenue,profit,margin,competitor_price,stock,is_weekend,day_of_week,month,holiday_name,holiday_boost,elasticity,price_lag_7d,price_to_base,price_to_competitor,demand_lag_1d,demand_lag_7d,demand_lag_30d,stock_level,log_price_ratio,log_demand
2026-02-07,F004,Aviator Sunglasses,Fashion,ShadeCraft,8,29.99,32.35,49,1585.15,1193.15,75.27,31.15,110,1,5,2,Valentines Day,0.1,-2.8,32.35,1.0786928976325443,1.0385232744783308,49.0,49.0,49.0,2.0,0.07575002818599194,3.8918202981106265
2026-02-08,F004,Aviator Sunglasses,Fashion,ShadeCraft,8,29.99,29.31,82,2403.42,1747.42,72.71,33.01,49,1,6,2,Valentines Day,0.1143,-2.8,30.83,0.9773257752584195,0.8879127537109966,49.0,65.5,65.5,1.0,-0.02293523803811667,4.406719247264253
2026-02-09,F004,Aviator Sunglasses,Fashion,ShadeCraft,8,29.99,28.11,78,2192.58,1568.58,71.54,28.49,56,0,0,2,Valentines Day,0.1286,-2.8,29.923333333333332,0.9373124374791597,0.9866619866619867,82.0,69.66666666666667,69.66666666666667,1.0,-0.06473860784247722,4.356708826689592
2026-02-10,F004,Aviator Sunglasses,Fashion,ShadeCraft,8,29.99,26.16,86,2249.76,1561.76,69.42,33.18,43,0,1,2,Valentines Day,0.1429,-2.8,28.9825,0.8722907635878626,0.7884267631103075,78.0,73.75,73.75,1.0,-0.13663246617191976,4.454347296253507
2026-02-11,F004,Aviator Sunglasses,Fashion,ShadeCraft,8,29.99,25.93,94,2437.42,1685.42,69.15,28.98,24,0,2,2,Valentines Day,0.2,-2.8,28.372000000000003,0.8646215405135045,0.8947550034506556,86.0,77.8,77.8,1.0,-0.14546339321034474,4.543294782270004
2026-02-12,F004,Aviator Sunglasses,Fashion,ShadeCraft,8,29.99,26.06,94,2449.64,1697.64,69.3,26.09,27,0,3,2,Valentines Day,0.2,-2.8,27.986666666666665,0.8689563187729243,0.9988501341510156,94.0,80.5,80.5,1.0,-0.14046242106421863,4.543294782270004
2026-02-13,F004,Aviator Sunglasses,Fashion,ShadeCraft,8,29.99,26.48,73,1933.04,1349.04,69.79,34.2,37,0,4,2,Valentines Day,0.2,-2.8,27.771428571428572,0.8829609869956653,0.7742690058479532,94.0,79.42857142857143,79.42857142857143,1.0,-0.12447426169211019,4.290459441148391
2026-02-14,F004,Aviator Sunglasses,Fashion,ShadeCraft,8,29.99,24.97,123,3071.31,2087.31,67.96,28.87,5,1,5,2,Valentines Day,0.2,-2.8,26.717142857142857,0.8326108702900967,0.8649116730169726,73.0,90.0,84.875,0.0,-0.18318888846923584,4.812184355372417
2026-02-15,F004,Aviator Sunglasses,Fashion,ShadeCraft,8,29.99,23.83,144,3431.52,2279.52,66.43,27.47,5,1,6,2,Valentines Day,0.2,-2.8,25.934285714285714,0.7945981993997999,0.8674918092464506,123.0,98.85714285714286,91.44444444444444,0.0,-0.22991870165026698,4.969813299576001
2026-02-16,F004,Aviator Sunglasses,Fashion,ShadeCraft,8,29.99,25.15,101,2540.15,1732.15,68.19,28.82,5,0,0,2,Valentines Day,0.2,-2.8,25.51142857142857,0.8386128709569857,0.8726578764746703,144.0,102.14285714285714,92.4,0.0,-0.1760060962151695,4.61512051684126
2026-02-17,F004,Aviator Sunglasses,Fashion,ShadeCraft,8,29.99,26.9,94,2528.6,1776.6,70.26,31.87,5,0,1,2,Valentines Day,0.2,-2.8,25.617142857142856,0.8969656552184061,0.8440539692500784,101.0,103.28571428571429,92.54545454545455,0.0,-0.10873770615312434,4.543294782270004
2026-02-18,F004,Aviator Sunglasses,Fashion,ShadeCraft,8,29.99,27.23,71,1933.33,1365.33,70.62,29.85,38,0,2,2,Valentines Day,0.1429,-2.8,25.80285714285714,0.9079693231077026,0.9122278056951424,94.0,100.0,90.75,1.0,-0.09654468607524944,4.2626798770413155
2026-02-19,F004,Aviator Sunglasses,Fashion,ShadeCraft,8,29.99,27.88,76,2118.88,1510.88,71.31,30.43,31,0,3,2,Valentines Day,0.1286,-2.8,26.062857142857144,0.9296432144048016,0.9162011173184357,71.0,97.42857142857143,89.61538461538461,1.0,-0.07295440686859461,4.330733340286331
2026-02-20,F004,Aviator Sunglasses,Fashion,ShadeCraft,8,29.99,28.57,75,2142.75,1542.75,72.0,32.53,60,0,4,2,Valentines Day,0.1143,-2.8,26.36142857142857,0.952650883627876,0.8782662158007992,76.0,97.71428571428571,88.57142857142857,1.0,-0.048506776518236,4.31748811353631
2026-02-21,F004,Aviator Sunglasses,Fashion,ShadeCraft,8,29.99,29.13,80,2330.4,1690.4,72.54,26.75,47,1,5,2,Valentines Day,0.1,-2.8,26.955714285714286,0.9713237745915305,1.0889719626168224,75.0,91.57142857142857,88.0,1.0,-0.029095421789574475,4.382026634673881
2026-02-22,F004,Aviator Sunglasses,Fashion,ShadeCraft,8,29.99,31.25,62,1937.5,1441.5,74.4,27.02,64,1,6,2,Valentines Day,0.0857,-2.8,28.01571428571429,1.0420140046682227,1.1565507031828275,80.0,79.85714285714286,86.375,1.0,0.04115538342149274,4.127134385045092
2026-02-23,F004,Aviator Sunglasses,Fashion,ShadeCraft,8,29.99,31.19,52,1621.88,1205.88,74.35,33.66,106,0,0,2,Valentines Day,0.0714,-2.8,28.87857142857143,1.0400133377792597,0.9266191325014855,62.0,72.85714285714286,84.3529411764706,2.0,0.03923353785879417,3.9512437185814275
2026-02-24,F004,Aviator Sunglasses,Fashion,ShadeCraft,8,29.99,33.35,45,1500.75,1140.75,76.01,33.49,113,0,1,2,Valentines Day,0.0571,-2.8,29.8,1.1120373457819275,0.9958196476560167,52.0,65.85714285714286,82.16666666666667,2.0,0.10619377960071516,3.8066624897703196
2026-02-25,F004,Aviator Sunglasses,Fashion,ShadeCraft,8,29.99,31.71,48,1522.08,1138.08,74.77,29.76,113,0,2,2,Valentines Day,0.0429,-2.8,30.44,1.057352450816939,1.065524193548387,45.0,62.57142857142857,80.36842105263158,2.0,0.055768095789338216,3.871201010907891
2026-02-26,F004,Aviator Sunglasses,Fashion,ShadeCraft,8,29.99,32.57,41,1335.37,1007.37,75.44,28.31,108,0,3,2,Valentines Day,0.0286,-2.8,31.110000000000003,1.0860286762254086,1.1504768632991875,48.0,57.57142857142857,78.4,2.0,0.08252762652722448,3.713572066704308
2026-02-27,F004,Aviator Sunglasses,Fashion,ShadeCraft,8,29.99,33.55,34,1140.7,868.7,76.15,33.66,132,0,4,2,Valentines Day,0.0143,-2.8,31.821428571428573,1.1187062354118038,0.9967320261437909,41.0,51.714285714285715,76.28571428571429,2.0,0.11217287065677296,3.5263605246161616
2026-02-28,F004,Aviator Sunglasses,Fashion,ShadeCraft,8,29.99,33.45,50,1672.5,1272.5,76.08,32.89,106,1,5,2,Valentines Day,0.0,-2.8,32.43857142857143,1.1153717905968659,1.0170264518090606,34.0,47.42857142857143,75.0909090909091,2.0,0.10918779381331996,3.912023005428146
2026-03-01,F004,Aviator Sunglasses,Fashion,ShadeCraft,8,29.99,33.87,46,1558.02,1190.02,76.38,31.72,99,1,6,3,Valentines Day,0.0,-2.8,32.81285714285714,1.1293764588196065,1.067780580075662,50.0,45.142857142857146,73.82608695652173,2.0,0.12166567406876255,3.828641396489095
2026-03-02,F004,Aviator Sunglasses,Fashion,ShadeCraft,8,29.99,34.62,37,1280.94,984.94,76.89,28.41,117,0,0,3,Valentines Day,0.0,-2.8,33.30285714285714,1.154384794931644,1.218585005279831,46.0,43.0,72.29166666666667,2.0,0.14356755698714552,3.6109179126442243
2026-03-03,F004,Aviator Sunglasses,Fashion,ShadeCraft,8,29.99,34.81,32,1113.92,857.92,77.02,27.46,140,0,1,3,Valentines Day,0.0,-2.8,33.51142857142857,1.1607202400800267,1.2676620538965768,37.0,41.142857142857146,70.68,2.0,0.14904070906242986,3.4657359027997265
2026-03-04,F004,Aviator Sunglasses,Fashion,ShadeCraft,8,29.99,34.65,32,1108.8,852.8,76.91,32.82,147,0,2,3,Valentines Day,0.0,-2.8,33.93142857142857,1.1553851283761254,1.0557586837294333,32.0,38.857142857142854,69.1923076923077,2.0,0.14443373287499453,3.4657359027997265
2026-03-05,F004,Aviator Sunglasses,Fashion,ShadeCraft,8,29.99,32.71,43,1406.53,1062.53,75.54,26.29,122,0,3,3,Valentines Day,0.0,-2.8,33.95142857142857,1.0906968989663222,1.2441993153290225,32.0,39.142857142857146,68.22222222222223,2.0,0.08681684878937487,3.7612001156935624
2026-03-06,F004,Aviator Sunglasses,Fashion,ShadeCraft,8,29.99,31.73,38,1205.74,901.74,74.79,25.77,114,0,4,3,Valentines Day,0.0,-2.8,33.691428571428574,1.0580193397799267,1.2312766783081102,43.0,39.714285714285715,67.14285714285714,2.0,0.05639861283418652,3.6375861597263857
2026-03-07,F004,Aviator Sunglasses,Fashion,ShadeCraft,8,29.99,32.13,43,1381.59,1037.59,75.1,25.84,121,1,5,3,Valentines Day,0.0,-2.8,33.50285714285714,1.07135711903968,1.243421052631579,38.0,38.714285714285715,66.3103448275862,2.0,0.06892618036684947,3.7612001156935624
2026-03-08,F004,Aviator Sunglasses,Fashion,ShadeCraft,8,29.99,31.54,51,1608.54,1200.54,74.64,33.48,91,1,6,3,Valentines Day,0.0,-2.8,33.17,1.0516838946315439,0.9420549581839905,43.0,39.42857142857143,65.8,2.0,0.050392588773974636,3.9318256327243257
2026-03-09,F004,Aviator Sunglasses,Fashion,ShadeCraft,8,29.99,30.29,52,1575.08,1159.08,73.59,27.73,99,0,0,3,Valentines Day,0.0,-2.8,32.551428571428566,1.010003334444815,1.0923187883159033,51.0,41.57142857142857,65.9,2.0,0.009953632278228212,3.9512437185814275
2026-03-10,F004,Aviator Sunglasses,Fashion,ShadeCraft,8,29.99,29.74,56,1665.44,1217.44,73.1,33.21,108,0,1,3,Valentines Day,0.0,-2.8,31.82714285714286,0.9916638879626543,0.8955133995784401,52.0,45.0,65.03333333333333,2.0,-0.008371051728908667,4.02535169073515
2026-03-11,F004,Aviator Sunglasses,Fashion,ShadeCraft,8,29.99,27.25,67,1825.75,1289.75,70.64,25.69,60,0,2,3,Valentines Day,0.0,-2.8,30.770000000000003,0.9086362120706902,1.060724017127287,56.0,50.0,64.66666666666667,1.0,-0.09581047165166463,4.204692619390966
2026-03-12,F004,Aviator Sunglasses,Fashion,ShadeCraft,8,29.99,27.65,73,2018.45,1434.45,71.07,28.31,60,0,3,3,Valentines Day,0.0,-2.8,30.047142857142855,0.9219739913304434,0.9766866831508301,67.0,54.285714285714285,64.23333333333333,1.0,-0.08123826479257396,4.290459441148391
2026-03-13,F004,Aviator Sunglasses,Fashion,ShadeCraft,8,29.99,27.21,76,2067.96,1459.96,70.6,32.35,30,0,4,3,Valentines Day,0.0,-2.8,29.40142857142857,0.907302434144715,0.841112828438949,73.0,59.714285714285715,63.63333333333333,1.0,-0.09727943996576267,4.330733340286331
2026-03-14,F004,Aviator Sunglasses,Fashion,ShadeCraft,8,29.99,26.44,93,2458.92,1714.92,69.74,30.56,19,1,5,3,Valentines Day,0.0,-2.8,28.58857142857143,0.8816272090696899,0.8651832460732986,76.0,66.85714285714286,63.6,0.0,-0.12598597777743212,4.532599493153256
2026-03-15,F004,Aviator Sunglasses,Fashion,ShadeCraft,8,29.99,25.94,98,2542.12,1758.12,69.16,30.72,24,1,6,3,Valentines Day,0.0,-2.8,27.788571428571426,0.8649549849949985,0.8444010416666667,93.0,73.57142857142857,64.43333333333334,1.0,-0.14507781387261975,4.584967478670572
2026-03-16,F004,Aviator Sunglasses,Fashion,ShadeCraft,8,29.99,25.2,96,2419.2,1651.2,68.25,31.86,5,0,0,3,Valentines Day,0.0,-2.8,27.06142857142857,0.8402800933644549,0.7909604519774012,98.0,79.85714285714286,63.53333333333333,0.0,-0.17401999824354006,4.564348191467836
2026-03-17,F004,Aviator Sunglasses,Fashion,ShadeCraft,8,29.99,25.97,70,1817.9,1257.9,69.2,33.84,77,0,1,3,Easter,0.0,-2.8,26.52285714285714,0.8659553184394798,0.7674349881796689,96.0,81.85714285714286,61.06666666666667,1.0,-0.14392196708626065,4.248495242049359
2026-03-18,F004,Aviator Sunglasses,Fashion,ShadeCraft,8,29.99,26.04,65,1692.6,1172.6,69.28,27.4,90,0,2,3,Easter,0.0,-2.8,26.349999999999998,0.8682894298099366,0.9503649635036496,70.0,81.57142857142857,59.86666666666667,2.0,-0.14123017542054925,4.174387269895637
2026-03-19,F004,Aviator Sunglasses,Fashion,ShadeCraft,8,29.99,26.66,78,2079.48,1455.48,69.99,30.83,26,0,3,3,Easter,0.0,-2.8,26.208571428571428,0.8889629876625542,0.8647421342847876,65.0,82.28571428571429,59.333333333333336,1.0,-0.11769967801035508,4.356708826689592
2026-03-20,F004,Aviator Sunglasses,Fashion,ShadeCraft,8,29.99,28.41,59,1676.19,1204.19,71.84,31.59,77,0,4,3,Easter,0.0,-2.8,26.38,0.9473157719239748,0.899335232668566,78.0,79.85714285714286,58.93333333333333,1.0,-0.054122796894821044,4.07753744390572
2026-03-21,F004,Aviator Sunglasses,Fashion,ShadeCraft,8,29.99,29.11,66,1921.26,1393.26,72.52,31.76,74,1,5,3,Easter,0.0,-2.8,26.761428571428574,0.9706568856285429,0.9165617128463476,59.0,76.0,58.6,1.0,-0.0297822350033858,4.189654742026425
2026-03-22,F004,Aviator Sunglasses,Fashion,ShadeCraft,8,29.99,27.49,74,2034.26,1442.26,70.9,31.21,56,1,6,3,Easter,0.0,-2.8,26.982857142857142,0.9166388796265422,0.880807433514899,66.0,72.57142857142857,58.56666666666667,1.0,-0.08704169058376333,4.30406509320417
2026-03-23,F004,Aviator Sunglasses,Fashion,ShadeCraft,8,29.99,29.56,51,1507.56,1099.56,72.94,29.59,105,0,0,3,Easter,0.0,-2.8,27.60571428571428,0.9856618872957653,0.9989861439675566,74.0,66.14285714285714,57.6,2.0,-0.014441896680916635,3.9318256327243257
2026-03-24,F004,Aviator Sunglasses,Fashion,ShadeCraft,8,29.99,29.69,55,1632.95,1192.95,73.05,25.66,101,0,1,3,Easter,0.0,-2.8,28.137142857142855,0.9899966655551852,1.1570537802026502,51.0,64.0,57.36666666666667,2.0,-0.010053703985249173,4.007333185232471
2026-03-25,F004,Aviator Sunglasses,Fashion,ShadeCraft,8,29.99,32.32,45,1454.4,1094.4,75.25,33.03,122,0,2,3,Easter,0.0,-2.8,29.034285714285716,1.0776925641880628,0.9785043899485316,55.0,61.142857142857146,57.13333333333333,2.0,0.07482224089197702,3.8066624897703196
2026-03-26,F004,Aviator Sunglasses,Fashion,ShadeCraft,8,29.99,31.86,46,1465.56,1097.56,74.89,29.89,104,0,3,3,Easter,0.0,-2.8,29.777142857142856,1.0623541180393465,1.0659083305453327,45.0,56.57142857142857,57.166666666666664,2.0,0.06048731172098483,3.828641396489095
2026-03-27,F004,Aviator Sunglasses,Fashion,ShadeCraft,8,29.99,32.85,37,1215.45,919.45,75.65,27.98,143,0,4,3,Easter,0.0,-2.8,30.41142857142857,1.0953651217072358,1.1740528949249465,46.0,53.42857142857143,56.8,2.0,0.09108775216970182,3.6109179126442243
2026-03-28,F004,Aviator Sunglasses,Fashion,ShadeCraft,8,29.99,34.91,44,1536.04,1184.04,77.08,28.68,94,1,5,3,Easter,0.0,-2.8,31.24,1.1640546848949649,1.2172245467224545,37.0,50.285714285714285,56.9,2.0,0.15190932835602686,3.784189633918261
2026-03-29,F004,Aviator Sunglasses,Fashion,ShadeCraft,8,29.99,33.82,41,1386.62,1058.62,76.35,26.25,122,1,6,3,Easter,0.0,-2.8,32.144285714285715,1.1277092364121375,1.2883809523809524,44.0,45.57142857142857,57.13333333333333,2.0,0.12018835070951663,3.713572066704308
2026-03-30,F004,Aviator Sunglasses,Fashion,ShadeCraft,8,29.99,33.25,41,1363.25,1035.25,75.94,33.26,133,0,0,3,Easter,0.0,-2.8,32.67142857142857,1.108702900966989,0.9996993385447986,41.0,44.142857142857146,56.833333333333336,2.0,0.1031907743409455,3.713572066704308
2026-03-31,F004,Aviator Sunglasses,Fashion,ShadeCraft,8,29.99,35.03,32,1120.96,864.96,77.16,28.07,148,0,1,3,Easter,0.0,-2.8,33.434285714285714,1.168056018672891,1.2479515496971856,41.0,40.857142857142854,56.36666666666667,2.0,0.15534084444847776,3.4657359027997265
2026-04-01,F004,Aviator Sunglasses,Fashion,ShadeCraft,8,29.99,34.69,37,1283.53,987.53,76.94,34.25,125,0,2,4,Easter,0.0,-2.8,33.77285714285715,1.1567189063021006,1.012846715328467,32.0,39.714285714285715,56.36666666666667,2.0,0.14558746822074053,3.6109179126442243
2026-04-02,F004,Aviator Sunglasses,Fashion,ShadeCraft,8,29.99,33.8,37,1250.6,954.6,76.33,34.27,139,0,3,4,Easter,0.0071,-2.8,34.05,1.1270423474491498,0.986285380799533,37.0,38.42857142857143,56.53333333333333,2.0,0.11959680972805543,3.6109179126442243
2026-04-03,F004,Aviator Sunglasses,Fashion,ShadeCraft,8,29.99,33.7,36,1213.2,925.2,76.26,26.13,116,0,4,4,Easter,0.0143,-2.8,34.17142857142857,1.1237079026342116,1.289705319556066,37.0,38.285714285714285,56.666666666666664,2.0,0.1166338445973985,3.58351893845611
2026-04-04,F004,Aviator Sunglasses,Fashion,ShadeCraft,8,29.99,33.17,41,1359.97,1031.97,75.88,27.91,102,1,5,4,Easter,0.0214,-2.8,33.92285714285715,1.1060353451150384,1.1884629165173772,36.0,37.857142857142854,56.6,2.0,0.1007818601980434,3.713572066704308
2026-04-05,F004,Aviator Sunglasses,Fashion,ShadeCraft,8,29.99,32.4,49,1587.6,1195.6,75.31,34.25,112,1,6,4,Easter,0.0286,-2.8,33.72,1.0803601200400132,0.945985401459854,41.0,39.0,56.96666666666667,2.0,0.0772944300373659,3.8918202981106265
2026-04-06,F004,Aviator Sunglasses,Fashion,ShadeCraft,8,29.99,31.76,48,1524.48,1140.48,74.81,28.0,116,0,0,4,Easter,0.0357,-2.8,33.50714285714286,1.0590196732244082,1.1342857142857143,49.0,40.0,57.13333333333333,2.0,0.05734364361801727,3.871201010907891
2026-04-07,F004,Aviator Sunglasses,Fashion,ShadeCraft,8,29.99,29.84,51,1521.84,1113.84,73.19,27.58,83,0,1,4,Easter,0.0429,-2.8,32.76571428571428,0.9949983327775925,1.0819434372733865,48.0,42.714285714285715,57.13333333333333,2.0,-0.0050142174253576186,3.9318256327243257
2026-04-08,F004,Aviator Sunglasses,Fashion,ShadeCraft,8,29.99,29.3,53,1552.9,1128.9,72.7,31.56,77,0,2,4,Easter,0.05,-2.8,31.99571428571429,0.9769923307769257,0.9283903675538657,51.0,45.0,57.166666666666664,1.0,-0.02327647673789603,3.970291913552122
2026-04-09,F004,Aviator Sunglasses,Fashion,ShadeCraft,8,29.99,29.59,55,1627.45,1187.45,72.96,26.81,84,0,3,4,Easter,0.0571,-2.8,31.39428571428571,0.9866622207402468,1.1036926519955241,53.0,47.57142857142857,57.13333333333333,2.0,-0.0134275263487994,4.007333185232471
2026-04-10,F004,Aviator Sunglasses,Fashion,ShadeCraft,8,29.99,28.13,62,1744.06,1248.06,71.56,28.21,79,0,4,4,Easter,0.0643,-2.8,30.598571428571432,0.9379793264421474,0.9971641261963842,55.0,51.285714285714285,56.96666666666667,1.0,-0.06402737025915219,4.127134385045092
2026-04-11,F004,Aviator Sunglasses,Fashion,ShadeCraft,8,29.99,27.02,89,2404.78,1692.78,70.39,30.72,22,1,5,4,Easter,0.0714,-2.8,29.72,0.9009669889963321,0.8795572916666667,62.0,58.142857142857146,57.5,1.0,-0.10428666022886494,4.48863636973214
2026-04-12,F004,Aviator Sunglasses,Fashion,ShadeCraft,8,29.99,26.96,82,2210.72,1554.72,70.33,27.95,36,1,6,4,Easter,0.1,-2.8,28.942857142857143,0.8989663221073692,0.9645796064400716,89.0,62.857142857142854,57.7,1.0,-0.1065097067168114,4.406719247264253
2026-04-13,F004,Aviator Sunglasses,Fashion,ShadeCraft,8,29.99,26.02,80,2081.6,1441.6,69.25,28.25,53,0,0,4,Easter,0.1,-2.8,28.122857142857146,0.867622540846949,0.9210619469026549,82.0,67.42857142857143,57.266666666666666,1.0,-0.14199851967655847,4.382026634673881
2026-04-14,F004,Aviator Sunglasses,Fashion,ShadeCraft,8,29.99,25.61,85,2176.85,1496.85,68.76,29.62,39,0,1,4,Easter,0.1,-2.8,27.518571428571427,0.8539513171057019,0.8646185010128291,80.0,72.28571428571429,56.833333333333336,1.0,-0.1578810925494838,4.442651256490317
