backend/data/features.csv
date,product_id,product_name,category,brand,cost,base_price,price,demand,revenue,profit,margin,competitor_price,stock,is_weekend,day_of_week,month,holiday_name,holiday_boost,elasticity,price_lag_7d,price_to_base,price_to_competitor,demand_lag_1d,demand_lag_7d,demand_lag_30d,stock_level,log_price_ratio,log_demand
2026-04-15,F004,Aviator Sunglasses,Fashion,ShadeCraft,8,29.99,27.16,81,2199.96,1551.96,70.54,32.48,52,0,2,4,Easter,0.1,-2.8,27.21285714285714,0.9056352117372458,0.8362068965517242,85.0,76.28571428571429,56.333333333333336,1.0,-0.09911869007042227,4.394449154672439
2026-04-16,F004,Aviator Sunglasses,Fashion,ShadeCraft,8,29.99,25.87,74,1914.38,1322.38,69.08,33.05,72,0,3,4,Easter,0.1,-2.8,26.68142857142857,0.8626208736245415,0.7827534039334343,81.0,79.0,56.46666666666667,1.0,-0.14777999656297994,4.30406509320417
2026-04-17,F004,Aviator Sunglasses,Fashion,ShadeCraft,8,29.99,25.46,97,2469.62,1693.62,68.58,27.25,6,0,4,4,Easter,0.1,-2.8,26.3,0.8489496498832945,0.9343119266055047,74.0,84.0,57.53333333333333,0.0,-0.16375539963165722,4.574710978503383
2026-04-18,F004,Aviator Sunglasses,Fashion,ShadeCraft,8,29.99,26.05,112,2917.6,2021.6,69.29,29.84,5,1,5,4,Easter,0.1,-2.8,26.16142857142857,0.8686228742914306,0.8729892761394102,97.0,87.28571428571429,58.666666666666664,0.0,-0.14084622456154167,4.718498871295094
2026-04-19,F004,Aviator Sunglasses,Fashion,ShadeCraft,8,29.99,27.5,80,2200.0,1560.0,70.91,29.15,33,1,6,4,Easter,0.0714,-2.8,26.23857142857143,0.9169723241080361,0.9433962264150944,112.0,87.0,59.36666666666667,1.0,-0.08667798808839203,4.382026634673881
2026-04-20,F004,Aviator Sunglasses,Fashion,ShadeCraft,8,29.99,28.75,61,1753.75,1265.75,72.17,26.63,66,0,0,4,Easter,0.0643,-2.8,26.628571428571426,0.9586528842947649,1.079609463011641,80.0,84.28571428571429,59.2,1.0,-0.04222622551755828,4.110873864173311
2026-04-21,F004,Aviator Sunglasses,Fashion,ShadeCraft,8,29.99,29.87,63,1881.81,1377.81,73.22,29.9,80,0,1,4,Easter,0.0571,-2.8,27.237142857142857,0.9959986662220741,0.9989966555183948,61.0,81.14285714285714,58.833333333333336,1.0,-0.0040093605328992005,4.143134726391533
2026-04-22,F004,Aviator Sunglasses,Fashion,ShadeCraft,8,29.99,29.32,52,1524.64,1108.64,72.71,28.84,102,0,2,4,Easter,0.05,-2.8,27.54571428571429,0.9776592197399133,1.0166435506241331,63.0,77.0,58.86666666666667,2.0,-0.02259411574246696,3.9512437185814275
2026-04-23,F004,Aviator Sunglasses,Fashion,ShadeCraft,8,29.99,30.19,49,1479.31,1087.31,73.5,27.16,93,0,3,4,Easter,0.0429,-2.8,28.162857142857145,1.0066688896298768,1.111561119293078,52.0,73.42857142857143,58.666666666666664,2.0,0.0066467509578298604,3.8918202981106265
2026-04-24,F004,Aviator Sunglasses,Fashion,ShadeCraft,8,29.99,30.38,50,1519.0,1119.0,73.67,32.92,91,0,4,4,Easter,0.0357,-2.8,28.865714285714287,1.0130043347782594,0.9228432563791008,49.0,66.71428571428571,58.833333333333336,2.0,0.012920504406709011,3.912023005428146
2026-04-25,F004,Aviator Sunglasses,Fashion,ShadeCraft,8,29.99,30.83,58,1788.14,1324.14,74.05,28.86,96,1,5,4,Easter,0.0286,-2.8,29.548571428571424,1.0280093364454819,1.0682605682605681,50.0,59.0,59.233333333333334,2.0,0.027624249137141312,4.060443010546419
2026-04-26,F004,Aviator Sunglasses,Fashion,ShadeCraft,8,29.99,31.99,50,1599.5,1199.5,74.99,30.5,114,1,6,4,Easter,0.0214,-2.8,30.189999999999998,1.0666888962987662,1.0488524590163935,58.0,54.714285714285715,59.666666666666664,2.0,0.06455936120050884,3.912023005428146
2026-04-27,F004,Aviator Sunglasses,Fashion,ShadeCraft,8,29.99,32.86,43,1412.98,1068.98,75.65,31.54,103,0,0,4,Easter,0.0143,-2.8,30.777142857142856,1.0956985661887295,1.041851616994293,50.0,52.142857142857146,59.63333333333333,2.0,0.09139211984820425,3.7612001156935624
2026-04-28,F004,Aviator Sunglasses,Fashion,ShadeCraft,8,29.99,34.25,35,1198.75,918.75,76.64,27.74,121,0,1,4,Easter,0.0071,-2.8,31.40285714285714,1.1420473491163723,1.2346791636625811,43.0,48.142857142857146,59.43333333333333,2.0,0.13282257194731673,3.5553480614894135
2026-04-29,F004,Aviator Sunglasses,Fashion,ShadeCraft,8,29.99,34.75,39,1355.25,1043.25,76.98,32.24,108,0,2,4,Mothers Day,0.0129,-2.8,32.17857142857143,1.1587195731910638,1.0778535980148882,35.0,46.285714285714285,59.36666666666667,2.0,0.1473155792498835,3.6635616461296463
2026-04-30,F004,Aviator Sunglasses,Fashion,ShadeCraft,8,29.99,32.59,41,1336.19,1008.19,75.45,26.34,117,0,3,4,Mothers Day,0.0257,-2.8,32.521428571428565,1.0866955651883963,1.2372817008352317,39.0,45.142857142857146,59.666666666666664,2.0,0.08314150008855259,3.713572066704308
2026-05-01,F004,Aviator Sunglasses,Fashion,ShadeCraft,8,29.99,33.62,42,1412.04,1076.04,76.2,27.63,132,0,4,5,Mothers Day,0.0386,-2.8,32.98428571428571,1.1210403467822607,1.216793340571842,41.0,44.0,59.833333333333336,2.0,0.1142571352195518,3.7376696182833684
2026-05-02,F004,Aviator Sunglasses,Fashion,ShadeCraft,8,29.99,32.25,48,1548.0,1164.0,75.19,32.33,90,1,5,5,Mothers Day,0.0514,-2.8,33.18714285714286,1.075358452817606,0.997525518094649,42.0,42.57142857142857,60.2,2.0,0.07265405048086379,3.871201010907891
2026-05-03,F004,Aviator Sunglasses,Fashion,ShadeCraft,8,29.99,31.41,61,1916.01,1428.01,74.53,30.86,98,1,6,5,Mothers Day,0.0643,-2.8,33.104285714285716,1.047349116372124,1.0178224238496436,48.0,44.142857142857146,61.03333333333333,2.0,0.04626232078963744,4.110873864173311
2026-05-04,F004,Aviator Sunglasses,Fashion,ShadeCraft,8,29.99,32.86,54,1774.44,1342.44,75.65,32.94,79,0,0,5,Mothers Day,0.0771,-2.8,33.104285714285716,1.0956985661887295,0.9975713418336369,61.0,45.714285714285715,61.46666666666667,1.0,0.09139211984820425,3.9889840465642745
2026-05-05,F004,Aviator Sunglasses,Fashion,ShadeCraft,8,29.99,32.76,41,1343.16,1015.16,75.58,31.03,134,0,1,5,Mothers Day,0.09,-2.8,32.89142857142857,1.0923641213737914,1.0557524975829842,54.0,46.57142857142857,61.2,2.0,0.08834426622395103,3.713572066704308
2026-05-06,F004,Aviator Sunglasses,Fashion,ShadeCraft,8,29.99,32.28,69,2227.32,1675.32,75.22,25.94,43,0,2,5,Mothers Day,0.1029,-2.8,32.53857142857143,1.0763587862620874,1.2444101773323053,41.0,50.857142857142854,61.9,1.0,0.07358385064083033,4.23410650459726
2026-05-07,F004,Aviator Sunglasses,Fashion,ShadeCraft,8,29.99,29.05,81,2353.05,1705.05,72.46,33.04,24,0,3,5,Mothers Day,0.1157,-2.8,32.03285714285715,0.96865621873958,0.8792372881355932,69.0,56.57142857142857,62.9,1.0,-0.03184550946299738,4.394449154672439
2026-05-08,F004,Aviator Sunglasses,Fashion,ShadeCraft,8,29.99,29.95,64,1916.8,1404.8,73.29,27.63,54,0,4,5,Mothers Day,0.1286,-2.8,31.50857142857143,0.9986662220740247,1.083966702859211,81.0,59.714285714285715,63.266666666666666,1.0,-0.0013346681994593722,4.1588830833596715
2026-02-07,F005,Slim Fit Chinos,Fashion,UrbanThread,16,49.99,49.14,62,3046.68,2054.68,67.44,51.61,67,1,5,2,Valentines Day,0.1,-2.0,49.14,0.9829965993198639,0.9521410579345089,62.0,62.0,62.0,1.0,-0.01714961833244597,4.127134385045092
2026-02-08,F005,Slim Fit Chinos,Fashion,UrbanThread,16,49.99,47.81,59,2820.79,1876.79,66.53,54.51,78,1,6,2,Valentines Day,0.1143,-2.0,48.475,0.9563912782556512,0.8770867730691617,62.0,60.5,60.5,1.0,-0.04458816278746694,4.07753744390572
2026-02-09,F005,Slim Fit Chinos,Fashion,UrbanThread,16,49.99,46.14,63,2906.82,1898.82,65.32,54.08,63,0,0,2,Valentines Day,0.1286,-2.0,47.696666666666665,0.9229845969193838,0.8531804733727811,59.0,61.333333333333336,61.333333333333336,1.0,-0.08014273267987143,4.143134726391533
2026-02-10,F005,Slim Fit Chinos,Fashion,UrbanThread,16,49.99,46.61,69,3216.09,2112.09,65.67,56.43,57,0,1,2,Valentines Day,0.1429,-2.0,47.425,0.9323864772954591,0.8259790891369838,63.0,63.25,63.25,1.0,-0.07000787504082942,4.23410650459726
2026-02-11,F005,Slim Fit Chinos,Fashion,UrbanThread,16,49.99,44.56,77,3431.12,2199.12,64.09,54.12,35,0,2,2,Valentines Day,0.2,-2.0,46.852,0.8913782756551311,0.8233555062823357,69.0,66.0,66.0,1.0,-0.11498638980645037,4.343805421853684
2026-02-12,F005,Slim Fit Chinos,Fashion,UrbanThread,16,49.99,43.2,74,3196.8,2012.8,62.96,56.91,59,0,3,2,Valentines Day,0.2,-2.0,46.24333333333334,0.8641728345669134,0.7590933052187666,77.0,67.33333333333333,67.33333333333333,1.0,-0.14598249017541434,4.30406509320417
2026-02-13,F005,Slim Fit Chinos,Fashion,UrbanThread,16,49.99,42.68,77,3286.36,2054.36,62.51,51.66,53,0,4,2,Valentines Day,0.2,-2.0,45.73428571428571,0.8537707541508301,0.8261711188540457,74.0,68.71428571428571,68.71428571428571,1.0,-0.1580925589919264,4.343805421853684
2026-02-14,F005,Slim Fit Chinos,Fashion,UrbanThread,16,49.99,43.84,80,3507.2,2227.2,63.5,56.7,55,1,5,2,Valentines Day,0.2,-2.0,44.97714285714286,0.8769753950790158,0.7731922398589065,77.0,71.28571428571429,70.125,1.0,-0.13127634278571892,4.382026634673881
2026-02-15,F005,Slim Fit Chinos,Fashion,UrbanThread,16,49.99,41.2,101,4161.2,2545.2,61.17,46.71,17,1,6,2,Valentines Day,0.2,-2.0,44.03285714285715,0.8241648329665934,0.8820381074716336,80.0,77.28571428571429,73.55555555555556,0.0,-0.1933847290699982,4.61512051684126
2026-02-16,F005,Slim Fit Chinos,Fashion,UrbanThread,16,49.99,44.17,79,3489.43,2225.43,63.78,57.34,34,0,0,2,Valentines Day,0.2,-2.0,43.751428571428576,0.8835767153430686,0.7703174049529125,101.0,79.57142857142857,74.1,1.0,-0.12377715981704393,4.3694478524670215
2026-02-17,F005,Slim Fit Chinos,Fashion,UrbanThread,16,49.99,42.59,75,3194.25,1994.25,62.43,49.13,40,0,1,2,Valentines Day,0.2,-2.0,43.17714285714286,0.8519703940788158,0.8668837777325463,79.0,80.42857142857143,74.18181818181819,1.0,-0.1602035014903568,4.31748811353631
2026-02-18,F005,Slim Fit Chinos,Fashion,UrbanThread,16,49.99,45.91,60,2754.6,1794.6,65.15,56.52,67,0,2,2,Valentines Day,0.1429,-2.0,43.370000000000005,0.9183836767353469,0.812278839348903,75.0,78.0,73.0,1.0,-0.08514002716434846,4.0943445622221
2026-02-19,F005,Slim Fit Chinos,Fashion,UrbanThread,16,49.99,46.54,59,2745.86,1801.86,65.62,43.42,66,0,3,2,Valentines Day,0.1286,-2.0,43.84714285714285,0.9309861972394479,1.0718562874251496,60.0,75.85714285714286,71.92307692307692,1.0,-0.07151082755133334,4.07753744390572
2026-02-20,F005,Slim Fit Chinos,Fashion,UrbanThread,16,49.99,47.43,52,2466.36,1634.36,66.27,44.75,115,0,4,2,Valentines Day,0.1143,-2.0,44.52571428571429,0.9487897579515903,1.0598882681564246,59.0,72.28571428571429,70.5,2.0,-0.05256804553598871,3.9512437185814275
2026-02-21,F005,Slim Fit Chinos,Fashion,UrbanThread,16,49.99,48.56,47,2282.32,1530.32,67.05,46.19,105,1,5,2,Valentines Day,0.1,-2.0,45.199999999999996,0.9713942788557711,1.0513098073176013,52.0,67.57142857142857,68.93333333333334,2.0,-0.029022838674236204,3.8501476017100584
2026-02-22,F005,Slim Fit Chinos,Fashion,UrbanThread,16,49.99,51.8,57,2952.6,2040.6,69.11,53.8,89,1,6,2,Valentines Day,0.0857,-2.0,46.714285714285715,1.0362072414482895,0.9628252788104089,47.0,61.285714285714285,68.1875,2.0,0.03556716383995819,4.04305126783455
2026-02-23,F005,Slim Fit Chinos,Fashion,UrbanThread,16,49.99,50.13,56,2807.28,1911.28,68.08,48.53,103,0,0,2,Valentines Day,0.0714,-2.0,47.565714285714286,1.0028005601120225,1.0329692973418505,57.0,58.0,67.47058823529412,2.0,0.0027966458499330943,4.02535169073515
2026-02-24,F005,Slim Fit Chinos,Fashion,UrbanThread,16,49.99,54.74,37,2025.38,1433.38,70.77,46.57,114,0,1,2,Valentines Day,0.0571,-2.0,49.30142857142857,1.0950190038007601,1.175434829289242,56.0,52.57142857142857,65.77777777777777,2.0,0.090771718187054,3.6109179126442243
2026-02-25,F005,Slim Fit Chinos,Fashion,UrbanThread,16,49.99,53.6,38,2036.8,1428.8,70.15,48.94,137,0,2,2,Valentines Day,0.0429,-2.0,50.4,1.0722144428885778,1.095218635063343,37.0,49.42857142857143,64.3157894736842,2.0,0.0697260826512774,3.6375861597263857
2026-02-26,F005,Slim Fit Chinos,Fashion,UrbanThread,16,49.99,56.09,36,2019.24,1443.24,71.47,50.46,120,0,3,2,Valentines Day,0.0286,-2.0,51.76428571428571,1.1220244048809762,1.1115735235830362,38.0,46.142857142857146,62.9,2.0,0.11513455809476657,3.58351893845611
2026-02-27,F005,Slim Fit Chinos,Fashion,UrbanThread,16,49.99,53.62,40,2144.8,1504.8,70.16,51.43,117,0,4,2,Valentines Day,0.0143,-2.0,52.64857142857143,1.072614522904581,1.0425821504958195,36.0,44.42857142857143,61.80952380952381,2.0,0.07009914738233425,3.6888794541139363
2026-02-28,F005,Slim Fit Chinos,Fashion,UrbanThread,16,49.99,58.49,39,2281.11,1657.11,72.64,47.65,131,1,5,2,Valentines Day,0.0,-2.0,54.06714285714286,1.1700340068013602,1.2274921301154251,40.0,43.285714285714285,60.77272727272727,2.0,0.15703281402945532,3.6635616461296463
2026-03-01,F005,Slim Fit Chinos,Fashion,UrbanThread,16,49.99,58.26,40,2330.4,1690.4,72.54,54.8,123,1,6,3,Valentines Day,0.0,-2.0,54.99,1.1654330866173235,1.063138686131387,39.0,40.857142857142854,59.869565217391305,2.0,0.15309276610580957,3.6888794541139363
2026-03-02,F005,Slim Fit Chinos,Fashion,UrbanThread,16,49.99,58.55,34,1990.7,1446.7,72.67,48.48,125,0,0,3,Valentines Day,0.0,-2.0,56.19285714285714,1.1712342468493697,1.2077145214521452,40.0,37.714285714285715,58.791666666666664,2.0,0.15805810461824724,3.5263605246161616
2026-03-03,F005,Slim Fit Chinos,Fashion,UrbanThread,16,49.99,56.94,36,2049.84,1473.84,71.9,51.14,127,0,1,3,Valentines Day,0.0,-2.0,56.50714285714286,1.139027805561112,1.1134141572154868,34.0,37.57142857142857,57.88,2.0,0.13017509642441236,3.58351893845611
2026-03-04,F005,Slim Fit Chinos,Fashion,UrbanThread,16,49.99,58.76,35,2056.6,1496.6,72.77,42.98,136,0,2,3,Valentines Day,0.0,-2.0,57.24428571428571,1.1754350870174033,1.3671475104699862,36.0,37.142857142857146,57.0,2.0,0.1616383658801974,3.5553480614894135
2026-03-05,F005,Slim Fit Chinos,Fashion,UrbanThread,16,49.99,54.13,39,2111.07,1487.07,70.44,45.08,125,0,3,3,Valentines Day,0.0,-2.0,56.964285714285715,1.0828165633126625,1.2007542147293702,35.0,37.57142857142857,56.333333333333336,2.0,0.07956557538340751,3.6635616461296463
2026-03-06,F005,Slim Fit Chinos,Fashion,UrbanThread,16,49.99,54.9,38,2086.2,1478.2,70.86,54.77,143,0,4,3,Valentines Day,0.0,-2.0,57.14714285714285,1.0982196439287857,1.0023735621690706,39.0,37.285714285714285,55.67857142857143,2.0,0.09369036309000589,3.6375861597263857
2026-03-07,F005,Slim Fit Chinos,Fashion,UrbanThread,16,49.99,50.18,49,2458.82,1674.82,68.11,43.25,84,1,5,3,Valentines Day,0.0,-2.0,55.959999999999994,1.0038007601520305,1.1602312138728323,38.0,38.714285714285715,55.44827586206897,2.0,0.003793555512797289,3.8918202981106265
2026-03-08,F005,Slim Fit Chinos,Fashion,UrbanThread,16,49.99,50.93,59,3004.87,2060.87,68.58,45.89,87,1,6,3,Valentines Day,0.0,-2.0,54.91285714285714,1.0188037607521503,1.1098278492046196,49.0,41.42857142857143,55.56666666666667,2.0,0.01862915547103412,4.07753744390572
2026-03-09,F005,Slim Fit Chinos,Fashion,UrbanThread,16,49.99,50.72,39,1978.08,1354.08,68.45,47.88,135,0,0,3,Valentines Day,0.0,-2.0,53.794285714285714,1.0146029205841167,1.059314954051796,59.0,42.142857142857146,54.8,2.0,0.014497324703491389,3.6635616461296463
2026-03-10,F005,Slim Fit Chinos,Fashion,UrbanThread,16,49.99,48.29,55,2655.95,1775.95,66.87,47.75,85,0,1,3,Valentines Day,0.0,-2.0,52.558571428571426,0.9659931986397279,1.0113089005235603,39.0,44.857142857142854,54.666666666666664,2.0,-0.034598485540028534,4.007333185232471
2026-03-11,F005,Slim Fit Chinos,Fashion,UrbanThread,16,49.99,46.06,59,2717.54,1773.54,65.26,45.63,65,0,2,3,Valentines Day,0.0,-2.0,50.74428571428571,0.921384276855371,1.0094236248082402,55.0,48.285714285714285,54.53333333333333,1.0,-0.08187809103293987,4.07753744390572
2026-03-12,F005,Slim Fit Chinos,Fashion,UrbanThread,16,49.99,43.3,47,2035.1,1283.1,63.05,55.1,95,0,3,3,Valentines Day,0.0,-2.0,49.19714285714286,0.8661732346469293,0.7858439201451904,59.0,49.42857142857143,53.8,2.0,-0.14367035041703494,3.8501476017100584
2026-03-13,F005,Slim Fit Chinos,Fashion,UrbanThread,16,49.99,46.22,52,2403.44,1571.44,65.38,54.84,91,0,4,3,Valentines Day,0.0,-2.0,47.95714285714286,0.9245849169833966,0.8428154631655725,47.0,51.42857142857143,52.96666666666667,2.0,-0.07841038057924439,3.9512437185814275
2026-03-14,F005,Slim Fit Chinos,Fashion,UrbanThread,16,49.99,40.69,77,3133.13,1901.13,60.68,56.48,31,1,5,3,Valentines Day,0.0,-2.0,46.60142857142858,0.8139627925585117,0.7204320113314447,52.0,55.42857142857143,53.06666666666667,1.0,-0.20584062341188045,4.343805421853684
2026-03-15,F005,Slim Fit Chinos,Fashion,UrbanThread,16,49.99,43.14,74,3192.36,2008.36,62.91,50.46,33,1,6,3,Valentines Day,0.0,-2.0,45.48857142857143,0.8629725945189037,0.8549346016646849,77.0,57.57142857142857,52.96666666666667,1.0,-0.14737234446446873,4.30406509320417
2026-03-16,F005,Slim Fit Chinos,Fashion,UrbanThread,16,49.99,38.8,72,2793.6,1641.6,58.76,44.91,62,0,0,3,Valentines Day,0.0,-2.0,43.785714285714285,0.7761552310462092,0.8639501224671565,74.0,62.285714285714285,52.7,1.0,-0.2534027387962513,4.276666119016055
2026-03-17,F005,Slim Fit Chinos,Fashion,UrbanThread,16,49.99,42.62,66,2812.92,1756.92,62.46,53.21,51,0,1,3,Easter,0.0,-2.0,42.97571428571429,0.8525705141028205,0.8009772599135501,72.0,63.857142857142854,51.53333333333333,1.0,-0.159499358755008,4.189654742026425
2026-03-18,F005,Slim Fit Chinos,Fashion,UrbanThread,16,49.99,41.41,66,2733.06,1677.06,61.36,51.68,86,0,2,3,Easter,0.0,-2.0,42.311428571428564,0.8283656731346268,0.8012770897832817,66.0,64.85714285714286,51.1,2.0,-0.18830058786800322,4.189654742026425
2026-03-19,F005,Slim Fit Chinos,Fashion,UrbanThread,16,49.99,42.62,64,2727.68,1703.68,62.46,47.81,74,0,3,3,Easter,0.0,-2.0,42.214285714285715,0.8525705141028205,0.8914453043296381,66.0,67.28571428571429,50.733333333333334,1.0,-0.159499358755008,4.1588830833596715
2026-03-20,F005,Slim Fit Chinos,Fashion,UrbanThread,16,49.99,46.16,52,2400.32,1568.32,65.34,54.71,100,0,4,3,Easter,0.0,-2.0,42.205714285714286,0.923384676935387,0.8437214403216962,64.0,67.28571428571429,50.46666666666667,2.0,-0.079709363225635,3.9512437185814275
2026-03-21,F005,Slim Fit Chinos,Fashion,UrbanThread,16,49.99,43.53,66,2872.98,1816.98,63.24,44.08,62,1,5,3,Easter,0.0,-2.0,42.61142857142857,0.8707741548309662,0.9875226860254084,52.0,65.71428571428571,50.7,1.0,-0.1383726298612728,4.189654742026425
