backend/data/features.csv
date,product_id,product_name,category,brand,cost,base_price,price,demand,revenue,profit,margin,competitor_price,stock,is_weekend,day_of_week,month,holiday_name,holiday_boost,elasticity,price_lag_7d,price_to_base,price_to_competitor,demand_lag_1d,demand_lag_7d,demand_lag_30d,stock_level,log_price_ratio,log_demand
2026-02-26,H001,Scented Candle Set,Home & Living,GlowHaus,6,24.99,29.03,33,957.99,759.99,79.33,26.36,127,0,3,2,Valentines Day,0.0286,-3.0,25.96857142857143,1.1616646658663468,1.101289833080425,40.0,56.57142857142857,82.55,2.0,0.1498540331896777,3.4965075614664802
2026-02-27,H001,Scented Candle Set,Home & Living,GlowHaus,6,24.99,28.49,34,968.66,764.66,78.94,22.2,135,0,4,2,Valentines Day,0.0143,-3.0,26.56142857142857,1.1400560224089635,1.2833333333333332,33.0,52.0,80.23809523809524,2.0,0.13107740366295587,3.5263605246161616
2026-02-28,H001,Scented Candle Set,Home & Living,GlowHaus,6,24.99,29.38,41,1204.58,958.58,79.58,26.89,133,1,5,2,Valentines Day,0.0,-3.0,27.392857142857142,1.1756702681072428,1.0925994793603568,34.0,46.142857142857146,78.45454545454545,2.0,0.16183842589887018,3.713572066704308
2026-03-01,H001,Scented Candle Set,Home & Living,GlowHaus,6,24.99,30.04,36,1081.44,865.44,80.03,25.88,115,1,6,3,Valentines Day,0.0,-3.0,28.28142857142857,1.2020808323329333,1.160741885625966,41.0,38.857142857142854,76.6086956521739,2.0,0.18405408204907306,3.58351893845611
2026-03-02,H001,Scented Candle Set,Home & Living,GlowHaus,6,24.99,30.28,28,847.84,679.84,80.18,27.61,132,0,0,3,Valentines Day,0.0,-3.0,28.99285714285714,1.211684673869548,1.0967040927200291,36.0,35.142857142857146,74.58333333333333,2.0,0.1920116837223871,3.332204510175204
2026-03-03,H001,Scented Candle Set,Home & Living,GlowHaus,6,24.99,28.51,34,969.34,765.34,78.95,25.63,134,0,1,3,Valentines Day,0.0,-3.0,29.125714285714285,1.1408563425370148,1.1123683183769022,28.0,35.142857142857146,72.96,2.0,0.13177915807771964,3.5263605246161616
2026-03-04,H001,Scented Candle Set,Home & Living,GlowHaus,6,24.99,28.38,34,964.92,760.92,78.86,25.32,121,0,2,3,Valentines Day,0.0,-3.0,29.15857142857143,1.1356542617046819,1.1208530805687202,34.0,34.285714285714285,71.46153846153847,2.0,0.12720892688503557,3.5263605246161616
2026-03-05,H001,Scented Candle Set,Home & Living,GlowHaus,6,24.99,28.6,37,1058.2,836.2,79.02,21.55,126,0,3,3,Valentines Day,0.0,-3.0,29.09714285714286,1.1444577831132454,1.3271461716937356,34.0,34.857142857142854,70.18518518518519,2.0,0.134930972978946,3.6109179126442243
2026-03-06,H001,Scented Candle Set,Home & Living,GlowHaus,6,24.99,26.37,49,1292.13,998.13,77.25,23.55,107,0,4,3,Valentines Day,0.0,-3.0,28.794285714285714,1.0552220888355344,1.1197452229299363,37.0,37.0,69.42857142857143,2.0,0.05375125551833445,3.8918202981106265
2026-03-07,H001,Scented Candle Set,Home & Living,GlowHaus,6,24.99,27.71,48,1330.08,1042.08,78.35,23.98,110,1,5,3,Valentines Day,0.0,-3.0,28.555714285714288,1.108843537414966,1.1555462885738115,49.0,38.0,68.6896551724138,2.0,0.10331761402802614,3.871201010907891
2026-03-08,H001,Scented Candle Set,Home & Living,GlowHaus,6,24.99,24.75,63,1559.25,1181.25,75.76,26.5,76,1,6,3,Valentines Day,0.0,-3.0,27.800000000000004,0.9903961584633855,0.9339622641509434,48.0,41.857142857142854,68.5,1.0,-0.009650255832161591,4.143134726391533
2026-03-09,H001,Scented Candle Set,Home & Living,GlowHaus,6,24.99,25.52,50,1276.0,976.0,76.49,21.4,93,0,0,3,Valentines Day,0.0,-3.0,27.12,1.0212084833933575,1.1925233644859814,63.0,45.0,67.26666666666667,2.0,0.02098671362972823,3.912023005428146
2026-03-10,H001,Scented Candle Set,Home & Living,GlowHaus,6,24.99,23.44,72,1687.68,1255.68,74.4,26.31,52,0,1,3,Valentines Day,0.0,-3.0,26.395714285714284,0.9379751900760305,0.8909160015203346,50.0,50.42857142857143,67.6,1.0,-0.06403178013804908,4.276666119016055
2026-03-11,H001,Scented Candle Set,Home & Living,GlowHaus,6,24.99,23.25,76,1767.0,1311.0,74.19,24.33,65,0,2,3,Valentines Day,0.0,-3.0,25.662857142857142,0.9303721488595439,0.9556103575832307,72.0,56.42857142857143,67.53333333333333,1.0,-0.07217061281349561,4.330733340286331
2026-03-12,H001,Scented Candle Set,Home & Living,GlowHaus,6,24.99,22.4,73,1635.2,1197.2,73.21,25.62,73,0,3,3,Valentines Day,0.0,-3.0,24.777142857142856,0.896358543417367,0.8743169398907102,76.0,61.57142857142857,66.46666666666667,1.0,-0.1094147859858668,4.290459441148391
2026-03-13,H001,Scented Candle Set,Home & Living,GlowHaus,6,24.99,21.76,81,1762.56,1276.56,72.43,23.79,38,0,4,3,Valentines Day,0.0,-3.0,24.118571428571432,0.870748299319728,0.9146700294241279,73.0,66.14285714285714,66.4,1.0,-0.13840232285911905,4.394449154672439
2026-03-14,H001,Scented Candle Set,Home & Living,GlowHaus,6,24.99,22.09,83,1833.47,1335.47,72.84,28.72,32,1,5,3,Valentines Day,0.0,-3.0,23.315714285714282,0.8839535814325731,0.7691504178272981,81.0,71.14285714285714,66.0,1.0,-0.12335072741483516,4.418840607796598
2026-03-15,H001,Scented Candle Set,Home & Living,GlowHaus,6,24.99,20.56,96,1973.76,1397.76,70.82,22.1,23,1,6,3,Valentines Day,0.0,-3.0,22.717142857142854,0.8227290916366546,0.9303167420814479,83.0,75.85714285714286,65.86666666666666,1.0,-0.1951283042598967,4.564348191467836
2026-03-16,H001,Scented Candle Set,Home & Living,GlowHaus,6,24.99,19.92,95,1892.4,1322.4,69.88,26.19,8,0,0,3,Valentines Day,0.0,-3.0,21.91714285714286,0.7971188475390157,0.7605956471935854,96.0,82.28571428571429,64.86666666666666,0.0,-0.22675149269040867,4.553876891600541
2026-03-17,H001,Scented Candle Set,Home & Living,GlowHaus,6,24.99,20.87,94,1961.78,1397.78,71.25,27.34,30,0,1,3,Easter,0.0,-3.0,21.550000000000004,0.8351340536214487,0.7633504023408925,95.0,85.42857142857143,63.833333333333336,1.0,-0.18016302375775153,4.543294782270004
2026-03-18,H001,Scented Candle Set,Home & Living,GlowHaus,6,24.99,21.73,83,1803.59,1305.59,72.39,22.38,33,0,2,3,Easter,0.0,-3.0,21.332857142857144,0.8695478191276511,0.9709562109025917,94.0,86.42857142857143,62.9,1.0,-0.1397819505785227,4.418840607796598
2026-03-19,H001,Scented Candle Set,Home & Living,GlowHaus,6,24.99,22.83,81,1849.23,1363.23,73.72,24.25,32,0,3,3,Easter,0.0,-3.0,21.39428571428571,0.9135654261704682,0.9414432989690721,83.0,87.57142857142857,62.233333333333334,1.0,-0.09040028430515683,4.394449154672439
2026-03-20,H001,Scented Candle Set,Home & Living,GlowHaus,6,24.99,21.99,73,1605.27,1167.27,72.71,22.46,63,0,4,3,Easter,0.0,-3.0,21.427142857142858,0.879951980792317,0.979073909171861,81.0,86.42857142857143,61.833333333333336,1.0,-0.12788794028019115,4.290459441148391
2026-03-21,H001,Scented Candle Set,Home & Living,GlowHaus,6,24.99,24.41,73,1781.93,1343.93,75.42,27.78,57,1,5,3,Easter,0.0,-3.0,21.75857142857143,0.9767907162865147,0.8786897048236141,73.0,85.0,61.0,1.0,-0.02348286044199221,4.290459441148391
2026-03-22,H001,Scented Candle Set,Home & Living,GlowHaus,6,24.99,24.29,65,1578.85,1188.85,75.3,25.29,53,1,6,3,Easter,0.0,-3.0,22.291428571428572,0.9719887955182073,0.9604586793198893,73.0,80.57142857142857,60.96666666666667,1.0,-0.028411001832779895,4.174387269895637
2026-03-23,H001,Scented Candle Set,Home & Living,GlowHaus,6,24.99,24.86,55,1367.3,1037.3,75.86,24.21,82,0,0,3,Easter,0.0,-3.0,22.997142857142858,0.9947979191676671,1.026848409748038,65.0,74.85714285714286,60.06666666666667,2.0,-0.005215658764295894,4.007333185232471
2026-03-24,H001,Scented Candle Set,Home & Living,GlowHaus,6,24.99,24.93,54,1346.22,1022.22,75.93,24.49,96,0,1,3,Easter,0.0,-3.0,23.577142857142857,0.9975990396158464,1.0179665169456922,55.0,69.14285714285714,58.96666666666667,2.0,-0.002403847311394443,3.9889840465642745
2026-03-25,H001,Scented Candle Set,Home & Living,GlowHaus,6,24.99,26.15,53,1385.95,1067.95,77.06,27.45,77,0,2,3,Easter,0.0,-3.0,24.208571428571425,1.0464185674269708,0.9526411657559198,54.0,64.85714285714286,58.93333333333333,1.0,0.045373445664070915,3.970291913552122
2026-03-26,H001,Scented Candle Set,Home & Living,GlowHaus,6,24.99,28.22,36,1015.92,799.92,78.74,27.45,139,0,3,3,Easter,0.0,-3.0,24.978571428571428,1.129251700680272,1.0280510018214937,53.0,58.42857142857143,59.0,2.0,0.12155520157780686,3.58351893845611
2026-03-27,H001,Scented Candle Set,Home & Living,GlowHaus,6,24.99,27.34,41,1120.94,874.94,78.05,22.17,133,0,4,3,Easter,0.0,-3.0,25.74285714285714,1.0940376150460185,1.2331980153360396,36.0,53.857142857142854,59.03333333333333,2.0,0.08987508644894256,3.713572066704308
2026-03-28,H001,Scented Candle Set,Home & Living,GlowHaus,6,24.99,28.1,35,983.5,773.5,78.65,25.59,147,1,5,3,Easter,0.0,-3.0,26.27,1.1244497799119648,1.098085189527159,41.0,48.42857142857143,59.1,2.0,0.1172938314928391,3.5553480614894135
2026-03-29,H001,Scented Candle Set,Home & Living,GlowHaus,6,24.99,28.07,51,1431.57,1125.57,78.62,27.31,116,1,6,3,Easter,0.0,-3.0,26.810000000000002,1.123249299719888,1.0278286341999268,35.0,46.42857142857143,59.666666666666664,2.0,0.11622564552693011,3.9318256327243257
2026-03-30,H001,Scented Candle Set,Home & Living,GlowHaus,6,24.99,28.05,37,1037.85,815.85,78.61,24.54,132,0,0,3,Easter,0.0,-3.0,27.265714285714285,1.1224489795918369,1.1430317848410758,51.0,43.857142857142854,59.53333333333333,2.0,0.11551288712184443,3.6109179126442243
2026-03-31,H001,Scented Candle Set,Home & Living,GlowHaus,6,24.99,28.31,37,1047.47,825.47,78.81,25.74,142,0,1,3,Easter,0.0,-3.0,27.74857142857143,1.1328531412565026,1.0998445998445998,37.0,41.42857142857143,59.56666666666667,2.0,0.12473935427694723,3.6109179126442243
2026-04-01,H001,Scented Candle Set,Home & Living,GlowHaus,6,24.99,27.75,38,1054.5,826.5,78.38,24.56,106,0,2,4,Easter,0.0,-3.0,27.97714285714286,1.1104441776710685,1.129885993485342,37.0,39.285714285714285,59.9,2.0,0.10476009534558257,3.6375861597263857
2026-04-02,H001,Scented Candle Set,Home & Living,GlowHaus,6,24.99,28.87,36,1039.32,823.32,79.22,25.65,122,0,3,4,Easter,0.0071,-3.0,28.07,1.155262104841937,1.1255360623781678,38.0,39.285714285714285,59.96666666666667,2.0,0.14432724882798284,3.58351893845611
2026-04-03,H001,Scented Candle Set,Home & Living,GlowHaus,6,24.99,28.43,41,1165.63,919.63,78.9,27.43,123,0,4,4,Easter,0.0143,-3.0,28.225714285714286,1.13765506202481,1.0364564345607,36.0,39.285714285714285,60.2,2.0,0.1289691808160475,3.713572066704308
2026-04-04,H001,Scented Candle Set,Home & Living,GlowHaus,6,24.99,28.13,49,1378.37,1084.37,78.67,24.35,120,1,5,4,Easter,0.0214,-3.0,28.23,1.1256502601040417,1.15523613963039,41.0,41.285714285714285,60.6,2.0,0.11836087765490452,3.8918202981106265
2026-04-05,H001,Scented Candle Set,Home & Living,GlowHaus,6,24.99,28.9,44,1271.6,1007.6,79.24,22.89,117,1,6,4,Easter,0.0286,-3.0,28.34857142857143,1.1564625850340136,1.2625600698995194,49.0,40.285714285714285,60.43333333333333,2.0,0.14536585027152543,3.784189633918261
2026-04-06,H001,Scented Candle Set,Home & Living,GlowHaus,6,24.99,25.55,54,1379.7,1055.7,76.52,21.69,96,0,0,4,Easter,0.0357,-3.0,27.99142857142857,1.0224089635854343,1.177962194559705,44.0,42.714285714285715,60.63333333333333,2.0,0.022161571802852567,3.9889840465642745
2026-04-07,H001,Scented Candle Set,Home & Living,GlowHaus,6,24.99,25.88,57,1475.16,1133.16,76.82,22.94,93,0,1,4,Easter,0.0429,-3.0,27.64428571428571,1.0356142456982793,1.128160418482999,54.0,45.57142857142857,60.43333333333333,2.0,0.0349947247858388,4.04305126783455
2026-04-08,H001,Scented Candle Set,Home & Living,GlowHaus,6,24.99,24.91,54,1345.14,1021.14,75.91,22.47,79,0,2,4,Easter,0.05,-3.0,27.238571428571426,0.9967987194877952,1.1085892300845572,57.0,47.857142857142854,60.56666666666667,1.0,-0.0032064155727718857,3.9889840465642745
2026-04-09,H001,Scented Candle Set,Home & Living,GlowHaus,6,24.99,23.85,59,1407.15,1053.15,74.84,21.62,78,0,3,4,Easter,0.0571,-3.0,26.521428571428572,0.9543817527010805,1.1031452358926919,54.0,51.142857142857146,60.13333333333333,1.0,-0.04669152751251072,4.07753744390572
2026-04-10,H001,Scented Candle Set,Home & Living,GlowHaus,6,24.99,21.27,109,2318.43,1664.43,71.79,24.11,5,0,4,4,Easter,0.0643,-3.0,25.498571428571427,0.851140456182473,0.882206553297387,59.0,60.857142857142854,61.233333333333334,0.0,-0.16117811563471515,4.6913478822291435
2026-04-11,H001,Scented Candle Set,Home & Living,GlowHaus,6,24.99,22.8,79,1801.2,1327.2,73.68,21.71,25,1,5,4,Easter,0.0714,-3.0,24.737142857142857,0.9123649459783915,1.050207277752188,109.0,65.14285714285714,61.43333333333333,1.0,-0.09171520888646581,4.3694478524670215
2026-04-12,H001,Scented Candle Set,Home & Living,GlowHaus,6,24.99,23.48,95,2230.6,1660.6,74.45,27.82,12,1,6,4,Easter,0.1,-3.0,23.96285714285714,0.9395758303321329,0.8439971243709562,79.0,72.42857142857143,61.9,0.0,-0.06232674988696529,4.553876891600541
2026-04-13,H001,Scented Candle Set,Home & Living,GlowHaus,6,24.99,21.88,79,1728.52,1254.52,72.58,26.08,24,0,0,4,Easter,0.1,-3.0,23.43857142857143,0.8755502200880352,0.838957055214724,95.0,76.0,61.766666666666666,1.0,-0.1329027672930806,4.3694478524670215
2026-04-14,H001,Scented Candle Set,Home & Living,GlowHaus,6,24.99,21.08,97,2044.76,1462.76,71.54,22.52,5,0,1,4,Easter,0.1,-3.0,22.752857142857145,0.8435374149659863,0.9360568383658969,79.0,81.71428571428571,61.8,0.0,-0.1701510211736995,4.574710978503383
2026-04-15,H001,Scented Candle Set,Home & Living,GlowHaus,6,24.99,21.3,88,1874.4,1346.4,71.83,23.08,18,0,2,4,Easter,0.1,-3.0,22.23714285714286,0.8523409363745499,0.9228769497400348,97.0,86.57142857142857,61.56666666666667,0.0,-0.15976867213148152,4.477336814478207
2026-04-16,H001,Scented Candle Set,Home & Living,GlowHaus,6,24.99,22.0,72,1584.0,1152.0,72.73,21.82,36,0,3,4,Easter,0.1,-3.0,21.972857142857144,0.8803521408563426,1.008249312557287,88.0,88.42857142857143,60.833333333333336,1.0,-0.12743329148854507,4.276666119016055
2026-04-17,H001,Scented Candle Set,Home & Living,GlowHaus,6,24.99,22.29,93,2072.97,1514.97,73.08,24.32,14,0,4,4,Easter,0.1,-3.0,22.118571428571432,0.8919567827130852,0.9165296052631579,72.0,86.14285714285714,61.166666666666664,0.0,-0.11433759744908356,4.532599493153256
2026-04-18,H001,Scented Candle Set,Home & Living,GlowHaus,6,24.99,21.47,107,2297.29,1655.29,72.05,23.76,5,1,5,4,Easter,0.1,-3.0,21.928571428571427,0.8591436574629852,0.9036195286195285,93.0,90.14285714285714,62.03333333333333,0.0,-0.1518191329561714,4.672828834461906
2026-04-19,H001,Scented Candle Set,Home & Living,GlowHaus,6,24.99,23.35,86,2008.1,1492.1,74.3,23.61,24,1,6,4,Easter,0.0714,-3.0,21.91,0.9343737494998,0.9889877170690387,107.0,88.85714285714286,62.46666666666667,1.0,-0.0678787607319546,4.454347296253507
2026-04-20,H001,Scented Candle Set,Home & Living,GlowHaus,6,24.99,22.54,77,1735.58,1273.58,73.38,22.58,58,0,0,4,Easter,0.0643,-3.0,22.004285714285714,0.9019607843137255,0.9982285208148804,86.0,88.57142857142857,62.6,1.0,-0.10318423623523075,4.343805421853684
2026-04-21,H001,Scented Candle Set,Home & Living,GlowHaus,6,24.99,23.85,76,1812.6,1356.6,74.84,24.8,65,0,1,4,Easter,0.0571,-3.0,22.400000000000002,0.9543817527010805,0.9616935483870968,77.0,85.57142857142857,62.96666666666667,1.0,-0.04669152751251072,4.330733340286331
2026-04-22,H001,Scented Candle Set,Home & Living,GlowHaus,6,24.99,24.07,62,1492.34,1120.34,75.07,23.86,87,0,2,4,Easter,0.05,-3.0,22.795714285714286,0.9631852741096439,1.0088013411567478,76.0,81.85714285714286,63.2,2.0,-0.037509493051880345,4.127134385045092
2026-04-23,H001,Scented Candle Set,Home & Living,GlowHaus,6,24.99,25.02,56,1401.12,1065.12,76.02,22.93,84,0,3,4,Easter,0.0429,-3.0,23.227142857142855,1.0012004801920769,1.091146969036197,62.0,79.57142857142857,63.266666666666666,2.0,0.001199760191904095,4.02535169073515
2026-04-24,H001,Scented Candle Set,Home & Living,GlowHaus,6,24.99,26.01,49,1274.49,980.49,76.93,22.6,114,0,4,4,Easter,0.0357,-3.0,23.75857142857143,1.0408163265306123,1.1508849557522123,56.0,73.28571428571429,63.13333333333333,2.0,0.040005334613699206,3.8918202981106265
2026-04-25,H001,Scented Candle Set,Home & Living,GlowHaus,6,24.99,27.43,45,1234.35,964.35,78.13,24.39,113,1,5,4,Easter,0.0286,-3.0,24.609999999999996,1.097639055622249,1.124641246412464,49.0,64.42857142857143,63.43333333333333,2.0,0.093161560102651,3.8066624897703196
2026-04-26,H001,Scented Candle Set,Home & Living,GlowHaus,6,24.99,27.52,49,1348.48,1054.48,78.2,27.74,84,1,6,4,Easter,0.0214,-3.0,25.205714285714286,1.1012404961984794,0.9920692141312185,45.0,59.142857142857146,63.7,2.0,0.09643726821828191,3.8918202981106265
2026-04-27,H001,Scented Candle Set,Home & Living,GlowHaus,6,24.99,27.18,44,1195.92,931.92,77.92,24.36,114,0,0,4,Easter,0.0143,-3.0,25.868571428571432,1.0876350540216086,1.1157635467980296,49.0,54.42857142857143,64.0,2.0,0.08400566387613664,3.784189633918261
2026-04-28,H001,Scented Candle Set,Home & Living,GlowHaus,6,24.99,28.61,29,829.69,655.69,79.03,28.71,127,0,1,4,Easter,0.0071,-3.0,26.548571428571428,1.144857943177271,0.9965168930686171,44.0,47.714285714285715,63.266666666666666,2.0,0.13528056221515794,3.367295829986474
2026-04-29,H001,Scented Candle Set,Home & Living,GlowHaus,6,24.99,27.83,45,1252.35,982.35,78.44,22.24,96,0,2,4,Mothers Day,0.0129,-3.0,27.085714285714285,1.1136454581832733,1.2513489208633093,29.0,45.285714285714285,63.53333333333333,2.0,0.10763883069093841,3.8066624897703196
2026-04-30,H001,Scented Candle Set,Home & Living,GlowHaus,6,24.99,28.28,35,989.8,779.8,78.78,26.26,129,0,3,4,Mothers Day,0.0257,-3.0,27.551428571428573,1.131652661064426,1.0769230769230769,45.0,42.285714285714285,63.46666666666667,2.0,0.12367909618151117,3.5553480614894135
2026-05-01,H001,Scented Candle Set,Home & Living,GlowHaus,6,24.99,27.34,39,1066.26,832.26,78.05,25.69,125,0,4,5,Mothers Day,0.0386,-3.0,27.74142857142857,1.0940376150460185,1.0642273258077073,35.0,40.857142857142854,63.5,2.0,0.08987508644894256,3.6635616461296463
2026-05-02,H001,Scented Candle Set,Home & Living,GlowHaus,6,24.99,28.48,40,1139.2,899.2,78.93,25.39,123,1,5,5,Mothers Day,0.0514,-3.0,27.89142857142857,1.139655862344938,1.1217014572666404,39.0,40.142857142857146,63.63333333333333,2.0,0.13072634169691402,3.6888794541139363
2026-05-03,H001,Scented Candle Set,Home & Living,GlowHaus,6,24.99,28.75,41,1178.75,932.75,79.13,21.43,112,1,6,5,Mothers Day,0.0643,-3.0,28.06714285714286,1.1504601840736295,1.3415772281847878,40.0,39.0,63.63333333333333,2.0,0.14016202239649847,3.713572066704308
2026-05-04,H001,Scented Candle Set,Home & Living,GlowHaus,6,24.99,28.02,46,1288.92,1012.92,78.59,23.2,116,0,0,5,Mothers Day,0.0771,-3.0,28.187142857142856,1.12124849939976,1.2077586206896551,41.0,39.285714285714285,63.53333333333333,2.0,0.11444279606200003,3.828641396489095
2026-05-05,H001,Scented Candle Set,Home & Living,GlowHaus,6,24.99,28.23,42,1185.66,933.66,78.75,26.75,120,0,1,5,Mothers Day,0.09,-3.0,28.132857142857144,1.1296518607442978,1.0553271028037383,46.0,41.142857142857146,63.46666666666667,2.0,0.12190949741853702,3.7376696182833684
2026-05-06,H001,Scented Candle Set,Home & Living,GlowHaus,6,24.99,25.68,55,1412.4,1082.4,76.64,23.2,87,0,2,5,Mothers Day,0.1029,-3.0,27.825714285714287,1.027611044417767,1.106896551724138,42.0,42.57142857142857,63.5,2.0,0.027236733974899376,4.007333185232471
2026-05-07,H001,Scented Candle Set,Home & Living,GlowHaus,6,24.99,26.03,64,1665.92,1281.92,76.95,23.4,52,0,3,5,Mothers Day,0.1157,-3.0,27.504285714285714,1.0416166466586636,1.1123931623931624,55.0,46.714285714285715,63.733333333333334,1.0,0.040773974159613126,4.1588830833596715
2026-05-08,H001,Scented Candle Set,Home & Living,GlowHaus,6,24.99,23.61,72,1699.92,1267.92,74.59,26.75,37,0,4,5,Mothers Day,0.1286,-3.0,26.971428571428568,0.9447779111644659,0.8826168224299065,64.0,51.42857142857143,64.33333333333333,1.0,-0.05680539374943939,4.276666119016055
