backend/data/features.csv
date,product_id,product_name,category,brand,cost,base_price,price,demand,revenue,profit,margin,competitor_price,stock,is_weekend,day_of_week,month,holiday_name,holiday_boost,elasticity,price_lag_7d,price_to_base,price_to_competitor,demand_lag_1d,demand_lag_7d,demand_lag_30d,stock_level,log_price_ratio,log_demand
2026-02-07,H002,Memory Foam Pillow,Home & Living,DreamRest,12,44.99,45.85,56,2567.6,1895.6,73.83,40.6,87,1,5,2,Valentines Day,0.1,-1.9,45.85,1.0191153589686597,1.1293103448275863,56.0,56.0,56.0,2.0,0.01893495584939291,4.02535169073515
2026-02-08,H002,Memory Foam Pillow,Home & Living,DreamRest,12,44.99,43.9,57,2502.3,1818.3,72.67,45.67,82,1,6,2,Valentines Day,0.1143,-1.9,44.875,0.9757723938653033,0.9612437048390627,56.0,56.5,56.5,2.0,-0.024525922771955314,4.04305126783455
2026-02-09,H002,Memory Foam Pillow,Home & Living,DreamRest,12,44.99,43.54,55,2394.7,1734.7,72.44,40.89,71,0,0,2,Valentines Day,0.1286,-1.9,44.43,0.967770615692376,1.0648080215211544,57.0,56.0,56.0,1.0,-0.032760187046679635,4.007333185232471
2026-02-10,H002,Memory Foam Pillow,Home & Living,DreamRest,12,44.99,41.33,66,2727.78,1935.78,70.97,50.26,72,0,1,2,Valentines Day,0.1429,-1.9,43.655,0.9186485885752389,0.8223239156386789,55.0,58.5,58.5,1.0,-0.08485161432943998,4.189654742026425
2026-02-11,H002,Memory Foam Pillow,Home & Living,DreamRest,12,44.99,39.57,76,3007.32,2095.32,69.67,48.36,65,0,2,2,Valentines Day,0.2,-1.9,42.838,0.879528784174261,0.8182382133995038,66.0,62.0,62.0,1.0,-0.128368987455748,4.330733340286331
2026-02-12,H002,Memory Foam Pillow,Home & Living,DreamRest,12,44.99,37.43,79,2956.97,2008.97,67.94,41.87,30,0,3,2,Valentines Day,0.2,-1.9,41.93666666666667,0.8319626583685263,0.8939574874611894,76.0,64.83333333333333,64.83333333333333,1.0,-0.18396772093674332,4.3694478524670215
2026-02-13,H002,Memory Foam Pillow,Home & Living,DreamRest,12,44.99,37.47,70,2622.9,1782.9,67.97,45.73,64,0,4,2,Valentines Day,0.2,-1.9,41.29857142857143,0.8328517448321848,0.8193745899846928,79.0,65.57142857142857,65.57142857142857,1.0,-0.18289963004748505,4.248495242049359
2026-02-14,H002,Memory Foam Pillow,Home & Living,DreamRest,12,44.99,40.87,68,2779.16,1963.16,70.64,39.34,48,1,5,2,Valentines Day,0.2,-1.9,40.58714285714286,0.9084240942431651,1.0388917132689373,70.0,67.28571428571429,65.875,1.0,-0.09604394527689508,4.219507705176107
2026-02-15,H002,Memory Foam Pillow,Home & Living,DreamRest,12,44.99,38.37,76,2916.12,2004.12,68.73,41.13,39,1,6,2,Valentines Day,0.2,-1.9,39.79714285714285,0.8528561902645031,0.9328956965718452,68.0,70.0,67.0,1.0,-0.15916433859422005,4.330733340286331
2026-02-16,H002,Memory Foam Pillow,Home & Living,DreamRest,12,44.99,40.24,65,2615.6,1835.6,70.18,38.43,76,0,0,2,Valentines Day,0.2,-1.9,39.325714285714284,0.8944209824405424,1.0470986208691127,76.0,71.42857142857143,66.8,1.0,-0.11157871706159714,4.174387269895637
2026-02-17,H002,Memory Foam Pillow,Home & Living,DreamRest,12,44.99,40.59,69,2800.71,1972.71,70.44,50.83,43,0,1,2,Valentines Day,0.2,-1.9,39.21999999999999,0.902200488997555,0.7985441668306119,65.0,71.85714285714286,67.0,1.0,-0.10291851200227457,4.23410650459726
2026-02-18,H002,Memory Foam Pillow,Home & Living,DreamRest,12,44.99,43.08,49,2110.92,1522.92,72.14,47.19,109,0,2,2,Valentines Day,0.1429,-1.9,39.721428571428575,0.9575461213603023,0.9129052765416402,69.0,68.0,65.5,2.0,-0.04338139056489314,3.8918202981106265
2026-02-19,H002,Memory Foam Pillow,Home & Living,DreamRest,12,44.99,39.71,70,2779.7,1939.7,69.78,50.12,42,0,3,2,Valentines Day,0.1286,-1.9,40.04714285714285,0.882640586797066,0.7922984836392658,49.0,66.71428571428571,65.84615384615384,1.0,-0.12483719770992081,4.248495242049359
2026-02-20,H002,Memory Foam Pillow,Home & Living,DreamRest,12,44.99,42.7,55,2348.5,1688.5,71.9,41.7,79,0,4,2,Valentines Day,0.1143,-1.9,40.794285714285714,0.9490997999555457,1.023980815347722,70.0,64.57142857142857,65.07142857142857,1.0,-0.052241322618502006,4.007333185232471
2026-02-21,H002,Memory Foam Pillow,Home & Living,DreamRest,12,44.99,46.35,54,2502.9,1854.9,74.11,41.47,102,1,5,2,Valentines Day,0.1,-1.9,41.57714285714285,1.030228939764392,1.1176754280202557,55.0,62.57142857142857,64.33333333333333,2.0,0.029781049158783157,3.9889840465642745
2026-02-22,H002,Memory Foam Pillow,Home & Living,DreamRest,12,44.99,43.94,64,2812.16,2044.16,72.69,43.78,60,1,6,2,Valentines Day,0.0857,-1.9,42.37285714285714,0.9766614803289619,1.003654636820466,54.0,60.857142857142854,64.3125,1.0,-0.023615175896616825,4.1588830833596715
2026-02-23,H002,Memory Foam Pillow,Home & Living,DreamRest,12,44.99,46.44,46,2136.24,1584.24,74.16,50.86,100,0,0,2,Valentines Day,0.0714,-1.9,43.25857142857143,1.0322293843076238,0.913094769956744,64.0,58.142857142857146,63.23529411764706,2.0,0.0317209139766097,3.828641396489095
2026-02-24,H002,Memory Foam Pillow,Home & Living,DreamRest,12,44.99,48.67,44,2141.48,1613.48,75.34,47.58,131,0,1,2,Valentines Day,0.0571,-1.9,44.41285714285715,1.0817959546565903,1.0229087852038672,46.0,54.57142857142857,62.166666666666664,2.0,0.07862258099228195,3.784189633918261
2026-02-25,H002,Memory Foam Pillow,Home & Living,DreamRest,12,44.99,47.63,41,1952.83,1460.83,74.81,47.31,127,0,2,2,Valentines Day,0.0429,-1.9,45.06285714285714,1.058679706601467,1.0067638976960473,44.0,53.42857142857143,61.05263157894737,2.0,0.05702257195968815,3.713572066704308
2026-02-26,H002,Memory Foam Pillow,Home & Living,DreamRest,12,44.99,48.15,42,2022.3,1518.3,75.08,45.05,108,0,3,2,Valentines Day,0.0286,-1.9,46.26857142857143,1.0702378306290286,1.0688124306326305,41.0,49.42857142857143,60.1,2.0,0.06788089539105353,3.7376696182833684
2026-02-27,H002,Memory Foam Pillow,Home & Living,DreamRest,12,44.99,53.4,31,1655.4,1283.4,77.53,48.3,127,0,4,2,Valentines Day,0.0143,-1.9,47.797142857142866,1.1869304289842186,1.1055900621118013,42.0,46.0,58.714285714285715,2.0,0.17137050311306817,3.4339872044851463
2026-02-28,H002,Memory Foam Pillow,Home & Living,DreamRest,12,44.99,49.33,41,2022.53,1530.53,75.67,40.92,129,1,5,2,Valentines Day,0.0,-1.9,48.222857142857144,1.096465881306957,1.2055229716520037,31.0,44.142857142857146,57.90909090909091,2.0,0.09209217239256585,3.713572066704308
2026-03-01,H002,Memory Foam Pillow,Home & Living,DreamRest,12,44.99,51.38,43,2209.34,1693.34,76.64,48.38,130,1,6,3,Valentines Day,0.0,-1.9,49.285714285714285,1.14203156256946,1.0620090946672178,41.0,41.142857142857146,57.26086956521739,2.0,0.13280874882865665,3.7612001156935624
2026-03-02,H002,Memory Foam Pillow,Home & Living,DreamRest,12,44.99,51.24,36,1844.64,1412.64,76.58,51.15,123,0,0,3,Valentines Day,0.0,-1.9,49.971428571428575,1.1389197599466547,1.001759530791789,43.0,39.714285714285715,56.375,2.0,0.1300802341754525,3.58351893845611
2026-03-03,H002,Memory Foam Pillow,Home & Living,DreamRest,12,44.99,50.74,35,1775.9,1355.9,76.35,44.8,114,0,1,3,Valentines Day,0.0,-1.9,50.26714285714286,1.1278061791509224,1.1325892857142859,36.0,38.42857142857143,55.52,2.0,0.12027431131805487,3.5553480614894135
2026-03-04,H002,Memory Foam Pillow,Home & Living,DreamRest,12,44.99,49.74,34,1691.16,1283.16,75.87,49.16,147,0,2,3,Valentines Day,0.0,-1.9,50.56857142857143,1.1055790175594578,1.01179820992677,35.0,37.42857142857143,54.69230769230769,2.0,0.10036919552217777,3.5263605246161616
2026-03-05,H002,Memory Foam Pillow,Home & Living,DreamRest,12,44.99,51.06,34,1736.04,1328.04,76.5,49.81,143,0,3,3,Valentines Day,0.0,-1.9,50.98428571428572,1.1349188708601912,1.0250953623770327,34.0,36.285714285714285,53.925925925925924,2.0,0.12656116896025685,3.5263605246161616
2026-03-06,H002,Memory Foam Pillow,Home & Living,DreamRest,12,44.99,49.56,35,1734.6,1314.6,75.79,51.0,137,0,4,3,Valentines Day,0.0,-1.9,50.43571428571429,1.101578128472994,0.971764705882353,34.0,36.857142857142854,53.25,2.0,0.09674381390786074,3.5553480614894135
2026-03-07,H002,Memory Foam Pillow,Home & Living,DreamRest,12,44.99,47.74,39,1861.86,1393.86,74.86,46.96,122,1,5,3,Valentines Day,0.0,-1.9,50.20857142857143,1.061124694376528,1.016609880749574,35.0,36.57142857142857,52.758620689655174,2.0,0.059329378057603015,3.6635616461296463
2026-03-08,H002,Memory Foam Pillow,Home & Living,DreamRest,12,44.99,45.91,47,2157.77,1593.77,73.86,49.07,120,1,6,3,Valentines Day,0.0,-1.9,49.42714285714286,1.0204489886641475,0.9356022009374363,39.0,37.142857142857146,52.56666666666667,2.0,0.020242715408049634,3.8501476017100584
2026-03-09,H002,Memory Foam Pillow,Home & Living,DreamRest,12,44.99,46.6,38,1770.8,1314.8,74.25,48.39,136,0,0,3,Valentines Day,0.0,-1.9,48.76428571428572,1.0357857301622582,0.9630088861334987,47.0,37.42857142857143,51.96666666666667,2.0,0.03516029827851916,3.6375861597263857
2026-03-10,H002,Memory Foam Pillow,Home & Living,DreamRest,12,44.99,43.4,50,2170.0,1570.0,72.35,49.83,85,0,1,3,Valentines Day,0.0,-1.9,47.715714285714284,0.9646588130695709,0.8709612683122617,38.0,39.57142857142857,51.733333333333334,2.0,-0.03598080174672186,3.912023005428146
2026-03-11,H002,Memory Foam Pillow,Home & Living,DreamRest,12,44.99,43.63,51,2225.13,1613.13,72.5,47.39,88,0,2,3,Valentines Day,0.0,-1.9,46.84285714285714,0.9697710602356079,0.9206583667440389,50.0,42.0,51.6,2.0,-0.030695255717562715,3.9318256327243257
2026-03-12,H002,Memory Foam Pillow,Home & Living,DreamRest,12,44.99,40.94,54,2210.76,1562.76,70.69,38.97,101,0,3,3,Valentines Day,0.0,-1.9,45.39714285714285,0.9099799955545675,1.0505517064408518,51.0,44.857142857142854,51.2,2.0,-0.0943326626199376,3.9889840465642745
2026-03-13,H002,Memory Foam Pillow,Home & Living,DreamRest,12,44.99,41.58,52,2162.16,1538.16,71.14,43.42,83,0,4,3,Valentines Day,0.0,-1.9,44.25714285714285,0.9242053789731051,0.957623215108245,54.0,47.285714285714285,50.4,2.0,-0.07882096042321414,3.9512437185814275
2026-03-14,H002,Memory Foam Pillow,Home & Living,DreamRest,12,44.99,39.39,73,2875.47,1999.47,69.54,40.8,63,1,5,3,Valentines Day,0.0,-1.9,43.06428571428571,0.8755278950877973,0.9654411764705884,52.0,52.142857142857146,50.2,1.0,-0.13292826587026643,4.290459441148391
2026-03-15,H002,Memory Foam Pillow,Home & Living,DreamRest,12,44.99,41.93,61,2557.73,1825.73,71.38,44.46,91,1,6,3,Valentines Day,0.0,-1.9,42.49571428571429,0.9319848855301177,0.9430949167791273,73.0,54.142857142857146,49.9,2.0,-0.07043868167040973,4.110873864173311
2026-03-16,H002,Memory Foam Pillow,Home & Living,DreamRest,12,44.99,39.0,63,2457.0,1701.0,69.23,39.66,88,0,0,3,Valentines Day,0.0,-1.9,41.410000000000004,0.866859302067126,0.9833585476550681,61.0,57.714285714285715,49.733333333333334,2.0,-0.1428785967234345,4.143134726391533
2026-03-17,H002,Memory Foam Pillow,Home & Living,DreamRest,12,44.99,39.92,62,2475.04,1731.04,69.94,43.14,91,0,1,3,Easter,0.0,-1.9,40.91285714285714,0.8873082907312736,0.9253592953175708,63.0,59.42857142857143,49.266666666666666,2.0,-0.11956279140981772,4.127134385045092
2026-03-18,H002,Memory Foam Pillow,Home & Living,DreamRest,12,44.99,37.8,65,2457.0,1677.0,68.25,43.75,85,0,2,3,Easter,0.0,-1.9,40.08,0.8401867081573682,0.864,62.0,61.42857142857143,49.266666666666666,2.0,-0.17413114022753906,4.174387269895637
2026-03-19,H002,Memory Foam Pillow,Home & Living,DreamRest,12,44.99,40.58,61,2475.38,1743.38,70.43,41.89,68,0,3,3,Easter,0.0,-1.9,40.028571428571425,0.9019782173816403,0.9687276199570303,65.0,62.42857142857143,49.0,1.0,-0.1031649084554123,4.110873864173311
2026-03-20,H002,Memory Foam Pillow,Home & Living,DreamRest,12,44.99,39.79,58,2307.82,1611.82,69.84,48.71,80,0,4,3,Easter,0.0,-1.9,39.77285714285714,0.8844187597243831,0.8168753849312256,61.0,63.285714285714285,49.3,1.0,-0.12282461841424375,4.060443010546419
2026-03-21,H002,Memory Foam Pillow,Home & Living,DreamRest,12,44.99,41.6,61,2537.6,1805.6,71.15,43.22,72,1,5,3,Easter,0.0,-1.9,40.08857142857143,0.9246499222049345,0.9625173530772791,58.0,61.57142857142857,49.0,1.0,-0.07834007558586328,4.110873864173311
2026-03-22,H002,Memory Foam Pillow,Home & Living,DreamRest,12,44.99,42.62,48,2045.76,1469.76,71.84,44.19,119,1,6,3,Easter,0.0,-1.9,40.18714285714286,0.9473216270282284,0.9644715999094817,61.0,59.714285714285715,48.766666666666666,2.0,-0.05411661618260992,3.871201010907891
2026-03-23,H002,Memory Foam Pillow,Home & Living,DreamRest,12,44.99,47.96,47,2254.12,1690.12,74.98,40.11,125,0,0,3,Easter,0.0,-1.9,41.46714285714285,1.0660146699266504,1.1957117925704313,48.0,57.42857142857143,48.53333333333333,2.0,0.0639270873062326,3.8501476017100584
2026-03-24,H002,Memory Foam Pillow,Home & Living,DreamRest,12,44.99,44.75,45,2013.75,1473.75,73.18,47.19,114,0,1,3,Easter,0.0,-1.9,42.15714285714285,0.9946654812180484,0.948294130112312,47.0,55.0,47.9,2.0,-0.005348798132216569,3.8066624897703196
2026-03-25,H002,Memory Foam Pillow,Home & Living,DreamRest,12,44.99,44.18,40,1767.2,1287.2,72.84,48.84,108,0,2,3,Easter,0.0,-1.9,43.068571428571424,0.9819959991109135,0.9045864045864045,45.0,51.42857142857143,47.7,2.0,-0.018168044861109834,3.6888794541139363
2026-03-26,H002,Memory Foam Pillow,Home & Living,DreamRest,12,44.99,48.41,43,2081.63,1565.63,75.21,43.9,112,0,3,3,Easter,0.0,-1.9,44.18714285714286,1.0760168926428093,1.102733485193622,40.0,48.857142857142854,47.666666666666664,2.0,0.07326616109852188,3.7612001156935624
2026-03-27,H002,Memory Foam Pillow,Home & Living,DreamRest,12,44.99,50.11,34,1703.74,1295.74,76.05,45.16,125,0,4,3,Easter,0.0,-1.9,45.66142857142857,1.1138030673482995,1.1096102745792737,43.0,45.42857142857143,47.43333333333333,2.0,0.10778034611855224,3.5263605246161616
2026-03-28,H002,Memory Foam Pillow,Home & Living,DreamRest,12,44.99,51.08,40,2043.2,1563.2,76.51,42.9,102,1,5,3,Easter,0.0,-1.9,47.01571428571429,1.1353634140920204,1.1906759906759907,34.0,42.42857142857143,47.36666666666667,2.0,0.12695278831125753,3.6888794541139363
2026-03-29,H002,Memory Foam Pillow,Home & Living,DreamRest,12,44.99,50.33,37,1862.21,1418.21,76.16,41.21,106,1,6,3,Easter,0.0,-1.9,48.11714285714286,1.1186930428984219,1.2213055083717543,40.0,40.857142857142854,47.56666666666667,2.0,0.1121610779351877,3.6109179126442243
2026-03-30,H002,Memory Foam Pillow,Home & Living,DreamRest,12,44.99,50.44,38,1916.72,1460.72,76.21,39.87,107,0,0,3,Easter,0.0,-1.9,48.471428571428575,1.1211380306734828,1.2651116127414097,37.0,39.57142857142857,47.46666666666667,2.0,0.11434426824363775,3.6375861597263857
2026-03-31,H002,Memory Foam Pillow,Home & Living,DreamRest,12,44.99,52.14,35,1824.9,1404.9,76.99,44.05,115,0,1,3,Easter,0.0,-1.9,49.527142857142856,1.158924205378973,1.1836549375709422,38.0,38.142857142857146,47.2,2.0,0.14749216565227466,3.5553480614894135
2026-04-01,H002,Memory Foam Pillow,Home & Living,DreamRest,12,44.99,48.76,39,1901.64,1433.64,75.39,43.3,127,0,2,4,Easter,0.0,-1.9,50.18142857142857,1.083796399199822,1.1260969976905313,35.0,38.0,47.3,2.0,0.08047006175998975,3.6635616461296463
2026-04-02,H002,Memory Foam Pillow,Home & Living,DreamRest,12,44.99,50.62,37,1872.94,1428.94,76.29,38.72,146,0,3,4,Easter,0.0071,-1.9,50.497142857142855,1.1251389197599466,1.3073347107438016,39.0,37.142857142857146,47.36666666666667,2.0,0.11790651226389705,3.6109179126442243
2026-04-03,H002,Memory Foam Pillow,Home & Living,DreamRest,12,44.99,52.53,33,1733.49,1337.49,77.16,42.85,132,0,4,4,Easter,0.0143,-1.9,50.84285714285715,1.1675927983996444,1.225904317386231,37.0,37.0,47.333333333333336,2.0,0.15494419211278926,3.4965075614664802
2026-04-04,H002,Memory Foam Pillow,Home & Living,DreamRest,12,44.99,50.14,50,2507.0,1907.0,76.07,49.87,115,1,5,4,Easter,0.0214,-1.9,50.708571428571425,1.1144698821960435,1.005414076599158,33.0,38.42857142857143,47.86666666666667,2.0,0.10837884987706634,3.912023005428146
2026-04-05,H002,Memory Foam Pillow,Home & Living,DreamRest,12,44.99,49.33,45,2219.85,1679.85,75.67,44.76,129,1,6,4,Easter,0.0286,-1.9,50.565714285714286,1.096465881306957,1.1021000893655049,50.0,39.57142857142857,48.2,2.0,0.09209217239256585,3.8066624897703196
2026-04-06,H002,Memory Foam Pillow,Home & Living,DreamRest,12,44.99,46.64,47,2192.08,1628.08,74.27,45.51,126,0,0,4,Easter,0.0357,-1.9,50.02285714285714,1.0366748166259168,1.0248297077565371,45.0,40.857142857142854,48.46666666666667,2.0,0.03601829918915591,3.8501476017100584
2026-04-07,H002,Memory Foam Pillow,Home & Living,DreamRest,12,44.99,45.08,52,2344.16,1720.16,73.38,38.34,92,0,1,4,Easter,0.0429,-1.9,49.01428571428572,1.0020004445432318,1.1757955138236826,47.0,43.285714285714285,48.63333333333333,2.0,0.001998446318494584,3.9512437185814275
2026-04-08,H002,Memory Foam Pillow,Home & Living,DreamRest,12,44.99,45.89,44,2019.16,1491.16,73.85,42.79,125,0,2,4,Easter,0.05,-1.9,48.604285714285716,1.0200044454323183,1.0724468333722832,52.0,44.0,48.833333333333336,2.0,0.019806985553661196,3.784189633918261
2026-04-09,H002,Memory Foam Pillow,Home & Living,DreamRest,12,44.99,42.53,50,2126.5,1526.5,71.78,39.16,87,0,3,4,Easter,0.0571,-1.9,47.44857142857143,0.9453211824849966,1.0860572012257406,44.0,45.857142857142854,48.833333333333336,2.0,-0.05623053358753879,3.912023005428146
2026-04-10,H002,Memory Foam Pillow,Home & Living,DreamRest,12,44.99,39.85,63,2510.55,1754.55,69.89,43.88,69,0,4,4,Easter,0.0643,-1.9,45.637142857142855,0.8857523894198711,0.908158614402917,50.0,50.142857142857146,49.233333333333334,1.0,-0.12131783761685684,4.143134726391533
2026-04-11,H002,Memory Foam Pillow,Home & Living,DreamRest,12,44.99,38.22,75,2866.5,1966.5,68.6,39.68,68,1,5,4,Easter,0.0714,-1.9,43.93428571428571,0.8495221160257834,0.9632056451612903,63.0,53.714285714285715,49.93333333333333,1.0,-0.16308130404095403,4.31748811353631
2026-04-12,H002,Memory Foam Pillow,Home & Living,DreamRest,12,44.99,39.77,70,2783.9,1943.9,69.83,42.26,53,1,6,4,Easter,0.1,-1.9,42.56857142857143,0.8839742164925539,0.9410790345480361,75.0,57.285714285714285,50.53333333333333,1.0,-0.12332738363348164,4.248495242049359
2026-04-13,H002,Memory Foam Pillow,Home & Living,DreamRest,12,44.99,39.77,60,2386.2,1666.2,69.83,39.89,85,0,0,4,Easter,0.1,-1.9,41.58714285714286,0.8839742164925539,0.9969917272499373,70.0,59.142857142857146,50.1,2.0,-0.12332738363348164,4.0943445622221
