backend/data/features.csv
date,product_id,product_name,category,brand,cost,base_price,price,demand,revenue,profit,margin,competitor_price,stock,is_weekend,day_of_week,month,holiday_name,holiday_boost,elasticity,price_lag_7d,price_to_base,price_to_competitor,demand_lag_1d,demand_lag_7d,demand_lag_30d,stock_level,log_price_ratio,log_demand
2026-04-14,H002,Memory Foam Pillow,Home & Living,DreamRest,12,44.99,38.82,73,2833.86,1957.86,69.09,39.29,72,0,1,4,Easter,0.1,-1.9,40.69285714285714,0.8628584129806623,0.9880376686179689,60.0,62.142857142857146,50.5,1.0,-0.14750466511221674,4.290459441148391
2026-04-15,H002,Memory Foam Pillow,Home & Living,DreamRest,12,44.99,39.07,63,2461.41,1705.41,69.29,40.52,88,0,2,4,Easter,0.1,-1.9,39.71857142857142,0.8684152033785285,0.9642152023692003,73.0,64.85714285714286,50.5,2.0,-0.14108533378610177,4.143134726391533
2026-04-16,H002,Memory Foam Pillow,Home & Living,DreamRest,12,44.99,38.29,66,2527.14,1735.14,68.66,48.63,85,0,3,4,Easter,0.1,-1.9,39.112857142857145,0.851078017337186,0.7873740489409828,63.0,67.14285714285714,50.63333333333333,2.0,-0.1612514773638778,4.189654742026425
2026-04-17,H002,Memory Foam Pillow,Home & Living,DreamRest,12,44.99,38.35,68,2607.8,1791.8,68.71,42.08,56,0,4,4,Easter,0.1,-1.9,38.89857142857143,0.8524116470326739,0.9113593155893537,66.0,67.85714285714286,50.733333333333334,1.0,-0.15968571503981574,4.219507705176107
2026-04-18,H002,Memory Foam Pillow,Home & Living,DreamRest,12,44.99,37.27,71,2646.17,1794.17,67.8,45.59,44,1,5,4,Easter,0.1,-1.9,38.76285714285715,0.828406312513892,0.817503838561088,68.0,67.28571428571429,51.06666666666667,1.0,-0.1882515293619139,4.2626798770413155
2026-04-19,H002,Memory Foam Pillow,Home & Living,DreamRest,12,44.99,38.77,77,2985.29,2061.29,69.05,42.43,46,1,6,4,Easter,0.0714,-1.9,38.620000000000005,0.8617470549010892,0.9137402781051144,71.0,68.28571428571429,51.7,1.0,-0.14879349117024313,4.343805421853684
2026-04-20,H002,Memory Foam Pillow,Home & Living,DreamRest,12,44.99,41.91,59,2472.69,1764.69,71.37,46.95,68,0,0,4,Easter,0.0643,-1.9,38.925714285714285,0.9315403422982884,0.8926517571884983,77.0,68.14285714285714,51.63333333333333,1.0,-0.07091578091610089,4.07753744390572
2026-04-21,H002,Memory Foam Pillow,Home & Living,DreamRest,12,44.99,41.09,57,2342.13,1658.13,70.8,43.33,83,0,1,4,Easter,0.0571,-1.9,39.25,0.9133140697932874,0.9483037156704363,59.0,65.85714285714286,51.93333333333333,2.0,-0.0906754599577625,4.04305126783455
2026-04-22,H002,Memory Foam Pillow,Home & Living,DreamRest,12,44.99,43.07,51,2196.57,1584.57,72.14,40.66,94,0,2,4,Easter,0.05,-1.9,39.82142857142857,0.9573238497443876,1.0592720118052141,57.0,64.14285714285714,52.06666666666667,2.0,-0.0436135437870618,3.9318256327243257
2026-04-23,H002,Memory Foam Pillow,Home & Living,DreamRest,12,44.99,44.45,49,2178.05,1590.05,73.0,51.49,97,0,3,4,Easter,0.0429,-1.9,40.70142857142857,0.9879973327406091,0.8632744222179064,51.0,61.714285714285715,52.2,2.0,-0.01207528089316728,3.8918202981106265
2026-04-24,H002,Memory Foam Pillow,Home & Living,DreamRest,12,44.99,45.49,50,2274.5,1674.5,73.62,46.71,88,0,4,4,Easter,0.0357,-1.9,41.721428571428575,1.0111135807957323,0.9738813958467137,49.0,59.142857142857146,52.53333333333333,2.0,0.011052278728831738,3.912023005428146
2026-04-25,H002,Memory Foam Pillow,Home & Living,DreamRest,12,44.99,49.33,47,2318.51,1754.51,75.67,39.17,99,1,5,4,Easter,0.0286,-1.9,43.44428571428572,1.096465881306957,1.2593821802399794,50.0,55.714285714285715,52.666666666666664,2.0,0.09209217239256585,3.8501476017100584
2026-04-26,H002,Memory Foam Pillow,Home & Living,DreamRest,12,44.99,50.36,38,1913.68,1457.68,76.17,43.05,110,1,6,4,Easter,0.0214,-1.9,45.10000000000001,1.1193598577461656,1.1698025551684088,47.0,50.142857142857146,52.8,2.0,0.11275696632306534,3.6375861597263857
2026-04-27,H002,Memory Foam Pillow,Home & Living,DreamRest,12,44.99,51.68,36,1860.48,1428.48,76.78,43.4,113,0,0,4,Easter,0.0143,-1.9,46.49571428571429,1.1486997110468993,1.1907834101382488,38.0,46.857142857142854,52.666666666666664,2.0,0.13863061662126547,3.58351893845611
2026-04-28,H002,Memory Foam Pillow,Home & Living,DreamRest,12,44.99,50.01,35,1750.35,1330.35,76.0,42.29,136,0,1,4,Easter,0.0071,-1.9,47.769999999999996,1.111580351189153,1.1825490659730433,36.0,43.714285714285715,52.6,2.0,0.10578274257773136,3.5553480614894135
2026-04-29,H002,Memory Foam Pillow,Home & Living,DreamRest,12,44.99,53.58,35,1875.3,1455.3,77.6,43.13,143,0,2,4,Mothers Day,0.0129,-1.9,49.271428571428565,1.1909313180706822,1.2422907488986783,35.0,41.42857142857143,52.5,2.0,0.1747356212633816,3.5553480614894135
2026-04-30,H002,Memory Foam Pillow,Home & Living,DreamRest,12,44.99,51.5,32,1648.0,1264.0,76.7,49.05,123,0,3,4,Mothers Day,0.0257,-1.9,50.278571428571425,1.1446988219604357,1.0499490316004079,35.0,39.0,52.4,2.0,0.13514156481660958,3.4657359027997265
2026-05-01,H002,Memory Foam Pillow,Home & Living,DreamRest,12,44.99,53.45,31,1656.95,1284.95,77.55,38.58,146,0,4,5,Mothers Day,0.0386,-1.9,51.41571428571428,1.188041787063792,1.3854328667703475,32.0,36.285714285714285,52.13333333333333,2.0,0.1723063946179734,3.4339872044851463
2026-05-02,H002,Memory Foam Pillow,Home & Living,DreamRest,12,44.99,50.91,43,2189.13,1673.13,76.43,46.47,104,1,5,5,Mothers Day,0.0514,-1.9,51.64142857142857,1.1315847966214714,1.0955455132343448,31.0,35.714285714285715,52.333333333333336,2.0,0.12361912506116367,3.7612001156935624
2026-05-03,H002,Memory Foam Pillow,Home & Living,DreamRest,12,44.99,49.86,45,2243.7,1703.7,75.93,40.23,102,1,6,5,Mothers Day,0.0643,-1.9,51.57,1.1082462769504333,1.2393736017897092,43.0,36.714285714285715,52.733333333333334,2.0,0.10277883524233081,3.8066624897703196
2026-05-04,H002,Memory Foam Pillow,Home & Living,DreamRest,12,44.99,50.0,39,1950.0,1482.0,76.0,39.9,114,0,0,5,Mothers Day,0.0771,-1.9,51.32999999999999,1.1113580795732385,1.2531328320802007,45.0,37.142857142857146,52.36666666666667,2.0,0.10558276257506514,3.6635616461296463
2026-05-05,H002,Memory Foam Pillow,Home & Living,DreamRest,12,44.99,49.39,47,2321.33,1757.33,75.7,50.18,108,0,1,5,Mothers Day,0.09,-1.9,51.24142857142857,1.097799511002445,0.9842566759665206,39.0,38.857142857142854,52.43333333333333,2.0,0.09330773169945256,3.8501476017100584
2026-05-06,H002,Memory Foam Pillow,Home & Living,DreamRest,12,44.99,45.86,49,2247.14,1659.14,73.83,40.49,119,0,2,5,Mothers Day,0.1029,-1.9,50.13857142857143,1.0193376305845743,1.132625339590022,47.0,40.857142857142854,52.5,2.0,0.019153034576677386,3.8918202981106265
2026-05-07,H002,Memory Foam Pillow,Home & Living,DreamRest,12,44.99,44.91,45,2020.95,1480.95,73.28,48.5,104,0,3,5,Mothers Day,0.1157,-1.9,49.19714285714286,0.9982218270726827,0.9259793814432989,49.0,42.714285714285715,52.266666666666666,2.0,-0.0017797557534343612,3.8066624897703196
2026-05-08,H002,Memory Foam Pillow,Home & Living,DreamRest,12,44.99,46.27,49,2267.23,1679.23,74.07,38.91,92,0,4,5,Mothers Day,0.1286,-1.9,48.17142857142857,1.028450766837075,1.1891544590079672,45.0,45.285714285714285,52.43333333333333,2.0,0.02805356006582743,3.8918202981106265
2026-02-07,H003,Plant Grow Light,Home & Living,GreenGlow,10,29.99,28.61,66,1888.26,1228.26,65.05,32.18,85,1,5,2,Valentines Day,0.1,-2.2,28.61,0.9539846615538513,0.8890615288999378,66.0,66.0,66.0,2.0,-0.0471076856988988,4.189654742026425
2026-02-08,H003,Plant Grow Light,Home & Living,GreenGlow,10,29.99,27.4,69,1890.6,1200.6,63.5,34.14,60,1,6,2,Valentines Day,0.1143,-2.2,28.005,0.9136378792930977,0.8025776215582894,66.0,67.5,67.5,1.0,-0.09032097936689318,4.23410650459726
2026-02-09,H003,Plant Grow Light,Home & Living,GreenGlow,10,29.99,26.18,71,1858.78,1148.78,61.8,33.67,61,0,0,2,Valentines Day,0.1286,-2.2,27.396666666666665,0.8729576525508503,0.7775467775467775,69.0,68.66666666666667,68.66666666666667,1.0,-0.13586823227916378,4.2626798770413155
2026-02-10,H003,Plant Grow Light,Home & Living,GreenGlow,10,29.99,27.97,66,1846.02,1186.02,64.25,28.57,65,0,1,2,Valentines Day,0.1429,-2.2,27.54,0.9326442147382461,0.9789989499474974,71.0,68.0,68.0,1.0,-0.06973148554704935,4.189654742026425
2026-02-11,H003,Plant Grow Light,Home & Living,GreenGlow,10,29.99,26.29,82,2155.78,1335.78,61.96,32.63,54,0,2,2,Valentines Day,0.2,-2.2,27.29,0.8766255418472825,0.8057002758197976,66.0,70.8,70.8,1.0,-0.13167535401912783,4.406719247264253
2026-02-12,H003,Plant Grow Light,Home & Living,GreenGlow,10,29.99,27.35,74,2023.9,1283.9,63.44,32.73,66,0,3,2,Valentines Day,0.2,-2.2,27.3,0.9119706568856286,0.835624809043691,82.0,71.33333333333333,71.33333333333333,1.0,-0.09214746389292743,4.30406509320417
2026-02-13,H003,Plant Grow Light,Home & Living,GreenGlow,10,29.99,25.21,83,2092.43,1262.43,60.33,29.11,41,0,4,2,Valentines Day,0.2,-2.2,27.00142857142857,0.8406135378459487,0.8660254208175885,74.0,73.0,73.0,1.0,-0.17362325156108918,4.418840607796598
2026-02-14,H003,Plant Grow Light,Home & Living,GreenGlow,10,29.99,26.97,81,2184.57,1374.57,62.92,28.7,43,1,5,2,Valentines Day,0.2,-2.2,26.767142857142854,0.899299766588863,0.9397212543554007,83.0,75.14285714285714,74.0,1.0,-0.10613885560927906,4.394449154672439
2026-02-15,H003,Plant Grow Light,Home & Living,GreenGlow,10,29.99,26.04,84,2187.36,1347.36,61.6,30.4,20,1,6,2,Valentines Day,0.2,-2.2,26.572857142857142,0.8682894298099366,0.8565789473684211,81.0,77.28571428571429,75.11111111111111,0.0,-0.14123017542054925,4.430816798843313
2026-02-16,H003,Plant Grow Light,Home & Living,GreenGlow,10,29.99,26.62,69,1836.78,1146.78,62.43,29.83,51,0,0,2,Valentines Day,0.2,-2.2,26.635714285714283,0.8876292097365789,0.8923902111967819,84.0,77.0,74.5,1.0,-0.11920117979395212,4.23410650459726
2026-02-17,H003,Plant Grow Light,Home & Living,GreenGlow,10,29.99,26.02,81,2107.62,1297.62,61.57,29.77,54,0,1,2,Valentines Day,0.2,-2.2,26.357142857142858,0.867622540846949,0.8740342626805508,69.0,79.14285714285714,75.0909090909091,1.0,-0.14199851967655847,4.394449154672439
2026-02-18,H003,Plant Grow Light,Home & Living,GreenGlow,10,29.99,28.32,63,1784.16,1154.16,64.69,27.76,72,0,2,2,Valentines Day,0.1429,-2.2,26.647142857142857,0.9443147715905302,1.0201729106628241,81.0,76.42857142857143,74.08333333333333,1.0,-0.05729572393539865,4.143134726391533
2026-02-19,H003,Plant Grow Light,Home & Living,GreenGlow,10,29.99,27.11,65,1762.15,1112.15,63.11,25.5,52,0,3,2,Valentines Day,0.1286,-2.2,26.612857142857145,0.9039679893297766,1.0631372549019609,63.0,75.14285714285714,73.38461538461539,1.0,-0.10096132925034353,4.174387269895637
2026-02-20,H003,Plant Grow Light,Home & Living,GreenGlow,10,29.99,29.02,59,1712.18,1122.18,65.54,30.45,68,0,4,2,Valentines Day,0.1143,-2.2,27.157142857142855,0.9676558852950984,0.9530377668308703,65.0,71.71428571428571,72.35714285714286,1.0,-0.03287874530487592,4.07753744390572
2026-02-21,H003,Plant Grow Light,Home & Living,GreenGlow,10,29.99,29.66,69,2046.54,1356.54,66.28,32.07,73,1,5,2,Valentines Day,0.1,-2.2,27.541428571428575,0.9889963321107036,0.924851886498285,59.0,70.0,72.13333333333334,1.0,-0.01106465605113166,4.23410650459726
2026-02-22,H003,Plant Grow Light,Home & Living,GreenGlow,10,29.99,30.04,61,1832.44,1222.44,66.71,28.57,84,1,6,2,Valentines Day,0.0857,-2.2,28.11285714285714,1.0016672224074692,1.0514525726286315,69.0,66.71428571428571,71.4375,2.0,0.0016658341350163117,4.110873864173311
2026-02-23,H003,Plant Grow Light,Home & Living,GreenGlow,10,29.99,30.61,46,1408.06,948.06,67.33,32.83,112,0,0,2,Valentines Day,0.0714,-2.2,28.68285714285714,1.0206735578526176,0.9323789217179409,61.0,63.42857142857143,69.94117647058823,2.0,0.020462760196403473,3.828641396489095
2026-02-24,H003,Plant Grow Light,Home & Living,GreenGlow,10,29.99,31.28,37,1157.36,787.36,68.03,33.18,120,0,1,2,Valentines Day,0.0571,-2.2,29.434285714285714,1.0430143381127044,0.9427365883062087,46.0,57.142857142857146,68.11111111111111,2.0,0.04211492291619276,3.6109179126442243
2026-02-25,H003,Plant Grow Light,Home & Living,GreenGlow,10,29.99,33.12,41,1357.92,947.92,69.81,27.13,115,0,2,2,Valentines Day,0.0429,-2.2,30.12,1.1043681227075692,1.2207887946922227,37.0,54.0,66.6842105263158,2.0,0.09927333675614126,3.713572066704308
2026-02-26,H003,Plant Grow Light,Home & Living,GreenGlow,10,29.99,33.8,35,1183.0,833.0,70.41,30.31,135,0,3,2,Valentines Day,0.0286,-2.2,31.07571428571428,1.1270423474491498,1.115143516991092,41.0,49.714285714285715,65.1,2.0,0.11959680972805543,3.5553480614894135
2026-02-27,H003,Plant Grow Light,Home & Living,GreenGlow,10,29.99,33.36,36,1200.96,840.96,70.02,25.86,121,0,4,2,Valentines Day,0.0143,-2.2,31.695714285714285,1.1123707902634212,1.2900232018561486,35.0,46.42857142857143,63.714285714285715,2.0,0.10649358472962836,3.58351893845611
2026-02-28,H003,Plant Grow Light,Home & Living,GreenGlow,10,29.99,35.27,39,1375.53,985.53,71.65,31.49,119,1,5,2,Valentines Day,0.0,-2.2,32.497142857142855,1.176058686228743,1.1200381073356622,36.0,42.142857142857146,62.59090909090909,2.0,0.16216875148704296,3.6635616461296463
2026-03-01,H003,Plant Grow Light,Home & Living,GreenGlow,10,29.99,34.51,43,1483.93,1053.93,71.02,27.82,96,1,6,3,Valentines Day,0.0,-2.2,33.135714285714286,1.1507169056352118,1.2404744787922357,39.0,39.57142857142857,61.73913043478261,2.0,0.14038514434899438,3.7612001156935624
2026-03-02,H003,Plant Grow Light,Home & Living,GreenGlow,10,29.99,33.92,37,1255.04,885.04,70.52,28.22,127,0,0,3,Valentines Day,0.0,-2.2,33.60857142857143,1.1310436812270759,1.20198440822112,43.0,38.285714285714285,60.708333333333336,2.0,0.12314081816278477,3.6109179126442243
2026-03-03,H003,Plant Grow Light,Home & Living,GreenGlow,10,29.99,36.08,35,1262.8,912.8,72.28,26.99,125,0,1,3,Valentines Day,0.0,-2.2,34.294285714285714,1.2030676892297432,1.3367914042237865,37.0,38.0,59.68,2.0,0.18487470243350512,3.5553480614894135
2026-03-04,H003,Plant Grow Light,Home & Living,GreenGlow,10,29.99,34.2,36,1231.2,871.2,70.76,32.04,145,0,2,3,Valentines Day,0.0,-2.2,34.44857142857143,1.140380126708903,1.0674157303370788,35.0,37.285714285714285,58.76923076923077,2.0,0.13136165130764185,3.58351893845611
2026-03-05,H003,Plant Grow Light,Home & Living,GreenGlow,10,29.99,33.79,41,1385.39,975.39,70.41,27.22,125,0,3,3,Valentines Day,0.0,-2.2,34.44714285714286,1.126708902967656,1.2413666421748715,36.0,38.142857142857146,58.111111111111114,2.0,0.11930090796528098,3.713572066704308
2026-03-06,H003,Plant Grow Light,Home & Living,GreenGlow,10,29.99,33.86,41,1388.26,978.26,70.47,29.9,119,0,4,3,Valentines Day,0.0,-2.2,34.51857142857143,1.1290430143381127,1.1324414715719064,41.0,38.857142857142854,57.5,2.0,0.12137038394407154,3.713572066704308
2026-03-07,H003,Plant Grow Light,Home & Living,GreenGlow,10,29.99,32.04,39,1249.56,859.56,68.79,27.27,134,1,5,3,Valentines Day,0.0,-2.2,34.05714285714286,1.0683561187062354,1.174917491749175,41.0,38.857142857142854,56.86206896551724,2.0,0.06612112943924071,3.6635616461296463
2026-03-08,H003,Plant Grow Light,Home & Living,GreenGlow,10,29.99,32.66,43,1404.38,974.38,69.38,29.43,105,1,6,3,Valentines Day,0.0,-2.2,33.792857142857144,1.089029676558853,1.1097519537886509,39.0,38.857142857142854,56.4,2.0,0.08528709478140134,3.7612001156935624
2026-03-09,H003,Plant Grow Light,Home & Living,GreenGlow,10,29.99,28.21,58,1636.18,1056.18,64.55,33.88,101,0,0,3,Valentines Day,0.0,-2.2,32.97714285714285,0.9406468822940981,0.8326446280991735,43.0,41.857142857142854,56.13333333333333,2.0,-0.06118746774701273,4.060443010546419
2026-03-10,H003,Plant Grow Light,Home & Living,GreenGlow,10,29.99,27.2,59,1604.8,1014.8,63.24,32.12,63,0,1,3,Valentines Day,0.0,-2.2,31.708571428571428,0.9069689896632211,0.8468244084682441,58.0,45.285714285714285,55.8,1.0,-0.097647019458966,4.07753744390572
2026-03-11,H003,Plant Grow Light,Home & Living,GreenGlow,10,29.99,26.29,62,1629.98,1009.98,61.96,33.77,56,0,2,3,Valentines Day,0.0,-2.2,30.578571428571426,0.8766255418472825,0.778501628664495,59.0,49.0,55.5,1.0,-0.13167535401912783,4.127134385045092
2026-03-12,H003,Plant Grow Light,Home & Living,GreenGlow,10,29.99,28.82,53,1527.46,997.46,65.3,29.86,77,0,3,3,Valentines Day,0.0,-2.2,29.868571428571425,0.9609869956652218,0.9651707970529136,62.0,50.714285714285715,55.06666666666667,1.0,-0.0397944021895416,3.970291913552122
2026-03-13,H003,Plant Grow Light,Home & Living,GreenGlow,10,29.99,26.66,64,1706.24,1066.24,62.49,31.02,61,0,4,3,Valentines Day,0.0,-2.2,28.84,0.8889629876625542,0.8594455190199871,53.0,54.0,54.46666666666667,1.0,-0.11769967801035508,4.1588830833596715
2026-03-14,H003,Plant Grow Light,Home & Living,GreenGlow,10,29.99,23.66,88,2082.08,1202.08,57.73,26.17,8,1,5,3,Valentines Day,0.0,-2.2,27.64285714285714,0.7889296432144048,0.9040886511272449,64.0,61.0,54.93333333333333,0.0,-0.23707813421067694,4.477336814478207
2026-03-15,H003,Plant Grow Light,Home & Living,GreenGlow,10,29.99,25.27,84,2122.68,1282.68,60.43,27.25,32,1,6,3,Valentines Day,0.0,-2.2,26.587142857142855,0.8426142047349117,0.9273394495412843,88.0,66.85714285714286,54.96666666666667,1.0,-0.17124607136081482,4.430816798843313
2026-03-16,H003,Plant Grow Light,Home & Living,GreenGlow,10,29.99,24.63,75,1847.25,1097.25,59.4,25.82,32,0,0,3,Valentines Day,0.0,-2.2,26.075714285714287,0.8212737579193065,0.9539116963594113,84.0,69.28571428571429,54.766666666666666,1.0,-0.19689878062847116,4.31748811353631
2026-03-17,H003,Plant Grow Light,Home & Living,GreenGlow,10,29.99,25.45,65,1654.25,1004.25,60.71,33.08,60,0,1,3,Easter,0.0,-2.2,25.82571428571428,0.8486162054018006,0.7693470374848852,75.0,70.14285714285714,54.13333333333333,1.0,-0.16414824976438597,4.174387269895637
2026-03-18,H003,Plant Grow Light,Home & Living,GreenGlow,10,29.99,25.25,69,1742.25,1052.25,60.4,29.53,65,0,2,3,Easter,0.0,-2.2,25.677142857142858,0.841947315771924,0.8550626481544192,65.0,71.14285714285714,54.13333333333333,1.0,-0.1720378370395488,4.23410650459726
2026-03-19,H003,Plant Grow Light,Home & Living,GreenGlow,10,29.99,24.43,79,1929.97,1139.97,59.07,28.33,26,0,3,3,Easter,0.0,-2.2,25.05,0.8146048682894298,0.8623367454994706,69.0,74.85714285714286,54.06666666666667,1.0,-0.20505210749126865,4.3694478524670215
