backend/data/features.csv
date,product_id,product_name,category,brand,cost,base_price,price,demand,revenue,profit,margin,competitor_price,stock,is_weekend,day_of_week,month,holiday_name,holiday_boost,elasticity,price_lag_7d,price_to_base,price_to_competitor,demand_lag_1d,demand_lag_7d,demand_lag_30d,stock_level,log_price_ratio,log_demand
2026-03-20,H003,Plant Grow Light,Home & Living,GreenGlow,10,29.99,25.94,64,1660.16,1020.16,61.45,32.39,91,0,4,3,Easter,0.0,-2.2,24.947142857142858,0.8649549849949985,0.800864464340846,79.0,74.85714285714286,54.1,2.0,-0.14507781387261975,4.1588830833596715
2026-03-21,H003,Plant Grow Light,Home & Living,GreenGlow,10,29.99,28.78,64,1841.92,1201.92,65.25,28.06,77,1,5,3,Easter,0.0,-2.2,25.678571428571427,0.9596532177392465,1.0256593014967927,64.0,71.42857142857143,54.06666666666667,1.0,-0.041183291301695873,4.1588830833596715
2026-03-22,H003,Plant Grow Light,Home & Living,GreenGlow,10,29.99,27.12,53,1437.36,907.36,63.13,32.31,85,1,6,3,Easter,0.0,-2.2,25.942857142857143,0.9043014338112705,0.8393686165273909,64.0,67.0,53.86666666666667,2.0,-0.10059252968872283,3.970291913552122
2026-03-23,H003,Plant Grow Light,Home & Living,GreenGlow,10,29.99,29.52,48,1416.96,936.96,66.12,26.0,103,0,0,3,Easter,0.0,-2.2,26.641428571428573,0.98432810936979,1.1353846153846154,53.0,63.142857142857146,53.166666666666664,2.0,-0.01579599302864592,3.871201010907891
2026-03-24,H003,Plant Grow Light,Home & Living,GreenGlow,10,29.99,30.17,50,1508.5,1008.5,66.85,30.41,90,0,1,3,Easter,0.0,-2.2,27.315714285714286,1.006002000666889,0.9921078592568234,48.0,61.0,52.8,2.0,0.005984060410052092,3.912023005428146
2026-03-25,H003,Plant Grow Light,Home & Living,GreenGlow,10,29.99,31.76,41,1302.16,892.16,68.51,30.52,119,0,2,3,Easter,0.0,-2.2,28.245714285714286,1.0590196732244082,1.0406290956749673,50.0,57.0,52.63333333333333,2.0,0.05734364361801727,3.713572066704308
2026-03-26,H003,Plant Grow Light,Home & Living,GreenGlow,10,29.99,31.73,43,1364.39,934.39,68.48,30.92,97,0,3,3,Easter,0.0,-2.2,29.28857142857143,1.0580193397799267,1.0261966364812418,41.0,51.857142857142854,52.833333333333336,2.0,0.05639861283418652,3.7612001156935624
2026-03-27,H003,Plant Grow Light,Home & Living,GreenGlow,10,29.99,33.05,39,1288.95,898.95,69.74,30.67,107,0,4,3,Easter,0.0,-2.2,30.304285714285715,1.1020340113371123,1.0776002608412127,43.0,48.285714285714285,52.766666666666666,2.0,0.09715757353677752,3.6635616461296463
2026-03-28,H003,Plant Grow Light,Home & Living,GreenGlow,10,29.99,34.65,41,1420.65,1010.65,71.14,29.15,133,1,5,3,Easter,0.0,-2.2,31.142857142857142,1.1553851283761254,1.1886792452830188,39.0,45.0,52.96666666666667,2.0,0.14443373287499453,3.713572066704308
2026-03-29,H003,Plant Grow Light,Home & Living,GreenGlow,10,29.99,34.56,41,1416.96,1006.96,71.06,31.1,103,1,6,3,Easter,0.0,-2.2,32.205714285714286,1.152384128042681,1.1112540192926046,41.0,43.285714285714285,53.13333333333333,2.0,0.14183295117493722,3.713572066704308
2026-03-30,H003,Plant Grow Light,Home & Living,GreenGlow,10,29.99,33.38,36,1201.68,841.68,70.04,33.67,138,0,0,3,Easter,0.0,-2.2,32.75714285714286,1.113037679226409,0.9913869913869914,41.0,41.57142857142857,53.03333333333333,2.0,0.10709292547277142,3.58351893845611
2026-03-31,H003,Plant Grow Light,Home & Living,GreenGlow,10,29.99,33.39,41,1368.99,958.99,70.05,27.15,128,0,1,3,Easter,0.0,-2.2,33.21714285714286,1.1133711237079027,1.2298342541436464,36.0,40.285714285714285,52.96666666666667,2.0,0.10739246119464549,3.713572066704308
2026-04-01,H003,Plant Grow Light,Home & Living,GreenGlow,10,29.99,33.08,38,1257.04,877.04,69.77,31.04,106,0,2,4,Easter,0.0,-2.2,33.40571428571428,1.1030343447815938,1.065721649484536,41.0,39.857142857142854,53.0,2.0,0.09806487739457277,3.6375861597263857
2026-04-02,H003,Plant Grow Light,Home & Living,GreenGlow,10,29.99,33.94,31,1052.14,742.14,70.54,26.82,157,0,3,4,Easter,0.0071,-2.2,33.721428571428575,1.1317105701900634,1.2654735272184936,38.0,38.142857142857146,52.86666666666667,2.0,0.12373026704516256,3.4339872044851463
2026-04-03,H003,Plant Grow Light,Home & Living,GreenGlow,10,29.99,33.54,37,1240.98,870.98,70.18,27.32,137,0,4,4,Easter,0.0143,-2.2,33.79142857142857,1.11837279093031,1.2276720351390922,31.0,37.857142857142854,52.9,2.0,0.11187476363414503,3.6109179126442243
2026-04-04,H003,Plant Grow Light,Home & Living,GreenGlow,10,29.99,34.84,34,1184.56,844.56,71.3,25.68,113,1,5,4,Easter,0.0214,-2.2,33.81857142857143,1.1617205735245084,1.356697819314642,37.0,36.857142857142854,52.666666666666664,2.0,0.14990215922338454,3.5263605246161616
2026-04-05,H003,Plant Grow Light,Home & Living,GreenGlow,10,29.99,33.81,42,1420.02,1000.02,70.42,33.46,99,1,6,4,Easter,0.0286,-2.2,33.71142857142858,1.1273757919306437,1.0104602510460252,34.0,37.0,52.7,2.0,0.11989262395887708,3.7376696182833684
2026-04-06,H003,Plant Grow Light,Home & Living,GreenGlow,10,29.99,32.59,41,1336.19,926.19,69.32,28.98,131,0,0,4,Easter,0.0357,-2.2,33.59857142857143,1.0866955651883963,1.1245686680469291,42.0,37.714285714285715,52.766666666666666,2.0,0.08314150008855259,3.713572066704308
2026-04-07,H003,Plant Grow Light,Home & Living,GreenGlow,10,29.99,29.94,55,1646.7,1096.7,66.6,33.93,81,0,1,4,Easter,0.0429,-2.2,33.105714285714285,0.9983327775925309,0.8824049513704687,41.0,39.714285714285715,53.166666666666664,2.0,-0.001668613769435348,4.007333185232471
2026-04-08,H003,Plant Grow Light,Home & Living,GreenGlow,10,29.99,31.1,42,1306.2,886.2,67.85,32.38,133,0,2,4,Easter,0.05,-2.2,32.822857142857146,1.0370123374458153,0.9604694255713403,55.0,40.285714285714285,52.63333333333333,2.0,0.03634382642427079,3.7376696182833684
2026-04-09,H003,Plant Grow Light,Home & Living,GreenGlow,10,29.99,29.59,49,1449.91,959.91,66.2,32.14,85,0,3,4,Easter,0.0571,-2.2,32.20142857142857,0.9866622207402468,0.9206596141879277,42.0,42.857142857142854,52.3,2.0,-0.0134275263487994,3.8918202981106265
2026-04-10,H003,Plant Grow Light,Home & Living,GreenGlow,10,29.99,26.81,61,1635.41,1025.41,62.7,28.23,97,0,4,4,Easter,0.0643,-2.2,31.240000000000002,0.8939646548849617,0.9496989018774353,49.0,46.285714285714285,52.266666666666666,2.0,-0.11208904051304976,4.110873864173311
2026-04-11,H003,Plant Grow Light,Home & Living,GreenGlow,10,29.99,28.56,70,1999.2,1299.2,64.99,34.28,55,1,5,4,Easter,0.0714,-2.2,30.342857142857145,0.9523174391463821,0.8331388564760793,61.0,51.42857142857143,52.833333333333336,1.0,-0.048856855289534096,4.248495242049359
2026-04-12,H003,Plant Grow Light,Home & Living,GreenGlow,10,29.99,26.38,89,2347.82,1457.82,62.09,33.31,9,1,6,4,Easter,0.1,-2.2,29.28142857142857,0.8796265421807269,0.7919543680576403,70.0,58.142857142857146,53.666666666666664,0.0,-0.1282578454717492,4.48863636973214
2026-04-13,H003,Plant Grow Light,Home & Living,GreenGlow,10,29.99,27.13,61,1654.93,1044.93,63.14,29.03,82,0,0,4,Easter,0.1,-2.2,28.50142857142857,0.9046348782927642,0.9345504650361695,89.0,61.0,52.766666666666666,2.0,-0.10022386609007737,4.110873864173311
2026-04-14,H003,Plant Grow Light,Home & Living,GreenGlow,10,29.99,27.18,63,1712.34,1082.34,63.21,27.55,56,0,1,4,Easter,0.1,-2.2,28.107142857142858,0.9063021007002334,0.9865698729582577,61.0,62.142857142857146,52.06666666666667,1.0,-0.09838258403792005,4.143134726391533
2026-04-15,H003,Plant Grow Light,Home & Living,GreenGlow,10,29.99,25.3,65,1644.5,994.5,60.47,27.0,64,0,2,4,Easter,0.1,-2.2,27.27857142857143,0.8436145381793932,0.9370370370370371,63.0,65.42857142857143,51.733333333333334,1.0,-0.17005959702744303,4.174387269895637
2026-04-16,H003,Plant Grow Light,Home & Living,GreenGlow,10,29.99,24.97,77,1922.69,1152.69,59.95,30.74,61,0,3,4,Easter,0.1,-2.2,26.618571428571425,0.8326108702900967,0.8122966818477554,65.0,69.42857142857143,52.13333333333333,1.0,-0.18318888846923584,4.343805421853684
2026-04-17,H003,Plant Grow Light,Home & Living,GreenGlow,10,29.99,25.99,65,1689.35,1039.35,61.52,31.47,67,0,4,4,Easter,0.1,-2.2,26.50142857142857,0.8666222074024675,0.8258659040355895,77.0,70.0,52.0,1.0,-0.14315214410751878,4.174387269895637
2026-04-18,H003,Plant Grow Light,Home & Living,GreenGlow,10,29.99,25.43,98,2492.14,1512.14,60.68,30.03,5,1,5,4,Easter,0.1,-2.2,26.054285714285715,0.847949316438813,0.8468198468198468,65.0,74.0,52.63333333333333,0.0,-0.16493441332688938,4.584967478670572
2026-04-19,H003,Plant Grow Light,Home & Living,GreenGlow,10,29.99,27.61,78,2153.58,1373.58,63.78,25.84,39,1,6,4,Easter,0.0714,-2.2,26.229999999999997,0.9206402134044682,1.068498452012384,98.0,72.42857142857143,53.1,1.0,-0.08268596681885458,4.356708826689592
2026-04-20,H003,Plant Grow Light,Home & Living,GreenGlow,10,29.99,27.3,64,1747.2,1107.2,63.37,30.01,88,0,0,4,Easter,0.0643,-2.2,26.254285714285714,0.9103034344781594,0.9096967677440853,78.0,72.85714285714286,53.1,2.0,-0.09397729057000363,4.1588830833596715
2026-04-21,H003,Plant Grow Light,Home & Living,GreenGlow,10,29.99,28.72,63,1809.36,1179.36,65.18,32.67,89,0,1,4,Easter,0.0571,-2.2,26.474285714285713,0.9576525508502834,0.8790939700030608,64.0,72.85714285714286,53.43333333333333,2.0,-0.04327024858089427,4.143134726391533
2026-04-22,H003,Plant Grow Light,Home & Living,GreenGlow,10,29.99,27.69,47,1301.43,831.43,63.89,28.96,125,0,2,4,Easter,0.05,-2.2,26.815714285714286,0.9233077692564189,0.956146408839779,63.0,70.28571428571429,53.4,2.0,-0.07979265557804716,3.8501476017100584
2026-04-23,H003,Plant Grow Light,Home & Living,GreenGlow,10,29.99,29.53,52,1535.56,1015.56,66.14,33.26,95,0,3,4,Easter,0.0429,-2.2,27.467142857142857,0.9846615538512838,0.8878532772098617,47.0,66.71428571428571,53.46666666666667,2.0,-0.015457297005086336,3.9512437185814275
2026-04-24,H003,Plant Grow Light,Home & Living,GreenGlow,10,29.99,31.0,43,1333.0,903.0,67.74,29.24,129,0,4,4,Easter,0.0357,-2.2,28.18285714285714,1.033677892630877,1.0601915184678523,52.0,63.57142857142857,53.53333333333333,2.0,0.03312321172422852,3.7612001156935624
2026-04-25,H003,Plant Grow Light,Home & Living,GreenGlow,10,29.99,32.29,46,1485.34,1025.34,69.03,30.51,90,1,5,4,Easter,0.0286,-2.2,29.162857142857142,1.0766922307435811,1.0583415273680759,43.0,56.142857142857146,53.63333333333333,2.0,0.07389359200926605,3.828641396489095
2026-04-26,H003,Plant Grow Light,Home & Living,GreenGlow,10,29.99,32.65,48,1567.2,1087.2,69.37,28.11,103,1,6,4,Easter,0.0214,-2.2,29.882857142857144,1.0886962320773592,1.1615083600142297,46.0,51.857142857142854,53.93333333333333,2.0,0.08498086296152244,3.871201010907891
2026-04-27,H003,Plant Grow Light,Home & Living,GreenGlow,10,29.99,32.94,42,1383.48,963.48,69.64,27.23,101,0,0,4,Easter,0.0143,-2.2,30.68857142857143,1.0983661220406802,1.2096951891296364,48.0,48.714285714285715,53.96666666666667,2.0,0.0938237319885765,3.7376696182833684
2026-04-28,H003,Plant Grow Light,Home & Living,GreenGlow,10,29.99,34.77,33,1147.41,817.41,71.24,29.73,123,0,1,4,Easter,0.0071,-2.2,31.552857142857142,1.1593864621540515,1.1695257315842584,42.0,44.42857142857143,53.7,2.0,0.14789095325885243,3.4965075614664802
2026-04-29,H003,Plant Grow Light,Home & Living,GreenGlow,10,29.99,33.83,34,1150.22,810.22,70.44,33.95,126,0,2,4,Mothers Day,0.0129,-2.2,32.43,1.1280426808936312,0.9964653902798232,33.0,42.57142857142857,53.63333333333333,2.0,0.12048399003169942,3.5263605246161616
2026-04-30,H003,Plant Grow Light,Home & Living,GreenGlow,10,29.99,34.46,37,1275.02,905.02,70.98,27.1,142,0,3,4,Mothers Day,0.0257,-2.2,33.13428571428572,1.1490496832277426,1.2715867158671585,34.0,40.42857142857143,53.5,2.0,0.13893523833886584,3.6109179126442243
2026-05-01,H003,Plant Grow Light,Home & Living,GreenGlow,10,29.99,36.1,32,1155.2,835.2,72.3,34.34,118,0,4,5,Mothers Day,0.0386,-2.2,33.862857142857145,1.203734578192731,1.0512521840419335,37.0,38.857142857142854,53.3,2.0,0.18542887257791768,3.4657359027997265
2026-05-02,H003,Plant Grow Light,Home & Living,GreenGlow,10,29.99,34.52,41,1415.32,1005.32,71.03,28.03,105,1,5,5,Mothers Day,0.0514,-2.2,34.181428571428576,1.1510503501167058,1.2315376382447378,32.0,38.142857142857146,53.63333333333333,2.0,0.14067487345430965,3.713572066704308
2026-05-03,H003,Plant Grow Light,Home & Living,GreenGlow,10,29.99,33.46,47,1572.62,1102.62,70.11,29.7,110,1,6,5,Mothers Day,0.0643,-2.2,34.29714285714286,1.1157052350783596,1.1265993265993266,41.0,38.0,53.96666666666667,2.0,0.10948670279776034,3.8501476017100584
2026-05-04,H003,Plant Grow Light,Home & Living,GreenGlow,10,29.99,32.96,41,1351.36,941.36,69.66,32.54,98,0,0,5,Mothers Day,0.0771,-2.2,34.300000000000004,1.099033011003668,1.0129071911493548,47.0,37.857142857142854,54.2,2.0,0.09443071228035324,3.713572066704308
2026-05-05,H003,Plant Grow Light,Home & Living,GreenGlow,10,29.99,32.99,43,1418.57,988.57,69.69,29.39,115,0,1,5,Mothers Day,0.09,-2.2,34.04571428571428,1.1000333444481496,1.122490643075876,41.0,39.285714285714285,54.233333333333334,2.0,0.09534049247957253,3.7612001156935624
2026-05-06,H003,Plant Grow Light,Home & Living,GreenGlow,10,29.99,29.67,52,1542.84,1022.84,66.3,33.48,112,0,2,5,Mothers Day,0.1029,-2.2,33.45142857142857,0.9893297765921976,0.8862007168458783,43.0,41.857142857142854,54.6,2.0,-0.010727558458187117,3.9512437185814275
2026-05-07,H003,Plant Grow Light,Home & Living,GreenGlow,10,29.99,31.91,41,1308.31,898.31,68.66,33.83,136,0,3,5,Mothers Day,0.1157,-2.2,33.08714285714286,1.0640213404468157,0.9432456399645286,52.0,42.42857142857143,54.13333333333333,2.0,0.06205544752923454,3.713572066704308
2026-05-08,H003,Plant Grow Light,Home & Living,GreenGlow,10,29.99,27.28,69,1882.32,1192.32,63.34,28.0,80,0,4,5,Mothers Day,0.1286,-2.2,31.82714285714286,0.9096365455151718,0.9742857142857143,41.0,47.714285714285715,55.03333333333333,1.0,-0.09471015978565628,4.23410650459726
2026-02-07,H004,Ceramic Dinner Set,Home & Living,ArtisanHome,25,79.99,80.57,47,3786.79,2611.79,68.97,74.77,97,1,5,2,Valentines Day,0.1,-1.4,80.57,1.0072509063632953,1.0775712184031028,47.0,47.0,47.0,2.0,0.0072247449283739445,3.8501476017100584
2026-02-08,H004,Ceramic Dinner Set,Home & Living,ArtisanHome,25,79.99,77.76,52,4043.52,2743.52,67.85,69.97,82,1,6,2,Valentines Day,0.1143,-1.4,79.16499999999999,0.9721215151893988,1.1113334286122625,47.0,49.5,49.5,2.0,-0.028274466708546723,3.9512437185814275
2026-02-09,H004,Ceramic Dinner Set,Home & Living,ArtisanHome,25,79.99,76.3,38,2899.4,1949.4,67.23,74.2,117,0,0,2,Valentines Day,0.1286,-1.4,78.21,0.9538692336542068,1.0283018867924527,52.0,45.666666666666664,45.666666666666664,2.0,-0.04722868857031912,3.6375861597263857
2026-02-10,H004,Ceramic Dinner Set,Home & Living,ArtisanHome,25,79.99,72.32,52,3760.64,2460.64,65.43,91.19,114,0,1,2,Valentines Day,0.1429,-1.4,76.7375,0.9041130141267658,0.7930694155060861,38.0,47.25,47.25,2.0,-0.10080091077680949,3.9512437185814275
2026-02-11,H004,Ceramic Dinner Set,Home & Living,ArtisanHome,25,79.99,72.99,48,3503.52,2303.52,65.75,89.82,84,0,2,2,Valentines Day,0.2,-1.4,75.988,0.9124890611326416,0.812625250501002,52.0,47.4,47.4,2.0,-0.09157918139718954,3.871201010907891
2026-02-12,H004,Ceramic Dinner Set,Home & Living,ArtisanHome,25,79.99,69.71,63,4391.73,2816.73,64.14,68.33,64,0,3,2,Valentines Day,0.2,-1.4,74.94166666666666,0.8714839354919365,1.0201961071271768,48.0,50.0,50.0,1.0,-0.13755784736242319,4.143134726391533
2026-02-13,H004,Ceramic Dinner Set,Home & Living,ArtisanHome,25,79.99,73.03,54,3943.62,2593.62,65.77,85.59,112,0,4,2,Valentines Day,0.2,-1.4,74.66857142857143,0.9129891236404551,0.853253884799626,63.0,50.57142857142857,50.57142857142857,2.0,-0.09103131122871203,3.9889840465642745
2026-02-14,H004,Ceramic Dinner Set,Home & Living,ArtisanHome,25,79.99,68.84,60,4130.4,2630.4,63.68,80.79,76,1,5,2,Valentines Day,0.2,-1.4,72.99285714285715,0.8606075759469934,0.8520856541651194,54.0,52.42857142857143,51.75,1.0,-0.15011665551739176,4.0943445622221
2026-02-15,H004,Ceramic Dinner Set,Home & Living,ArtisanHome,25,79.99,68.04,78,5307.12,3357.12,63.26,82.47,33,1,6,2,Valentines Day,0.2,-1.4,71.60428571428572,0.8506063257907239,0.8250272826482358,60.0,56.142857142857146,54.666666666666664,1.0,-0.1618058593330694,4.356708826689592
2026-02-16,H004,Ceramic Dinner Set,Home & Living,ArtisanHome,25,79.99,73.06,58,4237.48,2787.48,65.78,80.35,104,0,0,2,Valentines Day,0.2,-1.4,71.14142857142858,0.9133641705213152,0.9092719352831363,78.0,59.0,55.0,2.0,-0.09062060549359398,4.060443010546419
2026-02-17,H004,Ceramic Dinner Set,Home & Living,ArtisanHome,25,79.99,65.83,72,4739.76,2939.76,62.02,86.52,43,0,1,2,Valentines Day,0.2,-1.4,70.21428571428571,0.8229778722340293,0.7608645399907537,58.0,61.857142857142854,56.54545454545455,1.0,-0.19482596538094513,4.276666119016055
2026-02-18,H004,Ceramic Dinner Set,Home & Living,ArtisanHome,25,79.99,67.32,54,3635.28,2285.28,62.86,78.35,103,0,2,2,Valentines Day,0.1429,-1.4,69.4042857142857,0.8416052006500813,0.8592214422463306,72.0,62.714285714285715,56.333333333333336,2.0,-0.17244425753812526,3.9889840465642745
2026-02-19,H004,Ceramic Dinner Set,Home & Living,ArtisanHome,25,79.99,76.42,49,3744.58,2519.58,67.29,81.83,96,0,3,2,Valentines Day,0.1286,-1.4,70.36285714285715,0.9553694211776473,0.9338873273860443,54.0,60.714285714285715,55.76923076923077,2.0,-0.04565718484197648,3.8918202981106265
2026-02-20,H004,Ceramic Dinner Set,Home & Living,ArtisanHome,25,79.99,73.69,54,3979.26,2629.26,66.07,73.38,92,0,4,2,Valentines Day,0.1143,-1.4,70.45714285714286,0.9212401550193775,1.0042245843554103,49.0,60.714285714285715,55.642857142857146,2.0,-0.08203452208182249,3.9889840465642745
2026-02-21,H004,Ceramic Dinner Set,Home & Living,ArtisanHome,25,79.99,77.89,64,4984.96,3384.96,67.9,78.68,91,1,5,2,Valentines Day,0.1,-1.4,71.75,0.9737467183397925,0.9899593289273004,54.0,61.285714285714285,56.2,2.0,-0.026604051928873284,4.1588830833596715
2026-02-22,H004,Ceramic Dinner Set,Home & Living,ArtisanHome,25,79.99,82.57,50,4128.5,2878.5,69.72,71.34,103,1,6,2,Valentines Day,0.0857,-1.4,73.82571428571428,1.0322540317539692,1.1574151948416034,64.0,57.285714285714285,55.8125,2.0,0.03174479156860668,3.912023005428146
