backend/data/features.csv
date,product_id,product_name,category,brand,cost,base_price,price,demand,revenue,profit,margin,competitor_price,stock,is_weekend,day_of_week,month,holiday_name,holiday_boost,elasticity,price_lag_7d,price_to_base,price_to_competitor,demand_lag_1d,demand_lag_7d,demand_lag_30d,stock_level,log_price_ratio,log_demand
2026-02-23,H004,Ceramic Dinner Set,Home & Living,ArtisanHome,25,79.99,83.05,45,3737.25,2612.25,69.9,85.22,105,0,0,2,Valentines Day,0.0714,-1.4,75.25285714285714,1.038254781847731,0.9745364937808026,50.0,55.42857142857143,55.1764705882353,2.0,0.037541209198573414,3.8066624897703196
2026-02-24,H004,Ceramic Dinner Set,Home & Living,ArtisanHome,25,79.99,84.65,37,3132.05,2207.05,70.47,77.46,141,0,1,2,Valentines Day,0.0571,-1.4,77.94142857142857,1.0582572821602703,1.0928221017299253,45.0,50.42857142857143,54.166666666666664,2.0,0.056623481718414026,3.6109179126442243
2026-02-25,H004,Ceramic Dinner Set,Home & Living,ArtisanHome,25,79.99,88.87,36,3199.32,2299.32,71.87,91.19,126,0,2,2,Valentines Day,0.0429,-1.4,81.02,1.1110138767345918,0.9745586138831013,37.0,47.857142857142854,53.21052631578947,2.0,0.10527300088965334,3.58351893845611
2026-02-26,H004,Ceramic Dinner Set,Home & Living,ArtisanHome,25,79.99,89.6,30,2688.0,1938.0,72.1,84.5,131,0,3,2,Valentines Day,0.0286,-1.4,82.90285714285713,1.1201400175021878,1.0603550295857989,36.0,45.142857142857146,52.05,2.0,0.11345369312015433,3.4011973816621555
2026-02-27,H004,Ceramic Dinner Set,Home & Living,ArtisanHome,25,79.99,90.06,34,3062.04,2212.04,72.24,76.47,125,0,4,2,Valentines Day,0.0143,-1.4,85.24142857142856,1.125890736342043,1.1777167516673206,30.0,42.285714285714285,51.19047619047619,2.0,0.11857448801269525,3.5263605246161616
2026-02-28,H004,Ceramic Dinner Set,Home & Living,ArtisanHome,25,79.99,86.55,42,3635.1,2585.1,71.11,72.61,108,1,5,2,Valentines Day,0.0,-1.4,86.47857142857143,1.0820102512814103,1.191984575127393,34.0,39.142857142857146,50.77272727272727,2.0,0.07882065476148784,3.7376696182833684
2026-03-01,H004,Ceramic Dinner Set,Home & Living,ArtisanHome,25,79.99,91.76,40,3670.4,2670.4,72.76,78.66,123,1,6,3,Valentines Day,0.0,-1.4,87.79142857142857,1.1471433929241157,1.1665395372489196,42.0,37.714285714285715,50.30434782608695,2.0,0.13727484596038492,3.6888794541139363
2026-03-02,H004,Ceramic Dinner Set,Home & Living,ArtisanHome,25,79.99,94.7,35,3314.5,2439.5,73.6,82.57,114,0,0,3,Valentines Day,0.0,-1.4,89.4557142857143,1.1838979872484061,1.146905655807194,40.0,36.285714285714285,49.666666666666664,2.0,0.1688123733313021,3.5553480614894135
2026-03-03,H004,Ceramic Dinner Set,Home & Living,ArtisanHome,25,79.99,90.3,35,3160.5,2285.5,72.31,82.3,140,0,1,3,Valentines Day,0.0,-1.4,90.26285714285714,1.1288911113889237,1.097205346294046,35.0,36.0,49.08,2.0,0.12123583356220932,3.5553480614894135
2026-03-04,H004,Ceramic Dinner Set,Home & Living,ArtisanHome,25,79.99,91.6,33,3022.8,2197.8,72.71,68.72,148,0,2,3,Valentines Day,0.0,-1.4,90.65285714285714,1.1451431428928616,1.3329452852153667,35.0,35.57142857142857,48.46153846153846,2.0,0.13552964481935403,3.4965075614664802
2026-03-05,H004,Ceramic Dinner Set,Home & Living,ArtisanHome,25,79.99,85.35,37,3157.95,2232.95,70.71,71.2,144,0,3,3,Valentines Day,0.0,-1.4,90.04571428571428,1.067008376047006,1.1987359550561796,33.0,36.57142857142857,48.03703703703704,2.0,0.06485882237971917,3.6109179126442243
2026-03-06,H004,Ceramic Dinner Set,Home & Living,ArtisanHome,25,79.99,89.94,31,2788.14,2013.14,72.2,81.07,123,0,4,3,Valentines Day,0.0,-1.4,90.02857142857144,1.1243905488186023,1.1094116195880104,37.0,36.142857142857146,47.42857142857143,2.0,0.11724115448183084,3.4339872044851463
2026-03-07,H004,Ceramic Dinner Set,Home & Living,ArtisanHome,25,79.99,82.51,42,3465.42,2415.42,69.7,73.12,112,1,5,3,Valentines Day,0.0,-1.4,89.45142857142856,1.0315039379922493,1.1284190371991247,31.0,36.142857142857146,47.241379310344826,2.0,0.03101787125552155,3.7376696182833684
2026-03-08,H004,Ceramic Dinner Set,Home & Living,ArtisanHome,25,79.99,80.15,50,4007.5,2757.5,68.81,76.79,96,1,6,3,Valentines Day,0.0,-1.4,87.79285714285713,1.0020002500312541,1.0437556973564266,42.0,37.57142857142857,47.333333333333336,2.0,0.0019982521948316906,3.912023005428146
2026-03-09,H004,Ceramic Dinner Set,Home & Living,ArtisanHome,25,79.99,78.48,45,3531.6,2406.6,68.14,69.62,103,0,0,3,Valentines Day,0.0,-1.4,85.47571428571428,0.9811226403300414,1.127262280953749,50.0,39.0,47.266666666666666,2.0,-0.019057811603622746,3.8066624897703196
2026-03-10,H004,Ceramic Dinner Set,Home & Living,ArtisanHome,25,79.99,77.6,37,2871.2,1946.2,67.78,86.65,140,0,1,3,Valentines Day,0.0,-1.4,83.66142857142857,0.9701212651581448,0.8955568378534332,45.0,39.285714285714285,46.766666666666666,2.0,-0.030334199671557427,3.6109179126442243
2026-03-11,H004,Ceramic Dinner Set,Home & Living,ArtisanHome,25,79.99,74.13,50,3706.5,2456.5,66.28,84.48,93,0,2,3,Valentines Day,0.0,-1.4,81.16571428571429,0.9267408426053256,0.8774857954545454,37.0,41.714285714285715,47.166666666666664,2.0,-0.07608131819210215,3.912023005428146
2026-03-12,H004,Ceramic Dinner Set,Home & Living,ArtisanHome,25,79.99,73.31,45,3298.95,2173.95,65.9,68.23,106,0,3,3,Valentines Day,0.0,-1.4,79.44571428571429,0.9164895611951495,1.074454052469588,50.0,42.857142857142854,46.93333333333333,2.0,-0.08720460162523522,3.8066624897703196
2026-03-13,H004,Ceramic Dinner Set,Home & Living,ArtisanHome,25,79.99,74.0,42,3108.0,2058.0,66.22,86.38,108,0,4,3,Valentines Day,0.0,-1.4,77.16857142857143,0.9251156394549319,0.8566797869877287,45.0,44.42857142857143,46.733333333333334,2.0,-0.07783653365656071,3.7376696182833684
2026-03-14,H004,Ceramic Dinner Set,Home & Living,ArtisanHome,25,79.99,68.17,64,4362.88,2762.88,63.33,78.7,81,1,5,3,Valentines Day,0.0,-1.4,75.12,0.8522315289411178,0.8662007623888183,42.0,47.57142857142857,46.766666666666666,2.0,-0.15989704148603648,4.1588830833596715
2026-03-15,H004,Ceramic Dinner Set,Home & Living,ArtisanHome,25,79.99,70.21,52,3650.92,2350.92,64.39,82.62,113,1,6,3,Valentines Day,0.0,-1.4,73.7,0.8777347168396049,0.8497942386831274,64.0,47.857142857142854,46.7,2.0,-0.1304108758315731,3.9512437185814275
2026-03-16,H004,Ceramic Dinner Set,Home & Living,ArtisanHome,25,79.99,69.19,48,3321.12,2121.12,63.87,81.63,95,0,0,3,Valentines Day,0.0,-1.4,72.37285714285714,0.8649831228903613,0.8476050471640328,52.0,48.285714285714285,46.3,2.0,-0.14504528335001082,3.871201010907891
2026-03-17,H004,Ceramic Dinner Set,Home & Living,ArtisanHome,25,79.99,63.11,56,3534.16,2134.16,60.39,81.89,104,0,1,3,Easter,0.0,-1.4,70.30285714285715,0.7889736217027129,0.7706679692270119,48.0,51.0,45.56666666666667,2.0,-0.23702239126458227,4.02535169073515
2026-03-18,H004,Ceramic Dinner Set,Home & Living,ArtisanHome,25,79.99,73.25,50,3662.5,2412.5,65.87,80.44,82,0,2,3,Easter,0.0,-1.4,70.17714285714285,0.9157394674334293,0.9106166086524118,56.0,51.0,45.3,2.0,-0.08802337896355372,3.912023005428146
2026-03-19,H004,Ceramic Dinner Set,Home & Living,ArtisanHome,25,79.99,69.49,44,3057.56,1957.56,64.02,75.44,99,0,3,3,Easter,0.0,-1.4,69.63142857142857,0.8687335916989624,0.9211293743372216,50.0,50.857142857142854,44.36666666666667,2.0,-0.14071876953449455,3.784189633918261
2026-03-20,H004,Ceramic Dinner Set,Home & Living,ArtisanHome,25,79.99,66.19,54,3574.26,2224.26,62.23,74.19,91,0,4,3,Easter,0.0,-1.4,68.51571428571428,0.8274784348043506,0.8921687558970212,44.0,52.57142857142857,44.36666666666667,2.0,-0.18937223272989906,3.9889840465642745
2026-03-21,H004,Ceramic Dinner Set,Home & Living,ArtisanHome,25,79.99,73.91,56,4138.96,2738.96,66.18,70.54,99,1,5,3,Easter,0.0,-1.4,69.33571428571427,0.9239904988123515,1.0477743124468386,54.0,51.42857142857143,44.6,2.0,-0.07905349006393515,4.02535169073515
2026-03-22,H004,Ceramic Dinner Set,Home & Living,ArtisanHome,25,79.99,76.53,53,4056.09,2731.09,67.33,70.73,100,1,6,3,Easter,0.0,-1.4,70.23857142857142,0.9567445930741344,1.0820019793581224,56.0,51.57142857142857,44.56666666666667,2.0,-0.04421880603890065,3.970291913552122
2026-03-23,H004,Ceramic Dinner Set,Home & Living,ArtisanHome,25,79.99,78.16,47,3673.52,2498.52,68.01,83.5,104,0,0,3,Easter,0.0,-1.4,71.52,0.9771221402675334,0.9360479041916168,53.0,51.42857142857143,44.0,2.0,-0.02314361912620324,3.8501476017100584
2026-03-24,H004,Ceramic Dinner Set,Home & Living,ArtisanHome,25,79.99,78.73,42,3306.66,2256.66,68.25,83.32,99,0,1,3,Easter,0.0,-1.4,73.75142857142858,0.9842480310038756,0.9449111857897264,47.0,49.42857142857143,43.733333333333334,2.0,-0.01587734966435457,3.7376696182833684
2026-03-25,H004,Ceramic Dinner Set,Home & Living,ArtisanHome,25,79.99,78.3,41,3210.3,2185.3,68.07,81.08,103,0,2,3,Easter,0.0,-1.4,74.47285714285714,0.9788723590448807,0.9657128761716822,42.0,48.142857142857146,43.6,2.0,-0.02135402386397302,3.713572066704308
2026-03-26,H004,Ceramic Dinner Set,Home & Living,ArtisanHome,25,79.99,87.26,38,3315.88,2365.88,71.35,71.91,108,0,3,3,Easter,0.0,-1.4,77.01142857142858,1.0908863607950996,1.2134612710332362,41.0,47.285714285714285,43.63333333333333,2.0,0.08699054083473323,3.6375861597263857
2026-03-27,H004,Ceramic Dinner Set,Home & Living,ArtisanHome,25,79.99,81.35,47,3823.45,2648.45,69.27,70.55,112,0,4,3,Easter,0.0,-1.4,79.17714285714285,1.0170021252656583,1.153082919914954,38.0,46.285714285714285,44.0,2.0,0.01685920680431634,3.8501476017100584
2026-03-28,H004,Ceramic Dinner Set,Home & Living,ArtisanHome,25,79.99,89.28,41,3660.48,2635.48,72.0,83.01,101,1,5,3,Easter,0.0,-1.4,81.37285714285714,1.11613951743968,1.0755330683050235,47.0,44.142857142857146,44.36666666666667,2.0,0.10987587177227032,3.713572066704308
2026-03-29,H004,Ceramic Dinner Set,Home & Living,ArtisanHome,25,79.99,88.92,40,3556.8,2556.8,71.88,74.23,115,1,6,3,Easter,0.0,-1.4,83.14285714285714,1.1116389548693588,1.1978984238178634,41.0,42.285714285714285,44.56666666666667,2.0,0.10583546223526545,3.6888794541139363
2026-03-30,H004,Ceramic Dinner Set,Home & Living,ArtisanHome,25,79.99,91.75,36,3303.0,2403.0,72.75,88.03,136,0,0,3,Easter,0.0,-1.4,85.08428571428571,1.1470183772971623,1.0422583210269227,40.0,40.714285714285715,44.36666666666667,2.0,0.13716586007394926,3.58351893845611
2026-03-31,H004,Ceramic Dinner Set,Home & Living,ArtisanHome,25,79.99,92.7,32,2966.4,2166.4,73.03,74.59,142,0,1,3,Easter,0.0,-1.4,87.08,1.1588948618577324,1.242793940206462,36.0,39.285714285714285,44.1,2.0,0.1474668457110791,3.4657359027997265
2026-04-01,H004,Ceramic Dinner Set,Home & Living,ArtisanHome,25,79.99,89.76,32,2872.32,2072.32,72.15,90.32,117,0,2,4,Easter,0.0,-1.4,88.71714285714286,1.1221402675334418,0.9937998228520816,32.0,38.0,44.0,2.0,0.11523781491365574,3.4657359027997265
2026-04-02,H004,Ceramic Dinner Set,Home & Living,ArtisanHome,25,79.99,93.99,36,3383.64,2483.64,73.4,88.06,147,0,3,4,Easter,0.0071,-1.4,89.67857142857143,1.1750218777347168,1.0673404496933907,32.0,37.714285714285715,44.03333333333333,2.0,0.1612867667714795,3.58351893845611
2026-04-03,H004,Ceramic Dinner Set,Home & Living,ArtisanHome,25,79.99,91.55,38,3478.9,2528.9,72.69,83.53,109,0,4,4,Easter,0.0143,-1.4,91.13571428571429,1.1445180647580948,1.0960134083562791,36.0,36.42857142857143,44.2,2.0,0.13498364425978926,3.6375861597263857
2026-04-04,H004,Ceramic Dinner Set,Home & Living,ArtisanHome,25,79.99,88.61,45,3987.45,2862.45,71.79,68.95,104,1,5,4,Easter,0.0214,-1.4,91.03999999999999,1.1077634704338042,1.2851341551849165,38.0,37.0,44.46666666666667,2.0,0.1023430911984805,3.8066624897703196
2026-04-05,H004,Ceramic Dinner Set,Home & Living,ArtisanHome,25,79.99,88.34,45,3975.3,2850.3,71.7,79.01,92,1,6,4,Easter,0.0286,-1.4,90.95714285714284,1.1043880485060633,1.118086318187571,45.0,37.714285714285715,44.93333333333333,2.0,0.09929137930764995,3.8066624897703196
2026-04-06,H004,Ceramic Dinner Set,Home & Living,ArtisanHome,25,79.99,82.33,33,2716.89,1891.89,69.63,90.27,140,0,0,4,Easter,0.0357,-1.4,89.61142857142856,1.0292536567070885,0.9120416528193198,45.0,37.285714285714285,44.63333333333333,2.0,0.028833934449604217,3.4965075614664802
2026-04-07,H004,Ceramic Dinner Set,Home & Living,ArtisanHome,25,79.99,83.11,34,2825.74,1975.74,69.92,69.58,151,0,1,4,Easter,0.0429,-1.4,88.24142857142859,1.0390048756094512,1.1944524288588676,33.0,37.57142857142857,44.1,2.0,0.038263404704204494,3.5263605246161616
2026-04-08,H004,Ceramic Dinner Set,Home & Living,ArtisanHome,25,79.99,79.15,36,2849.4,1949.4,68.41,76.52,135,0,2,4,Easter,0.05,-1.4,86.72571428571429,0.9894986873359172,1.0343700993204392,34.0,38.142857142857146,43.8,2.0,-0.010556840533709172,3.58351893845611
2026-04-09,H004,Ceramic Dinner Set,Home & Living,ArtisanHome,25,79.99,80.51,46,3703.46,2553.46,68.95,74.43,101,0,3,4,Easter,0.0571,-1.4,84.8,1.0065008126015753,1.0816874916028483,36.0,39.57142857142857,44.1,2.0,0.006479773451158982,3.828641396489095
2026-04-10,H004,Ceramic Dinner Set,Home & Living,ArtisanHome,25,79.99,75.95,44,3341.8,2241.8,67.08,68.95,116,0,4,4,Easter,0.0643,-1.4,82.57142857142857,0.949493686710839,1.101522842639594,46.0,40.42857142857143,43.9,2.0,-0.05182639781894849,3.784189633918261
2026-04-11,H004,Ceramic Dinner Set,Home & Living,ArtisanHome,25,79.99,68.66,52,3570.32,2270.32,63.59,69.84,103,1,5,4,Easter,0.0714,-1.4,79.72142857142856,0.8583572946618327,0.9831042382588774,44.0,41.42857142857143,44.13333333333333,2.0,-0.1527348388311845,3.9512437185814275
2026-04-12,H004,Ceramic Dinner Set,Home & Living,ArtisanHome,25,79.99,69.75,67,4673.25,2998.25,64.16,78.1,80,1,6,4,Easter,0.1,-1.4,77.0657142857143,0.87198399799975,0.8930857874519847,52.0,44.57142857142857,44.96666666666667,1.0,-0.13698420615925544,4.204692619390966
2026-04-13,H004,Ceramic Dinner Set,Home & Living,ArtisanHome,25,79.99,68.78,58,3989.24,2539.24,63.65,81.2,72,0,0,4,Easter,0.1,-1.4,75.13,0.8598574821852732,0.8470443349753695,67.0,48.142857142857146,44.766666666666666,1.0,-0.15098862185661027,4.060443010546419
2026-04-14,H004,Ceramic Dinner Set,Home & Living,ArtisanHome,25,79.99,69.9,58,4054.2,2604.2,64.23,69.16,98,0,1,4,Easter,0.1,-1.4,73.24285714285715,0.8738592324040506,1.0106998264893003,58.0,51.57142857142857,44.96666666666667,2.0,-0.1348359776209658,4.060443010546419
2026-04-15,H004,Ceramic Dinner Set,Home & Living,ArtisanHome,25,79.99,63.41,59,3741.19,2266.19,60.57,81.11,66,0,2,4,Easter,0.1,-1.4,70.99428571428572,0.7927240905113139,0.7817778325730489,58.0,54.857142857142854,45.333333333333336,1.0,-0.2322800491487903,4.07753744390572
2026-04-16,H004,Ceramic Dinner Set,Home & Living,ArtisanHome,25,79.99,69.21,62,4291.02,2741.02,63.88,72.47,64,0,3,4,Easter,0.1,-1.4,69.38000000000001,0.865233154144268,0.9550158686352973,59.0,57.142857142857146,45.53333333333333,1.0,-0.1447562660069585,4.127134385045092
2026-04-17,H004,Ceramic Dinner Set,Home & Living,ArtisanHome,25,79.99,71.34,54,3852.36,2502.36,64.96,68.41,74,0,4,4,Easter,0.1,-1.4,68.72142857142858,0.8918614826853357,1.0428299956146763,62.0,58.57142857142857,45.666666666666664,1.0,-0.114444446929985,3.9889840465642745
2026-04-18,H004,Ceramic Dinner Set,Home & Living,ArtisanHome,25,79.99,72.64,61,4431.04,2906.04,65.58,75.83,72,1,5,4,Easter,0.1,-1.4,69.28999999999999,0.9081135141892738,0.9579322168007385,54.0,59.857142857142854,46.233333333333334,1.0,-0.09638589256769253,4.110873864173311
2026-04-19,H004,Ceramic Dinner Set,Home & Living,ArtisanHome,25,79.99,67.35,68,4579.8,2879.8,62.88,68.63,73,1,6,4,Easter,0.0714,-1.4,68.94714285714285,0.8419802475309414,0.981349264170188,61.0,60.0,46.7,1.0,-0.17199872400435753,4.219507705176107
2026-04-20,H004,Ceramic Dinner Set,Home & Living,ArtisanHome,25,79.99,75.79,54,4092.66,2742.66,67.01,85.79,99,0,0,4,Easter,0.0643,-1.4,69.94857142857144,0.9474934366795851,0.8834362979368224,68.0,59.42857142857143,46.63333333333333,2.0,-0.053935269036792625,3.9889840465642745
2026-04-21,H004,Ceramic Dinner Set,Home & Living,ArtisanHome,25,79.99,73.72,44,3243.68,2143.68,66.09,71.02,97,0,1,4,Easter,0.0571,-1.4,70.49428571428571,0.9216152019002376,1.038017459870459,54.0,57.42857142857143,46.333333333333336,2.0,-0.0816274940591079,3.784189633918261
2026-04-22,H004,Ceramic Dinner Set,Home & Living,ArtisanHome,25,79.99,79.54,45,3579.3,2454.3,68.57,91.09,115,0,2,4,Easter,0.05,-1.4,72.79857142857142,0.9943742967870985,0.8732023273685366,44.0,55.42857142857143,46.266666666666666,2.0,-0.005641587081185785,3.8066624897703196
2026-04-23,H004,Ceramic Dinner Set,Home & Living,ArtisanHome,25,79.99,80.77,47,3796.19,2621.19,69.05,82.83,117,0,3,4,Easter,0.0429,-1.4,74.45,1.0097512189023627,0.9751297838947242,45.0,53.285714285714285,46.43333333333333,2.0,0.009703982593474384,3.8501476017100584
2026-04-24,H004,Ceramic Dinner Set,Home & Living,ArtisanHome,25,79.99,84.51,41,3464.91,2439.91,70.42,69.34,128,0,4,4,Easter,0.0357,-1.4,76.33142857142857,1.056507063382923,1.2187770406691665,47.0,51.42857142857143,46.43333333333333,2.0,0.054968243695660536,3.713572066704308
2026-04-25,H004,Ceramic Dinner Set,Home & Living,ArtisanHome,25,79.99,83.76,48,4020.48,2820.48,70.15,83.36,97,1,5,4,Easter,0.0286,-1.4,77.92,1.0471308913614203,1.0047984644913628,41.0,49.57142857142857,46.766666666666666,2.0,0.04605393970155107,3.871201010907891
2026-04-26,H004,Ceramic Dinner Set,Home & Living,ArtisanHome,25,79.99,84.18,46,3872.28,2722.28,70.3,85.08,95,1,6,4,Easter,0.0214,-1.4,80.32428571428571,1.052381547693462,0.9894217207334275,48.0,46.42857142857143,46.733333333333334,2.0,0.05105573648169429,3.828641396489095
2026-04-27,H004,Ceramic Dinner Set,Home & Living,ArtisanHome,25,79.99,88.83,31,2753.73,1978.73,71.86,89.94,126,0,0,4,Easter,0.0143,-1.4,82.18714285714285,1.1105138142267783,0.9876584389593062,46.0,43.142857142857146,46.4,2.0,0.10482280392087905,3.4339872044851463
2026-04-28,H004,Ceramic Dinner Set,Home & Living,ArtisanHome,25,79.99,91.39,33,3015.87,2190.87,72.64,80.0,150,0,1,4,Easter,0.0071,-1.4,84.71142857142857,1.1425178147268409,1.142375,31.0,41.57142857142857,46.166666666666664,2.0,0.1332344364233798,3.4965075614664802
