backend/data/features.csv
date,product_id,product_name,category,brand,cost,base_price,price,demand,revenue,profit,margin,competitor_price,stock,is_weekend,day_of_week,month,holiday_name,holiday_boost,elasticity,price_lag_7d,price_to_base,price_to_competitor,demand_lag_1d,demand_lag_7d,demand_lag_30d,stock_level,log_price_ratio,log_demand
2026-04-29,H004,Ceramic Dinner Set,Home & Living,ArtisanHome,25,79.99,92.35,32,2955.2,2155.2,72.93,73.58,122,0,2,4,Mothers Day,0.0129,-1.4,86.54142857142858,1.1545193149143642,1.2550964936123947,33.0,39.714285714285715,46.03333333333333,2.0,0.1436840797845184,3.4657359027997265
2026-04-30,H004,Ceramic Dinner Set,Home & Living,ArtisanHome,25,79.99,93.98,38,3571.24,2621.24,73.4,86.11,116,0,3,4,Mothers Day,0.0257,-1.4,88.42857142857143,1.1748968621077636,1.0913947276739056,32.0,38.42857142857143,46.233333333333334,2.0,0.16118036681393924,3.6375861597263857
2026-05-01,H004,Ceramic Dinner Set,Home & Living,ArtisanHome,25,79.99,86.72,35,3035.2,2160.2,71.17,91.61,122,0,4,5,Mothers Day,0.0386,-1.4,88.74428571428572,1.0841355169396174,0.9466215478659535,38.0,37.57142857142857,46.333333333333336,2.0,0.08078291083060553,3.5553480614894135
2026-05-02,H004,Ceramic Dinner Set,Home & Living,ArtisanHome,25,79.99,89.1,38,3385.8,2435.8,71.94,81.54,114,1,5,5,Mothers Day,0.0514,-1.4,89.50714285714285,1.1138892361545194,1.0927152317880793,35.0,36.142857142857146,46.4,2.0,0.1078577076160332,3.6375861597263857
2026-05-03,H004,Ceramic Dinner Set,Home & Living,ArtisanHome,25,79.99,89.87,44,3954.28,2854.28,72.18,89.49,96,1,6,5,Mothers Day,0.0643,-1.4,90.32000000000001,1.123515439429929,1.0042462845010616,38.0,35.857142857142854,46.6,2.0,0.11646255480955171,3.784189633918261
2026-05-04,H004,Ceramic Dinner Set,Home & Living,ArtisanHome,25,79.99,90.56,38,3441.28,2491.28,72.39,72.04,143,0,0,5,Mothers Day,0.0771,-1.4,90.56714285714285,1.1321415176897114,1.2570794003331482,44.0,36.857142857142854,46.36666666666667,2.0,0.12411098759414245,3.6375861597263857
2026-05-05,H004,Ceramic Dinner Set,Home & Living,ArtisanHome,25,79.99,88.62,39,3456.18,2481.18,71.79,84.23,114,0,1,5,Mothers Day,0.09,-1.4,90.17142857142858,1.1078884860607576,1.052119197435593,38.0,37.714285714285715,46.166666666666664,2.0,0.10245593891061296,3.6635616461296463
2026-05-06,H004,Ceramic Dinner Set,Home & Living,ArtisanHome,25,79.99,83.46,40,3338.4,2338.4,70.05,70.22,106,0,2,5,Mothers Day,0.1029,-1.4,88.90142857142857,1.0433804225528192,1.1885502705781827,39.0,38.857142857142854,46.4,2.0,0.04246584830267608,3.6888794541139363
2026-05-07,H004,Ceramic Dinner Set,Home & Living,ArtisanHome,25,79.99,82.06,41,3364.46,2339.46,69.53,87.08,104,0,3,5,Mothers Day,0.1157,-1.4,87.19857142857143,1.0258782347793476,0.9423518603582912,40.0,39.285714285714285,46.63333333333333,2.0,0.02554906015330968,3.713572066704308
2026-05-08,H004,Ceramic Dinner Set,Home & Living,ArtisanHome,25,79.99,80.83,43,3475.69,2400.69,69.07,72.72,98,0,4,5,Mothers Day,0.1286,-1.4,86.35714285714286,1.0105013126640832,1.1115236523652365,41.0,40.42857142857143,46.86666666666667,2.0,0.01044655688502264,3.7612001156935624
2026-02-07,H005,Essential Oil Diffuser,Home & Living,GlowHaus,9,34.99,34.48,70,2413.6,1783.6,73.9,36.63,61,1,5,2,Valentines Day,0.1,-2.4,34.48,0.9854244069734208,0.9413049413049411,70.0,70.0,70.0,1.0,-0.014682860584104472,4.248495242049359
2026-02-08,H005,Essential Oil Diffuser,Home & Living,GlowHaus,9,34.99,35.14,68,2389.52,1777.52,74.39,36.34,55,1,6,2,Valentines Day,0.1143,-2.4,34.81,1.0042869391254643,0.9669785360484314,70.0,69.0,69.0,1.0,0.004277776379354351,4.219507705176107
2026-02-09,H005,Essential Oil Diffuser,Home & Living,GlowHaus,9,34.99,32.8,62,2033.6,1475.6,72.56,39.09,79,0,0,2,Valentines Day,0.1286,-2.4,34.13999999999999,0.9374106887682193,0.8390892811460731,68.0,66.66666666666667,66.66666666666667,1.0,-0.0646337909894988,4.127134385045092
2026-02-10,H005,Essential Oil Diffuser,Home & Living,GlowHaus,9,34.99,32.43,63,2043.09,1476.09,72.25,36.82,93,0,1,2,Valentines Day,0.1429,-2.4,33.7125,0.9268362389254072,0.880771319934818,62.0,65.75,65.75,2.0,-0.07597838606037009,4.143134726391533
2026-02-11,H005,Essential Oil Diffuser,Home & Living,GlowHaus,9,34.99,31.87,70,2230.9,1600.9,71.76,30.86,71,0,2,2,Valentines Day,0.2,-2.4,33.344,0.9108316661903401,1.0327284510693455,63.0,66.6,66.6,1.0,-0.09339717795035166,4.248495242049359
2026-02-12,H005,Essential Oil Diffuser,Home & Living,GlowHaus,9,34.99,30.21,89,2688.69,1887.69,70.21,36.36,19,0,3,2,Valentines Day,0.2,-2.4,32.821666666666665,0.8633895398685338,0.8308580858085809,70.0,70.33333333333333,70.33333333333333,0.0,-0.14688931098101607,4.48863636973214
2026-02-13,H005,Essential Oil Diffuser,Home & Living,GlowHaus,9,34.99,28.09,95,2668.55,1813.55,67.96,37.74,27,0,4,2,Valentines Day,0.2,-2.4,32.145714285714284,0.8028008002286368,0.7443031266560678,89.0,73.85714285714286,73.85714285714286,1.0,-0.21964866526344434,4.553876891600541
2026-02-14,H005,Essential Oil Diffuser,Home & Living,GlowHaus,9,34.99,30.16,102,3076.32,2158.32,70.16,32.4,5,1,5,2,Valentines Day,0.2,-2.4,31.528571428571432,0.8619605601600456,0.9308641975308642,95.0,78.42857142857143,77.375,0.0,-0.14854576323984145,4.624972813284271
2026-02-15,H005,Essential Oil Diffuser,Home & Living,GlowHaus,9,34.99,30.2,95,2869.0,2014.0,70.2,36.39,19,1,6,2,Valentines Day,0.2,-2.4,30.822857142857142,0.8631037439268362,0.8298983237153064,102.0,82.28571428571429,79.33333333333333,0.0,-0.14722038199877274,4.553876891600541
2026-02-16,H005,Essential Oil Diffuser,Home & Living,GlowHaus,9,34.99,30.91,73,2256.43,1599.43,70.88,30.04,49,0,0,2,Valentines Day,0.2,-2.4,30.552857142857142,0.8833952557873678,1.0289613848202397,95.0,83.85714285714286,78.7,1.0,-0.12398255023557177,4.290459441148391
2026-02-17,H005,Essential Oil Diffuser,Home & Living,GlowHaus,9,34.99,29.39,92,2703.88,1875.88,69.38,38.38,5,0,1,2,Valentines Day,0.2,-2.4,30.118571428571432,0.8399542726493283,0.7657634184471078,73.0,88.0,79.9090909090909,0.0,-0.17440782594877074,4.5217885770490405
2026-02-18,H005,Essential Oil Diffuser,Home & Living,GlowHaus,9,34.99,29.97,93,2787.21,1950.21,69.97,36.0,5,0,2,2,Valentines Day,0.1429,-2.4,29.84714285714286,0.8565304372677908,0.8325,92.0,91.28571428571429,81.0,0.0,-0.15486542505102485,4.532599493153256
2026-02-19,H005,Essential Oil Diffuser,Home & Living,GlowHaus,9,34.99,32.74,62,2029.88,1471.88,72.51,40.23,64,0,3,2,Valentines Day,0.1286,-2.4,30.208571428571425,0.9356959131180337,0.8138205319413374,93.0,87.42857142857143,79.53846153846153,1.0,-0.06646473443660786,4.127134385045092
2026-02-20,H005,Essential Oil Diffuser,Home & Living,GlowHaus,9,34.99,33.75,54,1822.5,1336.5,73.33,39.88,109,0,4,2,Valentines Day,0.1143,-2.4,31.017142857142858,0.9645613032294941,0.8462888665997993,62.0,81.57142857142857,77.71428571428571,2.0,-0.0360818890610579,3.9889840465642745
2026-02-21,H005,Essential Oil Diffuser,Home & Living,GlowHaus,9,34.99,35.42,61,2160.62,1611.62,74.59,31.17,97,1,5,2,Valentines Day,0.1,-2.4,31.768571428571427,1.012289225492998,1.1363490535771574,54.0,75.71428571428571,76.6,2.0,0.012214325975090869,4.110873864173311
2026-02-22,H005,Essential Oil Diffuser,Home & Living,GlowHaus,9,34.99,34.36,63,2164.68,1597.68,73.81,32.59,87,1,6,2,Valentines Day,0.0857,-2.4,32.362857142857145,0.9819948556730493,1.0543111383860078,61.0,71.14285714285714,75.75,2.0,-0.01816920926354214,4.143134726391533
2026-02-23,H005,Essential Oil Diffuser,Home & Living,GlowHaus,9,34.99,35.29,51,1799.79,1340.79,74.5,33.33,117,0,0,2,Valentines Day,0.0714,-2.4,32.98857142857143,1.0085738782509288,1.058805880588059,63.0,68.0,74.29411764705883,2.0,0.008537331307582016,3.9318256327243257
2026-02-24,H005,Essential Oil Diffuser,Home & Living,GlowHaus,9,34.99,35.89,56,2009.84,1505.84,74.92,31.49,107,0,1,2,Valentines Day,0.0571,-2.4,33.917142857142856,1.0257216347527864,1.139726897427755,51.0,62.857142857142854,73.27777777777777,2.0,0.025396398779919168,4.02535169073515
2026-02-25,H005,Essential Oil Diffuser,Home & Living,GlowHaus,9,34.99,37.48,46,1724.08,1310.08,75.99,30.48,90,0,2,2,Valentines Day,0.0429,-2.4,34.99,1.0711631894827092,1.2296587926509186,56.0,56.142857142857146,71.84210526315789,2.0,0.06874515099062461,3.828641396489095
2026-02-26,H005,Essential Oil Diffuser,Home & Living,GlowHaus,9,34.99,39.11,36,1407.96,1083.96,76.99,39.49,128,0,3,2,Valentines Day,0.0286,-2.4,35.9,1.1177479279794227,0.9903773107115725,46.0,52.42857142857143,70.05,2.0,0.11131588238782608,3.58351893845611
2026-02-27,H005,Essential Oil Diffuser,Home & Living,GlowHaus,9,34.99,39.34,41,1612.94,1243.94,77.12,37.18,127,0,4,2,Valentines Day,0.0143,-2.4,36.69857142857143,1.1243212346384681,1.0580957504034427,36.0,50.57142857142857,68.66666666666667,2.0,0.11717950658131633,3.713572066704308
2026-02-28,H005,Essential Oil Diffuser,Home & Living,GlowHaus,9,34.99,39.5,39,1540.5,1189.5,77.22,36.43,105,1,5,2,Valentines Day,0.0,-2.4,37.28142857142858,1.1288939697056302,1.0842712050507823,41.0,47.42857142857143,67.31818181818181,2.0,0.1212383655274795,3.6635616461296463
2026-03-01,H005,Essential Oil Diffuser,Home & Living,GlowHaus,9,34.99,40.78,32,1304.96,1016.96,77.93,40.2,135,1,6,3,Valentines Day,0.0,-2.4,38.19857142857143,1.1654758502429265,1.0144278606965174,39.0,43.0,65.78260869565217,2.0,0.15312945876671247,3.4657359027997265
2026-03-02,H005,Essential Oil Diffuser,Home & Living,GlowHaus,9,34.99,39.92,40,1596.8,1236.8,77.45,38.1,124,0,0,3,Valentines Day,0.0,-2.4,38.86,1.1408973992569305,1.047769028871391,32.0,41.42857142857143,64.70833333333333,2.0,0.13181514506366648,3.6888794541139363
2026-03-03,H005,Essential Oil Diffuser,Home & Living,GlowHaus,9,34.99,39.75,39,1550.25,1199.25,77.36,36.08,127,0,1,3,Valentines Day,0.0,-2.4,39.41142857142857,1.1360388682480709,1.101718403547672,40.0,39.0,63.68,2.0,0.12754753472074426,3.6635616461296463
2026-03-04,H005,Essential Oil Diffuser,Home & Living,GlowHaus,9,34.99,38.39,39,1497.21,1146.21,76.56,30.72,103,0,2,3,Valentines Day,0.0,-2.4,39.54142857142857,1.0971706201771934,1.2496744791666667,39.0,38.0,62.73076923076923,2.0,0.09273470263310957,3.6635616461296463
2026-03-05,H005,Essential Oil Diffuser,Home & Living,GlowHaus,9,34.99,38.53,41,1579.73,1210.73,76.64,31.96,127,0,3,3,Valentines Day,0.0,-2.4,39.45857142857143,1.1011717633609603,1.205569461827284,39.0,38.714285714285715,61.925925925925924,2.0,0.09637485225846962,3.713572066704308
2026-03-06,H005,Essential Oil Diffuser,Home & Living,GlowHaus,9,34.99,38.15,34,1297.1,991.1,76.41,31.45,150,0,4,3,Valentines Day,0.0,-2.4,39.28857142857142,1.0903115175764504,1.2130365659777425,41.0,37.714285714285715,60.92857142857143,2.0,0.08646345135086933,3.5263605246161616
2026-03-07,H005,Essential Oil Diffuser,Home & Living,GlowHaus,9,34.99,38.64,43,1661.52,1274.52,76.71,31.25,94,1,5,3,Valentines Day,0.0,-2.4,39.16571428571429,1.104315518719634,1.23648,34.0,38.285714285714285,60.310344827586206,2.0,0.09922570296472048,3.7612001156935624
2026-03-08,H005,Essential Oil Diffuser,Home & Living,GlowHaus,9,34.99,36.14,51,1843.14,1384.14,75.1,34.52,99,1,6,3,Valentines Day,0.0,-2.4,38.50285714285714,1.0328665332952272,1.0469293163383544,43.0,41.0,60.0,2.0,0.03233797878448572,3.9318256327243257
2026-03-09,H005,Essential Oil Diffuser,Home & Living,GlowHaus,9,34.99,34.97,49,1713.53,1272.53,74.26,37.28,100,0,0,3,Valentines Day,0.0,-2.4,37.79571428571428,0.9994284081166046,0.9380364806866952,51.0,42.285714285714285,59.3,2.0,-0.0005717553043123235,3.8918202981106265
2026-03-10,H005,Essential Oil Diffuser,Home & Living,GlowHaus,9,34.99,32.97,60,1978.2,1438.2,72.7,38.28,84,0,1,3,Valentines Day,0.0,-2.4,36.82714285714285,0.9422692197770791,0.8612852664576802,49.0,45.285714285714285,59.03333333333333,2.0,-0.059464249295957027,4.0943445622221
2026-03-11,H005,Essential Oil Diffuser,Home & Living,GlowHaus,9,34.99,32.15,57,1832.55,1319.55,72.01,36.33,99,0,2,3,Valentines Day,0.0,-2.4,35.93571428571429,0.9188339525578736,0.8849435728048445,60.0,47.857142857142854,58.86666666666667,2.0,-0.08464985569596836,4.04305126783455
2026-03-12,H005,Essential Oil Diffuser,Home & Living,GlowHaus,9,34.99,30.28,67,2028.76,1425.76,70.28,38.84,73,0,3,3,Valentines Day,0.0,-2.4,34.75714285714286,0.8653901114604172,0.7796086508753861,57.0,51.57142857142857,59.0,1.0,-0.14457487781034867,4.204692619390966
2026-03-13,H005,Essential Oil Diffuser,Home & Living,GlowHaus,9,34.99,30.38,53,1610.14,1133.14,70.38,31.89,99,0,4,3,Valentines Day,0.0,-2.4,33.64714285714286,0.8682480708773934,0.9526497334587645,67.0,54.285714285714285,58.43333333333333,2.0,-0.14127780921197,3.970291913552122
2026-03-14,H005,Essential Oil Diffuser,Home & Living,GlowHaus,9,34.99,28.33,73,2068.09,1411.09,68.23,35.68,71,1,5,3,Valentines Day,0.0,-2.4,32.174285714285716,0.8096599028293797,0.7940022421524663,53.0,58.57142857142857,57.9,1.0,-0.2111409925371716,4.290459441148391
2026-03-15,H005,Essential Oil Diffuser,Home & Living,GlowHaus,9,34.99,29.76,93,2767.68,1930.68,69.76,37.29,17,1,6,3,Valentines Day,0.0,-2.4,31.26285714285714,0.8505287224921406,0.7980691874497184,73.0,64.57142857142857,57.833333333333336,0.0,-0.16189709641470554,4.532599493153256
2026-03-16,H005,Essential Oil Diffuser,Home & Living,GlowHaus,9,34.99,28.31,82,2321.42,1583.42,68.21,34.61,26,0,0,3,Valentines Day,0.0,-2.4,30.311428571428568,0.8090883109459844,0.8179716844842531,93.0,69.28571428571429,57.166666666666664,1.0,-0.2118472072557886,4.406719247264253
2026-03-17,H005,Essential Oil Diffuser,Home & Living,GlowHaus,9,34.99,29.51,78,2301.78,1599.78,69.5,39.74,45,0,1,3,Easter,0.0,-2.4,29.81714285714286,0.8433838239496999,0.7425767488676397,82.0,71.85714285714286,56.6,1.0,-0.17033311742474863,4.356708826689592
2026-03-18,H005,Essential Oil Diffuser,Home & Living,GlowHaus,9,34.99,30.74,79,2428.46,1717.46,70.72,31.1,37,0,2,3,Easter,0.0,-2.4,29.615714285714283,0.8785367247785081,0.9884244372990353,78.0,75.0,56.8,1.0,-0.12949756826914693,4.3694478524670215
2026-03-19,H005,Essential Oil Diffuser,Home & Living,GlowHaus,9,34.99,30.7,63,1934.1,1367.1,70.68,34.43,85,0,3,3,Easter,0.0,-2.4,29.675714285714285,0.8773935410117175,0.8916642462968342,79.0,74.42857142857143,55.833333333333336,2.0,-0.13079965178644531,4.143134726391533
2026-03-20,H005,Essential Oil Diffuser,Home & Living,GlowHaus,9,34.99,30.5,66,2013.0,1419.0,70.49,34.01,85,0,4,3,Easter,0.0,-2.4,29.692857142857143,0.871677622177765,0.8967950602763893,63.0,76.28571428571429,54.93333333333333,2.0,-0.1373356227662308,4.189654742026425
2026-03-21,H005,Essential Oil Diffuser,Home & Living,GlowHaus,9,34.99,31.23,84,2623.32,1867.32,71.18,35.17,15,1,5,3,Easter,0.0,-2.4,30.107142857142858,0.8925407259216919,0.8879727040090987,66.0,77.85714285714286,55.666666666666664,0.0,-0.1136831350846095,4.430816798843313
2026-03-22,H005,Essential Oil Diffuser,Home & Living,GlowHaus,9,34.99,33.54,54,1811.16,1325.16,73.17,30.89,111,1,6,3,Easter,0.0,-2.4,30.64714285714286,0.9585595884538439,1.0857882809970865,84.0,72.28571428571429,55.666666666666664,2.0,-0.0423235499845339,3.9889840465642745
2026-03-23,H005,Essential Oil Diffuser,Home & Living,GlowHaus,9,34.99,34.4,47,1616.8,1193.8,73.84,32.32,115,0,0,3,Easter,0.0,-2.4,31.517142857142858,0.9831380394398399,1.0643564356435644,54.0,67.28571428571429,55.2,2.0,-0.01700574200024404,3.8501476017100584
2026-03-24,H005,Essential Oil Diffuser,Home & Living,GlowHaus,9,34.99,35.72,51,1821.72,1362.72,74.8,36.19,114,0,1,3,Easter,0.0,-2.4,32.40428571428571,1.0208631037439266,0.987012987012987,47.0,63.42857142857143,54.8,2.0,0.020648449628701444,3.9318256327243257
2026-03-25,H005,Essential Oil Diffuser,Home & Living,GlowHaus,9,34.99,35.84,44,1576.96,1180.96,74.89,32.35,132,0,2,3,Easter,0.0,-2.4,33.13285714285714,1.0242926550442983,1.1078825347758887,51.0,58.42857142857143,54.56666666666667,2.0,0.02400228172713303,3.784189633918261
2026-03-26,H005,Essential Oil Diffuser,Home & Living,GlowHaus,9,34.99,38.67,37,1430.79,1097.79,76.73,36.93,114,0,3,3,Easter,0.0,-2.4,34.27142857142857,1.105172906544727,1.0471161657189278,44.0,54.714285714285715,53.93333333333333,2.0,0.10000179923960908,3.6109179126442243
2026-03-27,H005,Essential Oil Diffuser,Home & Living,GlowHaus,9,34.99,37.24,39,1452.36,1101.36,75.83,34.06,111,0,4,3,Easter,0.0,-2.4,35.23428571428571,1.0643040868819662,1.093364650616559,37.0,50.857142857142854,53.7,2.0,0.062321146029269595,3.6635616461296463
2026-03-28,H005,Essential Oil Diffuser,Home & Living,GlowHaus,9,34.99,38.8,45,1746.0,1341.0,76.8,33.29,90,1,5,3,Easter,0.0,-2.4,36.315714285714286,1.1088882537867961,1.1655151697206367,39.0,45.285714285714285,54.0,2.0,0.103357940249631,3.8066624897703196
2026-03-29,H005,Essential Oil Diffuser,Home & Living,GlowHaus,9,34.99,40.53,41,1661.73,1292.73,77.79,31.28,104,1,6,3,Easter,0.0,-2.4,37.314285714285724,1.1583309517004858,1.2957161125319694,45.0,43.42857142857143,54.0,2.0,0.1469801342606205,3.713572066704308
2026-03-30,H005,Essential Oil Diffuser,Home & Living,GlowHaus,9,34.99,40.52,38,1539.76,1197.76,77.79,30.21,129,0,0,3,Easter,0.0,-2.4,38.18857142857143,1.1580451557587883,1.3412777226084078,41.0,42.142857142857146,53.96666666666667,2.0,0.14673337300088604,3.6375861597263857
2026-03-31,H005,Essential Oil Diffuser,Home & Living,GlowHaus,9,34.99,39.17,33,1292.61,995.61,77.02,37.82,146,0,1,3,Easter,0.0,-2.4,38.681428571428576,1.1194627036296085,1.035695399259651,38.0,39.57142857142857,54.0,2.0,0.11284884129814335,3.4965075614664802
2026-04-01,H005,Essential Oil Diffuser,Home & Living,GlowHaus,9,34.99,40.82,34,1387.88,1081.88,77.95,34.01,143,0,2,4,Easter,0.0,-2.4,39.392857142857146,1.166619034009717,1.200235224933843,33.0,38.142857142857146,53.8,2.0,0.15410985100210192,3.5263605246161616
2026-04-02,H005,Essential Oil Diffuser,Home & Living,GlowHaus,9,34.99,40.98,34,1393.32,1087.32,78.04,39.27,115,0,3,4,Easter,0.0071,-2.4,39.722857142857144,1.171191769076879,1.043544690603514,34.0,37.714285714285715,53.63333333333333,2.0,0.1580218364311569,3.5263605246161616
