backend/data/features.csv
date,product_id,product_name,category,brand,cost,base_price,price,demand,revenue,profit,margin,competitor_price,stock,is_weekend,day_of_week,month,holiday_name,holiday_boost,elasticity,price_lag_7d,price_to_base,price_to_competitor,demand_lag_1d,demand_lag_7d,demand_lag_30d,stock_level,log_price_ratio,log_demand
2026-04-03,H005,Essential Oil Diffuser,Home & Living,GlowHaus,9,34.99,38.9,41,1594.9,1225.9,76.86,38.19,132,0,4,4,Easter,0.0143,-2.4,39.959999999999994,1.1117462132037723,1.0185912542550406,34.0,38.0,53.7,2.0,0.10593194424480377,3.713572066704308
2026-04-04,H005,Essential Oil Diffuser,Home & Living,GlowHaus,9,34.99,38.98,44,1715.12,1319.12,76.91,30.26,98,1,5,4,Easter,0.0214,-2.4,39.98571428571428,1.1140325807373535,1.2881692002643752,41.0,37.857142857142854,53.8,2.0,0.10798638769981803,3.784189633918261
2026-04-05,H005,Essential Oil Diffuser,Home & Living,GlowHaus,9,34.99,40.58,45,1826.1,1421.1,77.82,36.51,91,1,6,4,Easter,0.0286,-2.4,39.99285714285714,1.159759931408974,1.11147630786086,44.0,38.42857142857143,54.166666666666664,2.0,0.14821302801807199,3.8066624897703196
2026-04-06,H005,Essential Oil Diffuser,Home & Living,GlowHaus,9,34.99,37.88,42,1590.96,1212.96,76.24,36.73,129,0,0,4,Easter,0.0357,-2.4,39.61571428571428,1.0825950271506144,1.0313095562210728,45.0,39.0,54.13333333333333,2.0,0.07936096193828078,3.7376696182833684
2026-04-07,H005,Essential Oil Diffuser,Home & Living,GlowHaus,9,34.99,36.11,46,1661.06,1247.06,75.08,34.57,108,0,1,4,Easter,0.0429,-2.4,39.17857142857143,1.0320091454701343,1.0445472953427828,42.0,40.857142857142854,53.96666666666667,2.0,0.03150752890976973,3.828641396489095
2026-04-08,H005,Essential Oil Diffuser,Home & Living,GlowHaus,9,34.99,35.21,49,1725.29,1284.29,74.44,35.02,113,0,2,4,Easter,0.05,-2.4,38.37714285714286,1.0062875107173477,1.0054254711593376,46.0,43.0,53.96666666666667,2.0,0.00626782678736435,3.8918202981106265
2026-04-09,H005,Essential Oil Diffuser,Home & Living,GlowHaus,9,34.99,32.65,61,1991.65,1442.65,72.43,36.55,65,0,3,4,Easter,0.0571,-2.4,37.18714285714286,0.933123749642755,0.8932968536251711,49.0,46.857142857142854,54.0,1.0,-0.06921745065715665,4.110873864173311
2026-04-10,H005,Essential Oil Diffuser,Home & Living,GlowHaus,9,34.99,33.16,64,2122.24,1546.24,72.86,31.39,90,0,4,4,Easter,0.0643,-2.4,36.36714285714286,0.947699342669334,1.0563873845173621,61.0,50.142857142857146,54.233333333333334,2.0,-0.053717976112502556,4.1588830833596715
2026-04-11,H005,Essential Oil Diffuser,Home & Living,GlowHaus,9,34.99,31.07,81,2516.67,1787.67,71.03,36.32,28,1,5,4,Easter,0.0714,-2.4,35.23714285714286,0.8879679908545298,0.8554515418502203,64.0,55.42857142857143,54.7,1.0,-0.11881958297464068,4.394449154672439
2026-04-12,H005,Essential Oil Diffuser,Home & Living,GlowHaus,9,34.99,31.63,82,2593.66,1855.66,71.55,40.02,36,1,6,4,Easter,0.1,-2.4,33.95857142857143,0.903972563589597,0.7903548225887056,81.0,60.714285714285715,55.666666666666664,1.0,-0.10095626906203922,4.406719247264253
2026-04-13,H005,Essential Oil Diffuser,Home & Living,GlowHaus,9,34.99,32.13,65,2088.45,1503.45,71.99,31.13,72,0,0,4,Easter,0.1,-2.4,33.137142857142855,0.9182623606744784,1.032123353678124,82.0,64.0,55.4,1.0,-0.08527213325182957,4.174387269895637
2026-04-14,H005,Essential Oil Diffuser,Home & Living,GlowHaus,9,34.99,29.09,85,2472.65,1707.65,69.06,34.13,44,0,1,4,Easter,0.1,-2.4,32.13428571428572,0.8313803943983995,0.8523293290360386,65.0,69.57142857142857,55.13333333333333,1.0,-0.18466783387248645,4.442651256490317
2026-04-15,H005,Essential Oil Diffuser,Home & Living,GlowHaus,9,34.99,29.52,79,2332.08,1621.08,69.51,38.92,27,0,2,4,Easter,0.1,-2.4,31.321428571428573,0.8436696198913974,0.7584789311408016,85.0,73.85714285714286,55.03333333333333,1.0,-0.16999430664732504,4.3694478524670215
2026-04-16,H005,Essential Oil Diffuser,Home & Living,GlowHaus,9,34.99,29.21,85,2482.85,1717.85,69.19,36.28,24,0,3,4,Easter,0.1,-2.4,30.830000000000002,0.8348099456987711,0.8051267916207276,79.0,77.28571428571429,55.266666666666666,1.0,-0.18055118997994704,4.442651256490317
2026-04-17,H005,Essential Oil Diffuser,Home & Living,GlowHaus,9,34.99,29.3,88,2578.4,1786.4,69.28,36.45,13,0,4,4,Easter,0.1,-2.4,30.27857142857143,0.8373821091740496,0.803840877914952,85.0,80.71428571428571,55.56666666666667,0.0,-0.17747479035657512,4.477336814478207
2026-04-18,H005,Essential Oil Diffuser,Home & Living,GlowHaus,9,34.99,31.15,85,2647.75,1882.75,71.11,31.07,45,1,5,4,Easter,0.1,-2.4,30.29,0.8902543583881108,1.0025748310267137,88.0,81.28571428571429,56.3,1.0,-0.11624806114613456,4.442651256490317
2026-04-19,H005,Essential Oil Diffuser,Home & Living,GlowHaus,9,34.99,30.05,89,2674.45,1873.45,70.05,34.23,8,1,6,4,Easter,0.0714,-2.4,30.064285714285713,0.8588168048013718,0.8778848962898044,85.0,82.28571428571429,57.06666666666667,0.0,-0.1521996453983801,4.48863636973214
2026-04-20,H005,Essential Oil Diffuser,Home & Living,GlowHaus,9,34.99,32.99,64,2111.36,1535.36,72.72,30.85,72,0,0,4,Easter,0.0643,-2.4,30.187142857142856,0.9428408116604744,1.0693679092382495,89.0,82.14285714285714,56.4,1.0,-0.05885782113910663,4.1588830833596715
2026-04-21,H005,Essential Oil Diffuser,Home & Living,GlowHaus,9,34.99,33.53,58,1944.74,1422.74,73.16,35.36,80,0,1,4,Easter,0.0571,-2.4,30.821428571428573,0.9582737925121463,0.9482466063348417,64.0,78.28571428571429,56.53333333333333,1.0,-0.042621745901459535,4.060443010546419
2026-04-22,H005,Essential Oil Diffuser,Home & Living,GlowHaus,9,34.99,33.87,61,2066.07,1517.07,73.43,34.7,78,0,2,4,Easter,0.05,-2.4,31.442857142857147,0.9679908545298656,0.9760806916426511,58.0,75.71428571428571,57.0,1.0,-0.03253263954991645,4.110873864173311
2026-04-23,H005,Essential Oil Diffuser,Home & Living,GlowHaus,9,34.99,35.28,51,1799.28,1340.28,74.49,33.98,91,0,3,4,Easter,0.0429,-2.4,32.31,1.0082880823092313,1.0382577987051207,61.0,70.85714285714286,57.0,2.0,0.008253924758993966,3.9318256327243257
2026-04-24,H005,Essential Oil Diffuser,Home & Living,GlowHaus,9,34.99,38.97,38,1480.86,1138.86,76.91,32.24,136,0,4,4,Easter,0.0357,-2.4,33.691428571428574,1.1137467847956557,1.2087468982630272,51.0,63.714285714285715,56.8,2.0,0.10772981297102102,3.6375861597263857
2026-04-25,H005,Essential Oil Diffuser,Home & Living,GlowHaus,9,34.99,34.93,58,2025.94,1503.94,74.23,30.86,74,1,5,4,Easter,0.0286,-2.4,34.23142857142857,0.9982852243498141,1.1318859364873624,38.0,59.857142857142854,57.5,1.0,-0.0017162475608561403,4.060443010546419
2026-04-26,H005,Essential Oil Diffuser,Home & Living,GlowHaus,9,34.99,37.95,49,1859.55,1418.55,76.28,31.51,100,1,6,4,Easter,0.0214,-2.4,35.36,1.0845955987424978,1.2043795620437956,58.0,54.142857142857146,57.833333333333336,2.0,0.0812071974620422,3.8918202981106265
2026-04-27,H005,Essential Oil Diffuser,Home & Living,GlowHaus,9,34.99,39.4,32,1260.8,972.8,77.16,35.53,130,0,0,4,Easter,0.0143,-2.4,36.27571428571429,1.1260360102886537,1.1089220377146074,49.0,49.57142857142857,57.4,2.0,0.11870350992429134,3.4657359027997265
2026-04-28,H005,Essential Oil Diffuser,Home & Living,GlowHaus,9,34.99,40.07,36,1442.52,1118.52,77.54,33.7,118,0,1,4,Easter,0.0071,-2.4,37.21,1.145184338382395,1.189020771513353,32.0,46.42857142857143,57.233333333333334,2.0,0.13556561826845653,3.58351893845611
2026-04-29,H005,Essential Oil Diffuser,Home & Living,GlowHaus,9,34.99,39.71,32,1270.72,982.72,77.34,37.71,124,0,2,4,Mothers Day,0.0129,-2.4,38.044285714285714,1.1348956844812803,1.053036329885972,36.0,42.285714285714285,57.03333333333333,2.0,0.1265407387635634,3.4657359027997265
2026-04-30,H005,Essential Oil Diffuser,Home & Living,GlowHaus,9,34.99,41.71,32,1334.72,1046.72,78.42,33.3,139,0,3,4,Mothers Day,0.0257,-2.4,38.962857142857146,1.1920548728208058,1.2525525525525527,32.0,39.57142857142857,57.0,2.0,0.1756786018292571,3.4657359027997265
2026-05-01,H005,Essential Oil Diffuser,Home & Living,GlowHaus,9,34.99,40.9,33,1349.7,1052.7,78.0,30.29,148,0,4,5,Mothers Day,0.0386,-2.4,39.23857142857143,1.168905401543298,1.3502806206668867,32.0,38.857142857142854,56.96666666666667,2.0,0.15606775666915934,3.4965075614664802
2026-05-02,H005,Essential Oil Diffuser,Home & Living,GlowHaus,9,34.99,40.3,42,1692.6,1314.6,77.67,33.44,125,1,5,5,Mothers Day,0.0514,-2.4,40.005714285714284,1.1517576450414402,1.2051435406698565,33.0,36.57142857142857,57.233333333333334,2.0,0.14128916257304044,3.7376696182833684
2026-05-03,H005,Essential Oil Diffuser,Home & Living,GlowHaus,9,34.99,40.19,42,1687.98,1309.98,77.61,31.07,103,1,6,5,Mothers Day,0.0643,-2.4,40.325714285714284,1.1486138896827665,1.2935307370453812,42.0,35.57142857142857,57.266666666666666,2.0,0.13855590208151303,3.7376696182833684
2026-05-04,H005,Essential Oil Diffuser,Home & Living,GlowHaus,9,34.99,38.0,43,1634.0,1247.0,76.32,31.8,132,0,0,5,Mothers Day,0.0771,-2.4,40.12571428571429,1.0860245784509859,1.1949685534591195,42.0,37.142857142857146,57.233333333333334,2.0,0.08252385334678901,3.7612001156935624
2026-05-05,H005,Essential Oil Diffuser,Home & Living,GlowHaus,9,34.99,38.01,45,1710.45,1305.45,76.32,39.43,112,0,1,5,Mothers Day,0.09,-2.4,39.83142857142857,1.0863103743926834,0.9639868120720263,43.0,38.42857142857143,57.233333333333334,2.0,0.08278697662156052,3.8066624897703196
2026-05-06,H005,Essential Oil Diffuser,Home & Living,GlowHaus,9,34.99,38.09,41,1561.69,1192.69,76.37,36.66,138,0,2,5,Mothers Day,0.1029,-2.4,39.6,1.0885967419262648,1.0390070921985817,45.0,39.714285714285715,57.2,2.0,0.08488947411091613,3.713572066704308
2026-05-07,H005,Essential Oil Diffuser,Home & Living,GlowHaus,9,34.99,36.99,43,1590.57,1203.57,75.67,30.29,99,0,3,5,Mothers Day,0.1157,-2.4,38.925714285714285,1.0571591883395255,1.2211951138989767,41.0,41.285714285714285,57.1,2.0,0.05558529946476588,3.7612001156935624
2026-05-08,H005,Essential Oil Diffuser,Home & Living,GlowHaus,9,34.99,35.61,56,1994.16,1490.16,74.73,35.09,80,0,4,5,Mothers Day,0.1286,-2.4,38.17,1.017719348385253,1.0148190367626102,43.0,44.57142857142857,57.333333333333336,1.0,0.01756419091008968,4.02535169073515
2026-02-07,D001,Artisan Coffee Beans 1kg,Food & Beverage,BeanCraft,8,22.99,22.67,58,1314.86,850.86,64.71,22.13,94,1,5,2,Valentines Day,0.1,-1.3,22.67,0.9860809047411919,1.024401265250791,58.0,58.0,58.0,2.0,-0.014016874255652453,4.060443010546419
2026-02-08,D001,Artisan Coffee Beans 1kg,Food & Beverage,BeanCraft,8,22.99,21.72,66,1433.52,905.52,63.17,19.67,52,1,6,2,Valentines Day,0.1143,-1.3,22.195,0.9447585906916051,1.1042196237925774,58.0,62.0,62.0,1.0,-0.05682584370935548,4.189654742026425
2026-02-09,D001,Artisan Coffee Beans 1kg,Food & Beverage,BeanCraft,8,22.99,22.06,56,1235.36,787.36,63.74,23.94,100,0,0,2,Valentines Day,0.1286,-1.3,22.150000000000002,0.9595476294040888,0.921470342522974,66.0,60.0,60.0,2.0,-0.04129332494973373,4.02535169073515
2026-02-10,D001,Artisan Coffee Beans 1kg,Food & Beverage,BeanCraft,8,22.99,19.46,65,1264.9,744.9,58.89,20.29,85,0,1,2,Valentines Day,0.1429,-1.3,21.4775,0.8464549804262724,0.9590931493346477,56.0,61.25,61.25,2.0,-0.166698262017231,4.174387269895637
2026-02-11,D001,Artisan Coffee Beans 1kg,Food & Beverage,BeanCraft,8,22.99,20.04,71,1422.84,854.84,60.08,23.07,57,0,2,2,Valentines Day,0.2,-1.3,21.19,0.8716833405828621,0.8686605981794537,65.0,63.2,63.2,1.0,-0.1373290625584261,4.2626798770413155
2026-02-12,D001,Artisan Coffee Beans 1kg,Food & Beverage,BeanCraft,8,22.99,20.37,68,1385.16,841.16,60.73,23.54,66,0,3,2,Valentines Day,0.2,-1.3,21.05333333333333,0.8860374075685081,0.8653355989804589,71.0,64.0,64.0,1.0,-0.12099610853637564,4.219507705176107
2026-02-13,D001,Artisan Coffee Beans 1kg,Food & Beverage,BeanCraft,8,22.99,20.31,72,1462.32,886.32,60.61,20.48,69,0,4,2,Valentines Day,0.2,-1.3,20.947142857142858,0.8834275772074816,0.9916992187499999,68.0,65.14285714285714,65.14285714285714,1.0,-0.12394596318279683,4.276666119016055
2026-02-14,D001,Artisan Coffee Beans 1kg,Food & Beverage,BeanCraft,8,22.99,19.23,77,1480.71,864.71,58.4,21.26,41,1,5,2,Valentines Day,0.2,-1.3,20.455714285714286,0.8364506307090039,0.9045155221072436,72.0,67.85714285714286,66.625,1.0,-0.1785877791744018,4.343805421853684
2026-02-15,D001,Artisan Coffee Beans 1kg,Food & Beverage,BeanCraft,8,22.99,19.51,70,1365.7,805.7,59.0,22.35,79,1,6,2,Valentines Day,0.2,-1.3,20.139999999999997,0.8486298390604612,0.8729306487695749,77.0,68.42857142857143,67.0,1.0,-0.1641321841400702,4.248495242049359
2026-02-16,D001,Artisan Coffee Beans 1kg,Food & Beverage,BeanCraft,8,22.99,19.81,67,1327.27,791.27,59.62,19.92,79,0,0,2,Valentines Day,0.2,-1.3,19.818571428571428,0.8616789908655937,0.9944779116465862,70.0,70.0,67.0,1.0,-0.1488724780646306,4.204692619390966
2026-02-17,D001,Artisan Coffee Beans 1kg,Food & Beverage,BeanCraft,8,22.99,22.13,67,1482.71,946.71,63.85,23.41,53,0,1,2,Valentines Day,0.2,-1.3,20.2,0.9625924314919531,0.9453225117471166,67.0,70.28571428571429,67.0,1.0,-0.03812518471213185,4.204692619390966
2026-02-18,D001,Artisan Coffee Beans 1kg,Food & Beverage,BeanCraft,8,22.99,20.01,60,1200.6,720.6,60.02,23.63,68,0,2,2,Valentines Day,0.1429,-1.3,20.195714285714285,0.870378425402349,0.8468049090139654,67.0,68.71428571428571,66.41666666666667,1.0,-0.13882719017944797,4.0943445622221
2026-02-19,D001,Artisan Coffee Beans 1kg,Food & Beverage,BeanCraft,8,22.99,20.49,67,1372.83,836.83,60.96,20.48,52,0,3,2,Valentines Day,0.1286,-1.3,20.21285714285714,0.8912570682905611,1.00048828125,60.0,68.57142857142857,66.46153846153847,1.0,-0.11512237652428185,4.204692619390966
2026-02-20,D001,Artisan Coffee Beans 1kg,Food & Beverage,BeanCraft,8,22.99,22.27,61,1358.47,870.47,64.08,24.94,95,0,4,2,Valentines Day,0.1143,-1.3,20.49285714285714,0.9686820356676816,0.8929430633520449,67.0,67.0,66.07142857142857,2.0,-0.0318188575058139,4.110873864173311
2026-02-21,D001,Artisan Coffee Beans 1kg,Food & Beverage,BeanCraft,8,22.99,21.69,68,1474.92,930.92,63.12,21.22,78,1,5,2,Valentines Day,0.1,-1.3,20.844285714285714,0.9434536755110919,1.022148916116871,61.0,65.71428571428571,66.2,1.0,-0.058208013936307,4.219507705176107
2026-02-22,D001,Artisan Coffee Beans 1kg,Food & Beverage,BeanCraft,8,22.99,22.46,69,1549.74,997.74,64.38,25.89,68,1,6,2,Valentines Day,0.0857,-1.3,21.265714285714285,0.9769464984775991,0.8675164156044806,68.0,65.57142857142857,66.375,1.0,-0.023323389464792944,4.23410650459726
2026-02-23,D001,Artisan Coffee Beans 1kg,Food & Beverage,BeanCraft,8,22.99,23.14,46,1064.44,696.44,65.43,22.32,90,0,0,2,Valentines Day,0.0714,-1.3,21.74142857142857,1.0065245759025665,1.0367383512544803,69.0,62.57142857142857,65.17647058823529,2.0,0.0065033829904405,3.828641396489095
2026-02-24,D001,Artisan Coffee Beans 1kg,Food & Beverage,BeanCraft,8,22.99,23.66,49,1159.34,767.34,66.19,22.31,96,0,1,2,Valentines Day,0.0571,-1.3,21.96,1.0291431056981297,1.0605109816225908,46.0,60.0,64.27777777777777,2.0,0.028726519775150637,3.8918202981106265
2026-02-25,D001,Artisan Coffee Beans 1kg,Food & Beverage,BeanCraft,8,22.99,25.48,46,1172.08,804.08,68.6,20.6,103,0,2,2,Valentines Day,0.0429,-1.3,22.74142857142857,1.1083079599826011,1.236893203883495,49.0,58.0,63.31578947368421,2.0,0.10283449192887241,3.828641396489095
2026-02-26,D001,Artisan Coffee Beans 1kg,Food & Beverage,BeanCraft,8,22.99,24.84,43,1068.12,724.12,67.79,25.05,122,0,3,2,Valentines Day,0.0286,-1.3,23.36285714285714,1.0804697694649847,0.9916167664670659,46.0,54.57142857142857,62.3,2.0,0.0773959182901878,3.7612001156935624
2026-02-27,D001,Artisan Coffee Beans 1kg,Food & Beverage,BeanCraft,8,22.99,25.63,38,973.94,669.94,68.79,20.27,129,0,4,2,Valentines Day,0.0143,-1.3,23.842857142857138,1.1148325358851674,1.2644301924025654,43.0,51.285714285714285,61.142857142857146,2.0,0.1087042016008895,3.6375861597263857
2026-02-28,D001,Artisan Coffee Beans 1kg,Food & Beverage,BeanCraft,8,22.99,25.91,52,1347.32,931.32,69.12,23.53,112,1,5,2,Valentines Day,0.0,-1.3,24.445714285714285,1.1270117442366248,1.1011474713132172,38.0,49.0,60.72727272727273,2.0,0.11956965579892855,3.9512437185814275
2026-03-01,D001,Artisan Coffee Beans 1kg,Food & Beverage,BeanCraft,8,22.99,25.54,41,1047.14,719.14,68.68,22.15,132,1,6,3,Valentines Day,0.0,-1.3,24.88571428571429,1.1109177903436278,1.1530474040632055,52.0,45.0,59.869565217391305,2.0,0.10518651182930318,3.713572066704308
2026-03-02,D001,Artisan Coffee Beans 1kg,Food & Beverage,BeanCraft,8,22.99,27.35,36,984.6,696.6,70.75,25.52,144,0,0,3,Valentines Day,0.0,-1.3,25.487142857142857,1.1896476729012615,1.0717084639498433,41.0,43.57142857142857,58.875,2.0,0.1736571900929001,3.58351893845611
2026-03-03,D001,Artisan Coffee Beans 1kg,Food & Beverage,BeanCraft,8,22.99,27.42,33,904.86,640.86,70.82,24.76,138,0,1,3,Valentines Day,0.0,-1.3,26.024285714285718,1.192692474989126,1.1074313408723748,36.0,41.285714285714285,57.84,2.0,0.17621333535907832,3.4965075614664802
2026-03-04,D001,Artisan Coffee Beans 1kg,Food & Beverage,BeanCraft,8,22.99,26.29,33,867.57,603.57,69.57,24.51,117,0,2,3,Valentines Day,0.0,-1.3,26.140000000000004,1.1435406698564594,1.0726234190126478,33.0,39.42857142857143,56.88461538461539,2.0,0.13412929996669973,3.4965075614664802
2026-03-05,D001,Artisan Coffee Beans 1kg,Food & Beverage,BeanCraft,8,22.99,24.66,36,887.76,599.76,67.56,21.87,109,0,3,3,Valentines Day,0.0,-1.3,26.114285714285717,1.0726402783819053,1.1275720164609053,33.0,38.42857142857143,56.111111111111114,2.0,0.07012315896110821,3.58351893845611
2026-03-06,D001,Artisan Coffee Beans 1kg,Food & Beverage,BeanCraft,8,22.99,25.77,29,747.33,515.33,68.96,23.81,149,0,4,3,Valentines Day,0.0,-1.3,26.134285714285713,1.1209221400608962,1.0823183536329273,36.0,37.142857142857146,55.142857142857146,2.0,0.11415168588918365,3.367295829986474
2026-03-07,D001,Artisan Coffee Beans 1kg,Food & Beverage,BeanCraft,8,22.99,24.08,46,1107.68,739.68,66.78,20.37,122,1,5,3,Valentines Day,0.0,-1.3,25.87285714285714,1.0474119182253154,1.1821305841924397,29.0,36.285714285714285,54.827586206896555,2.0,0.04632228166553018,3.828641396489095
