backend/data/features.csv
date,product_id,product_name,category,brand,cost,base_price,price,demand,revenue,profit,margin,competitor_price,stock,is_weekend,day_of_week,month,holiday_name,holiday_boost,elasticity,price_lag_7d,price_to_base,price_to_competitor,demand_lag_1d,demand_lag_7d,demand_lag_30d,stock_level,log_price_ratio,log_demand
2026-03-08,D001,Artisan Coffee Beans 1kg,Food & Beverage,BeanCraft,8,22.99,23.71,49,1161.79,769.79,66.26,26.31,86,1,6,3,Valentines Day,0.0,-1.3,25.611428571428572,1.0313179643323185,0.9011782592170279,46.0,37.42857142857143,54.63333333333333,2.0,0.030837561302224013,3.8918202981106265
2026-03-09,D001,Artisan Coffee Beans 1kg,Food & Beverage,BeanCraft,8,22.99,23.67,35,828.45,548.45,66.2,21.96,147,0,0,3,Valentines Day,0.0,-1.3,25.085714285714285,1.0295780774249674,1.0778688524590165,49.0,37.285714285714285,53.86666666666667,2.0,0.029149084750802436,3.5553480614894135
2026-03-10,D001,Artisan Coffee Beans 1kg,Food & Beverage,BeanCraft,8,22.99,22.33,40,893.2,573.2,64.17,23.62,126,0,1,3,Valentines Day,0.0,-1.3,24.35857142857143,0.9712918660287081,0.9453852667231158,35.0,38.285714285714285,53.0,2.0,-0.029128272923023713,3.6888794541139363
2026-03-11,D001,Artisan Coffee Beans 1kg,Food & Beverage,BeanCraft,8,22.99,21.08,40,843.2,523.2,62.05,25.36,108,0,2,3,Valentines Day,0.0,-1.3,23.61428571428571,0.9169204001739887,0.8312302839116719,40.0,39.285714285714285,52.46666666666667,2.0,-0.08673461510192862,3.6888794541139363
2026-03-12,D001,Artisan Coffee Beans 1kg,Food & Beverage,BeanCraft,8,22.99,21.13,50,1056.5,656.5,62.14,24.8,109,0,3,3,Valentines Day,0.0,-1.3,23.109999999999996,0.9190952588081774,0.852016129032258,40.0,41.285714285714285,51.96666666666667,2.0,-0.08436550714712487,3.912023005428146
2026-03-13,D001,Artisan Coffee Beans 1kg,Food & Beverage,BeanCraft,8,22.99,20.65,41,846.65,518.65,61.26,25.53,115,0,4,3,Valentines Day,0.0,-1.3,22.37857142857143,0.8982166159199652,0.8088523305914609,50.0,43.0,50.96666666666667,2.0,-0.10734401936804847,3.713572066704308
2026-03-14,D001,Artisan Coffee Beans 1kg,Food & Beverage,BeanCraft,8,22.99,19.97,58,1158.26,694.26,59.94,20.53,80,1,5,3,Valentines Day,0.0,-1.3,21.791428571428572,0.8686385384949978,0.9727228446176326,41.0,44.714285714285715,50.63333333333333,1.0,-0.14082819134736632,4.060443010546419
2026-03-15,D001,Artisan Coffee Beans 1kg,Food & Beverage,BeanCraft,8,22.99,19.63,58,1138.54,674.54,59.25,25.53,99,1,6,3,Valentines Day,0.0,-1.3,21.208571428571425,0.8538494997825141,0.7688993341167254,58.0,46.0,50.166666666666664,2.0,-0.1580003304867205,4.060443010546419
2026-03-16,D001,Artisan Coffee Beans 1kg,Food & Beverage,BeanCraft,8,22.99,19.11,50,955.5,555.5,58.14,24.54,92,0,0,3,Valentines Day,0.0,-1.3,20.557142857142857,0.8312309699869509,0.7787286063569682,58.0,48.142857142857146,49.266666666666666,2.0,-0.18484758052290845,3.912023005428146
2026-03-17,D001,Artisan Coffee Beans 1kg,Food & Beverage,BeanCraft,8,22.99,19.36,56,1084.16,636.16,58.68,22.89,99,0,1,3,Easter,0.0,-1.3,20.13285714285714,0.8421052631578948,0.8457841852337264,50.0,50.42857142857143,48.8,2.0,-0.17185025692665915,4.02535169073515
2026-03-18,D001,Artisan Coffee Beans 1kg,Food & Beverage,BeanCraft,8,22.99,19.01,43,817.43,473.43,57.92,22.14,109,0,2,3,Easter,0.0,-1.3,19.837142857142858,0.8268812527185734,0.8586269196025295,56.0,50.857142857142854,48.0,2.0,-0.19009418227475228,3.7612001156935624
2026-03-19,D001,Artisan Coffee Beans 1kg,Food & Beverage,BeanCraft,8,22.99,20.95,46,963.7,595.7,61.81,22.04,109,0,3,3,Easter,0.0,-1.3,19.81142857142857,0.9112657677250979,0.9505444646098004,43.0,50.285714285714285,47.3,2.0,-0.09292069240694338,3.828641396489095
2026-03-20,D001,Artisan Coffee Beans 1kg,Food & Beverage,BeanCraft,8,22.99,19.6,53,1038.8,614.8,59.18,21.46,111,0,4,3,Easter,0.0,-1.3,19.66142857142857,0.852544584602001,0.913327120223672,46.0,52.0,47.06666666666667,2.0,-0.1595297725386185,3.970291913552122
2026-03-21,D001,Artisan Coffee Beans 1kg,Food & Beverage,BeanCraft,8,22.99,21.35,58,1238.3,774.3,62.53,24.01,65,1,5,3,Easter,0.0,-1.3,19.858571428571427,0.9286646367986082,0.8892128279883382,53.0,52.0,46.766666666666666,1.0,-0.07400759910045648,4.060443010546419
2026-03-22,D001,Artisan Coffee Beans 1kg,Food & Beverage,BeanCraft,8,22.99,21.72,60,1303.2,823.2,63.17,23.31,74,1,6,3,Easter,0.0,-1.3,20.157142857142862,0.9447585906916051,0.9317889317889317,58.0,52.285714285714285,46.733333333333334,1.0,-0.05682584370935548,4.0943445622221
2026-03-23,D001,Artisan Coffee Beans 1kg,Food & Beverage,BeanCraft,8,22.99,22.19,44,976.36,624.36,63.95,22.76,94,0,0,3,Easter,0.0,-1.3,20.59714285714286,0.9652022618529796,0.9749560632688928,60.0,51.42857142857143,45.93333333333333,2.0,-0.03541760183058754,3.784189633918261
2026-03-24,D001,Artisan Coffee Beans 1kg,Food & Beverage,BeanCraft,8,22.99,23.48,49,1150.52,758.52,65.93,21.22,112,0,1,3,Easter,0.0,-1.3,21.185714285714287,1.02131361461505,1.106503298774741,44.0,50.42857142857143,45.266666666666666,2.0,0.0210896561848056,3.8918202981106265
2026-03-25,D001,Artisan Coffee Beans 1kg,Food & Beverage,BeanCraft,8,22.99,23.41,38,889.58,585.58,65.83,22.72,115,0,2,3,Easter,0.0,-1.3,21.814285714285713,1.0182688125271857,1.0303697183098592,49.0,49.714285714285715,45.0,2.0,0.01810394272772919,3.6375861597263857
2026-03-26,D001,Artisan Coffee Beans 1kg,Food & Beverage,BeanCraft,8,22.99,24.9,33,821.7,557.7,67.87,24.03,147,0,3,3,Easter,0.0,-1.3,22.37857142857143,1.0830795998260114,1.0362047440699125,38.0,47.857142857142854,44.46666666666667,2.0,0.07980846469557186,3.4965075614664802
2026-03-27,D001,Artisan Coffee Beans 1kg,Food & Beverage,BeanCraft,8,22.99,24.51,37,906.87,610.87,67.36,21.43,145,0,4,3,Easter,0.0,-1.3,23.080000000000002,1.066115702479339,1.1437237517498835,33.0,45.57142857142857,44.166666666666664,2.0,0.06402185876493123,3.6109179126442243
2026-03-28,D001,Artisan Coffee Beans 1kg,Food & Beverage,BeanCraft,8,22.99,26.66,41,1093.06,765.06,69.99,19.59,119,1,5,3,Easter,0.0,-1.3,23.838571428571424,1.1596346237494564,1.3608984175599796,37.0,43.142857142857146,44.1,2.0,0.1481049759754725,3.713572066704308
2026-03-29,D001,Artisan Coffee Beans 1kg,Food & Beverage,BeanCraft,8,22.99,26.03,38,989.14,685.14,69.27,25.89,143,1,6,3,Easter,0.0,-1.3,24.45428571428571,1.132231404958678,1.0054074932406334,41.0,40.0,44.1,2.0,0.12419038023138403,3.6375861597263857
2026-03-30,D001,Artisan Coffee Beans 1kg,Food & Beverage,BeanCraft,8,22.99,24.82,43,1067.26,723.26,67.77,26.06,121,0,0,3,Easter,0.0,-1.3,24.830000000000002,1.0795998260113093,0.9524174980813508,38.0,39.857142857142854,43.8,2.0,0.07659044100137102,3.7612001156935624
2026-03-31,D001,Artisan Coffee Beans 1kg,Food & Beverage,BeanCraft,8,22.99,26.38,32,844.16,588.16,69.67,21.2,135,0,1,3,Easter,0.0,-1.3,25.244285714285716,1.1474554153979992,1.2443396226415093,43.0,37.42857142857143,43.5,2.0,0.13754680851407844,3.4657359027997265
2026-04-01,D001,Artisan Coffee Beans 1kg,Food & Beverage,BeanCraft,8,22.99,27.99,28,783.72,559.72,71.42,22.0,131,0,2,4,Easter,0.0,-1.3,25.898571428571426,1.2174858634188779,1.2722727272727272,32.0,36.0,43.233333333333334,2.0,0.19678796475227206,3.332204510175204
2026-04-02,D001,Artisan Coffee Beans 1kg,Food & Beverage,BeanCraft,8,22.99,27.16,33,896.28,632.28,70.54,24.12,128,0,3,4,Easter,0.0071,-1.3,26.22142857142857,1.1813832100913442,1.1260364842454393,28.0,36.0,43.233333333333334,2.0,0.1666859639154053,3.4965075614664802
2026-04-03,D001,Artisan Coffee Beans 1kg,Food & Beverage,BeanCraft,8,22.99,26.48,36,953.28,665.28,69.79,26.22,144,0,4,4,Easter,0.0143,-1.3,26.502857142857145,1.1518051326663767,1.0099160945842869,33.0,35.857142857142854,43.333333333333336,2.0,0.14133039229371733,3.58351893845611
2026-04-04,D001,Artisan Coffee Beans 1kg,Food & Beverage,BeanCraft,8,22.99,26.05,48,1250.4,866.4,69.29,19.73,94,1,5,4,Easter,0.0214,-1.3,26.41571428571429,1.1331013484123533,1.3203243791180943,36.0,36.857142857142854,43.733333333333334,2.0,0.12495842942428585,3.871201010907891
2026-04-05,D001,Artisan Coffee Beans 1kg,Food & Beverage,BeanCraft,8,22.99,26.52,38,1007.76,703.76,69.83,23.38,134,1,6,4,Easter,0.0286,-1.3,26.485714285714288,1.1535450195737278,1.1343028229255774,48.0,36.857142857142854,44.03333333333333,2.0,0.14283982654257166,3.6375861597263857
2026-04-06,D001,Artisan Coffee Beans 1kg,Food & Beverage,BeanCraft,8,22.99,24.74,33,816.42,552.42,67.66,20.15,131,0,0,4,Easter,0.0357,-1.3,26.474285714285713,1.0761200521966072,1.2277915632754342,38.0,35.42857142857143,43.6,2.0,0.07336202818925167,3.4965075614664802
2026-04-07,D001,Artisan Coffee Beans 1kg,Food & Beverage,BeanCraft,8,22.99,24.28,43,1044.04,700.04,67.05,26.37,105,0,1,4,Easter,0.0429,-1.3,26.174285714285713,1.0561113527620707,0.9207432688661358,33.0,37.0,43.4,2.0,0.054593627416207546,3.7612001156935624
2026-04-08,D001,Artisan Coffee Beans 1kg,Food & Beverage,BeanCraft,8,22.99,21.56,46,991.76,623.76,62.89,22.58,122,0,2,4,Easter,0.05,-1.3,25.255714285714287,0.937799043062201,0.9548272807794509,43.0,39.57142857142857,43.766666666666666,2.0,-0.06421959273429377,3.828641396489095
2026-04-09,D001,Artisan Coffee Beans 1kg,Food & Beverage,BeanCraft,8,22.99,22.78,44,1002.32,650.32,64.88,20.95,127,0,3,4,Easter,0.0571,-1.3,24.63,0.9908655937364073,1.087350835322196,46.0,41.142857142857146,43.9,2.0,-0.009176380756053974,3.784189633918261
2026-04-10,D001,Artisan Coffee Beans 1kg,Food & Beverage,BeanCraft,8,22.99,20.75,45,933.75,573.75,61.45,23.07,128,0,4,4,Easter,0.0643,-1.3,23.81142857142857,0.9025663331883428,0.8994364976159515,44.0,42.42857142857143,44.06666666666667,2.0,-0.10251309209838284,3.8066624897703196
2026-04-11,D001,Artisan Coffee Beans 1kg,Food & Beverage,BeanCraft,8,22.99,20.87,55,1147.85,707.85,61.67,25.45,86,1,5,4,Easter,0.0714,-1.3,23.071428571428573,0.9077859939103959,0.8200392927308449,45.0,43.42857142857143,44.233333333333334,2.0,-0.09674661768598067,4.007333185232471
2026-04-12,D001,Artisan Coffee Beans 1kg,Food & Beverage,BeanCraft,8,22.99,20.2,54,1090.8,658.8,60.4,22.2,109,1,6,4,Easter,0.1,-1.3,22.16857142857143,0.8786428882122662,0.9099099099099099,55.0,45.714285714285715,44.666666666666664,2.0,-0.1293767343679311,3.9889840465642745
2026-04-13,D001,Artisan Coffee Beans 1kg,Food & Beverage,BeanCraft,8,22.99,20.03,60,1201.8,721.8,60.06,26.36,79,0,0,4,Easter,0.1,-1.3,21.495714285714286,0.8712483688560244,0.7598634294385433,54.0,49.57142857142857,44.733333333333334,1.0,-0.13782818909736322,4.0943445622221
2026-04-14,D001,Artisan Coffee Beans 1kg,Food & Beverage,BeanCraft,8,22.99,18.9,56,1058.4,610.4,57.67,26.08,99,0,1,4,Easter,0.1,-1.3,20.72714285714286,0.8220965637233579,0.7246932515337423,60.0,51.42857142857143,44.666666666666664,2.0,-0.19589741670949354,4.02535169073515
2026-04-15,D001,Artisan Coffee Beans 1kg,Food & Beverage,BeanCraft,8,22.99,19.98,47,939.06,563.06,59.96,24.52,124,0,2,4,Easter,0.1,-1.3,20.50142857142857,0.8690735102218357,0.8148450244698205,56.0,51.57142857142857,44.56666666666667,2.0,-0.14032756555468265,3.8501476017100584
2026-04-16,D001,Artisan Coffee Beans 1kg,Food & Beverage,BeanCraft,8,22.99,19.59,59,1155.81,683.81,59.16,24.88,84,0,3,4,Easter,0.1,-1.3,20.045714285714286,0.8521096128751632,0.787379421221865,47.0,53.714285714285715,44.666666666666664,2.0,-0.16004010681864073,4.07753744390572
2026-04-17,D001,Artisan Coffee Beans 1kg,Food & Beverage,BeanCraft,8,22.99,19.03,57,1084.71,628.71,57.96,20.41,87,0,4,4,Easter,0.1,-1.3,19.8,0.8277511961722489,0.9323860852523274,59.0,55.42857142857143,45.13333333333333,2.0,-0.18904265746703194,4.04305126783455
2026-04-18,D001,Artisan Coffee Beans 1kg,Food & Beverage,BeanCraft,8,22.99,20.66,70,1446.2,886.2,61.28,26.22,59,1,5,4,Easter,0.1,-1.3,19.77,0.898651587646803,0.7879481311975591,57.0,57.57142857142857,45.93333333333333,1.0,-0.10685987508359768,4.248495242049359
2026-04-19,D001,Artisan Coffee Beans 1kg,Food & Beverage,BeanCraft,8,22.99,20.49,55,1126.95,686.95,60.96,25.34,110,1,6,4,Easter,0.0714,-1.3,19.81142857142857,0.8912570682905611,0.808602999210734,70.0,57.714285714285715,46.0,2.0,-0.11512237652428185,4.007333185232471
2026-04-20,D001,Artisan Coffee Beans 1kg,Food & Beverage,BeanCraft,8,22.99,19.71,50,985.5,585.5,59.41,25.79,88,0,0,4,Easter,0.0643,-1.3,19.765714285714285,0.8573292735972162,0.7642497091896084,55.0,56.285714285714285,45.733333333333334,2.0,-0.1539332176104613,3.912023005428146
2026-04-21,D001,Artisan Coffee Beans 1kg,Food & Beverage,BeanCraft,8,22.99,20.63,56,1155.28,707.28,61.22,19.82,82,0,1,4,Easter,0.0571,-1.3,20.012857142857143,0.8973466724662897,1.0408678102926336,50.0,56.285714285714285,45.6,2.0,-0.10831301169192967,4.02535169073515
2026-04-22,D001,Artisan Coffee Beans 1kg,Food & Beverage,BeanCraft,8,22.99,22.89,39,892.71,580.71,65.05,26.09,113,0,2,4,Easter,0.05,-1.3,20.428571428571427,0.9956502827316225,0.8773476427750097,56.0,55.142857142857146,45.43333333333333,2.0,-0.004359204810614813,3.6635616461296463
2026-04-23,D001,Artisan Coffee Beans 1kg,Food & Beverage,BeanCraft,8,22.99,22.46,44,988.24,636.24,64.38,25.98,123,0,3,4,Easter,0.0429,-1.3,20.83857142857143,0.9769464984775991,0.8645111624326405,39.0,53.0,45.266666666666666,2.0,-0.023323389464792944,3.784189633918261
2026-04-24,D001,Artisan Coffee Beans 1kg,Food & Beverage,BeanCraft,8,22.99,24.42,40,976.8,656.8,67.24,24.01,139,0,4,4,Easter,0.0357,-1.3,21.608571428571427,1.0622009569377993,1.017076218242399,44.0,50.57142857142857,45.333333333333336,2.0,0.060343129907468644,3.6888794541139363
2026-04-25,D001,Artisan Coffee Beans 1kg,Food & Beverage,BeanCraft,8,22.99,24.67,44,1085.48,733.48,67.57,23.11,97,1,5,4,Easter,0.0286,-1.3,22.181428571428572,1.073075250108743,1.0675032453483342,40.0,46.857142857142854,45.7,2.0,0.07052859176617526,3.784189633918261
2026-04-26,D001,Artisan Coffee Beans 1kg,Food & Beverage,BeanCraft,8,22.99,24.28,44,1068.32,716.32,67.05,23.63,111,1,6,4,Easter,0.0214,-1.3,22.722857142857144,1.0561113527620707,1.027507405840034,44.0,45.285714285714285,45.93333333333333,2.0,0.054593627416207546,3.784189633918261
2026-04-27,D001,Artisan Coffee Beans 1kg,Food & Beverage,BeanCraft,8,22.99,25.53,32,816.96,560.96,68.66,26.1,131,0,0,4,Easter,0.0143,-1.3,23.55428571428572,1.11048281861679,0.9781609195402299,44.0,42.714285714285715,45.63333333333333,2.0,0.10479489247830245,3.4657359027997265
2026-04-28,D001,Artisan Coffee Beans 1kg,Food & Beverage,BeanCraft,8,22.99,27.13,31,841.03,593.03,70.51,23.71,130,0,1,4,Easter,0.0071,-1.3,24.482857142857142,1.1800782949108308,1.1442429354702657,32.0,39.142857142857146,45.4,2.0,0.16558078789575023,3.4339872044851463
2026-04-29,D001,Artisan Coffee Beans 1kg,Food & Beverage,BeanCraft,8,22.99,25.32,35,886.2,606.2,68.4,26.2,115,0,2,4,Mothers Day,0.0129,-1.3,24.830000000000002,1.1013484123531971,0.966412213740458,31.0,38.57142857142857,45.13333333333333,2.0,0.09653525850088535,3.5553480614894135
2026-04-30,D001,Artisan Coffee Beans 1kg,Food & Beverage,BeanCraft,8,22.99,26.24,35,918.4,638.4,69.51,21.07,141,0,3,4,Mothers Day,0.0257,-1.3,25.37,1.1413658112222707,1.2453725676317038,35.0,37.285714285714285,45.233333333333334,2.0,0.1322256253007982,3.5553480614894135
2026-05-01,D001,Artisan Coffee Beans 1kg,Food & Beverage,BeanCraft,8,22.99,26.23,35,918.05,638.05,69.5,20.13,142,0,4,5,Mothers Day,0.0386,-1.3,25.62857142857143,1.140930839495433,1.3030303030303032,35.0,36.57142857142857,45.46666666666667,2.0,0.13184445510369225,3.5553480614894135
2026-05-02,D001,Artisan Coffee Beans 1kg,Food & Beverage,BeanCraft,8,22.99,26.37,41,1081.17,753.17,69.66,25.44,125,1,5,5,Mothers Day,0.0514,-1.3,25.87142857142857,1.1470204436711615,1.036556603773585,35.0,36.142857142857146,45.733333333333334,2.0,0.13716766159010527,3.713572066704308
2026-05-03,D001,Artisan Coffee Beans 1kg,Food & Beverage,BeanCraft,8,22.99,26.25,43,1128.75,784.75,69.52,23.05,103,1,6,5,Mothers Day,0.0643,-1.3,26.15285714285714,1.1418007829491084,1.13882863340564,41.0,36.0,45.96666666666667,2.0,0.13260665026254262,3.7612001156935624
2026-05-04,D001,Artisan Coffee Beans 1kg,Food & Beverage,BeanCraft,8,22.99,25.88,39,1009.32,697.32,69.09,26.31,108,0,0,5,Mothers Day,0.0771,-1.3,26.20285714285714,1.1257068290561114,0.98365640440897,43.0,37.0,45.666666666666664,2.0,0.1184111308576097,3.6635616461296463
2026-05-05,D001,Artisan Coffee Beans 1kg,Food & Beverage,BeanCraft,8,22.99,24.54,38,932.52,628.52,67.4,25.01,111,0,1,5,Mothers Day,0.09,-1.3,25.83285714285714,1.0674206176598522,0.9812075169932026,39.0,38.0,45.666666666666664,2.0,0.06524510050767528,3.6375861597263857
2026-05-06,D001,Artisan Coffee Beans 1kg,Food & Beverage,BeanCraft,8,22.99,25.11,38,954.18,650.18,68.14,23.37,140,0,2,5,Mothers Day,0.1029,-1.3,25.802857142857142,1.0922140060896042,1.074454428754814,38.0,38.42857142857143,45.833333333333336,2.0,0.08820683439440347,3.6375861597263857
2026-05-07,D001,Artisan Coffee Beans 1kg,Food & Beverage,BeanCraft,8,22.99,23.62,43,1015.66,671.66,66.13,24.16,130,0,3,5,Mothers Day,0.1157,-1.3,25.428571428571427,1.0274032187907787,0.9776490066225166,38.0,39.57142857142857,45.833333333333336,2.0,0.027034471994126136,3.7612001156935624
2026-05-08,D001,Artisan Coffee Beans 1kg,Food & Beverage,BeanCraft,8,22.99,24.56,39,957.84,645.84,67.43,20.84,134,0,4,5,Mothers Day,0.1286,-1.3,25.19,1.0682905611135276,1.1785028790786947,43.0,40.142857142857146,45.6,2.0,0.06605976450385152,3.6635616461296463
