backend/data/features.csv
date,product_id,product_name,category,brand,cost,base_price,price,demand,revenue,profit,margin,competitor_price,stock,is_weekend,day_of_week,month,holiday_name,holiday_boost,elasticity,price_lag_7d,price_to_base,price_to_competitor,demand_lag_1d,demand_lag_7d,demand_lag_30d,stock_level,log_price_ratio,log_demand
2026-02-07,D002,Organic Matcha Powder,Food & Beverage,ZenLeaf,10,29.99,29.21,67,1957.07,1287.07,65.77,30.52,66,1,5,2,Valentines Day,0.1,-1.6,29.21,0.9739913304434812,0.9570773263433814,67.0,67.0,67.0,1.0,-0.0263528763612681,4.204692619390966
2026-02-08,D002,Organic Matcha Powder,Food & Beverage,ZenLeaf,10,29.99,28.89,62,1791.18,1171.18,65.39,28.5,77,1,6,2,Valentines Day,0.1143,-1.6,29.05,0.9633211070356786,1.0136842105263157,67.0,64.5,64.5,1.0,-0.03736847828277376,4.127134385045092
2026-02-09,D002,Organic Matcha Powder,Food & Beverage,ZenLeaf,10,29.99,28.08,63,1769.04,1139.04,64.39,32.34,83,0,0,2,Valentines Day,0.1286,-1.6,28.72666666666667,0.9363121040346782,0.8682745825602967,62.0,64.0,64.0,2.0,-0.06580641360330734,4.143134726391533
2026-02-10,D002,Organic Matcha Powder,Food & Beverage,ZenLeaf,10,29.99,26.89,68,1828.52,1148.52,62.81,32.28,82,0,1,2,Valentines Day,0.1429,-1.6,28.2675,0.8966322107369123,0.8330235439900867,63.0,65.0,65.0,2.0,-0.10910952248014437,4.219507705176107
2026-02-11,D002,Organic Matcha Powder,Food & Beverage,ZenLeaf,10,29.99,25.96,69,1791.24,1101.24,61.48,27.15,65,0,2,2,Valentines Day,0.2,-1.6,27.806,0.8656218739579861,0.9561694290976059,68.0,65.8,65.8,1.0,-0.14430710092502838,4.23410650459726
2026-02-12,D002,Organic Matcha Powder,Food & Beverage,ZenLeaf,10,29.99,25.72,71,1826.12,1116.12,61.12,31.76,60,0,3,2,Valentines Day,0.2,-1.6,27.458333333333332,0.8576192064021341,0.8098236775818639,69.0,66.66666666666667,66.66666666666667,1.0,-0.15359509339149904,4.2626798770413155
2026-02-13,D002,Organic Matcha Powder,Food & Beverage,ZenLeaf,10,29.99,24.54,71,1742.34,1032.34,59.25,30.55,38,0,4,2,Valentines Day,0.2,-1.6,27.041428571428572,0.8182727575858619,0.8032733224222586,71.0,67.28571428571429,67.28571428571429,1.0,-0.20055955347815238,4.2626798770413155
2026-02-14,D002,Organic Matcha Powder,Food & Beverage,ZenLeaf,10,29.99,25.71,86,2211.06,1351.06,61.1,33.77,19,1,5,2,Valentines Day,0.2,-1.6,26.541428571428572,0.8572857619206403,0.7613266212614747,71.0,70.0,69.625,0.0,-0.1539839714831195,4.454347296253507
2026-02-15,D002,Organic Matcha Powder,Food & Beverage,ZenLeaf,10,29.99,26.45,72,1904.4,1184.4,62.19,33.42,74,1,6,2,Valentines Day,0.2,-1.6,26.192857142857143,0.8819606535511838,0.791442250149611,86.0,71.42857142857143,69.88888888888889,1.0,-0.12560783445660925,4.276666119016055
2026-02-16,D002,Organic Matcha Powder,Food & Beverage,ZenLeaf,10,29.99,25.38,81,2055.78,1245.78,60.6,31.51,34,0,0,2,Valentines Day,0.2,-1.6,25.807142857142853,0.8462820940313438,0.8054585845763249,72.0,74.0,71.0,1.0,-0.1669025304746761,4.394449154672439
2026-02-17,D002,Organic Matcha Powder,Food & Beverage,ZenLeaf,10,29.99,25.52,78,1990.56,1210.56,60.82,27.21,56,0,1,2,Valentines Day,0.2,-1.6,25.611428571428572,0.8509503167722574,0.9378904814406468,81.0,75.42857142857143,71.63636363636364,1.0,-0.1614015342843286,4.356708826689592
2026-02-18,D002,Organic Matcha Powder,Food & Beverage,ZenLeaf,10,29.99,24.99,75,1874.25,1124.25,59.98,28.95,64,0,2,2,Valentines Day,0.1429,-1.6,25.472857142857144,0.8332777592530843,0.8632124352331606,78.0,76.28571428571429,71.91666666666667,1.0,-0.18238824791405672,4.31748811353631
2026-02-19,D002,Organic Matcha Powder,Food & Beverage,ZenLeaf,10,29.99,26.58,74,1966.92,1226.92,62.38,26.55,42,0,3,2,Valentines Day,0.1286,-1.6,25.595714285714283,0.8862954318106036,1.0011299435028247,75.0,76.71428571428571,72.07692307692308,1.0,-0.12070493947581844,4.30406509320417
2026-02-20,D002,Organic Matcha Powder,Food & Beverage,ZenLeaf,10,29.99,28.29,66,1867.14,1207.14,64.65,30.29,72,0,4,2,Valentines Day,0.1143,-1.6,26.131428571428575,0.9433144381460487,0.9339716077913502,74.0,76.0,71.64285714285714,1.0,-0.058355607447441935,4.189654742026425
2026-02-21,D002,Organic Matcha Powder,Food & Beverage,ZenLeaf,10,29.99,30.1,61,1836.1,1226.1,66.78,30.2,63,1,5,2,Valentines Day,0.1,-1.6,26.75857142857143,1.0036678892964321,0.9966887417218544,66.0,72.42857142857143,70.93333333333334,1.0,0.0036611789939123168,4.110873864173311
2026-02-22,D002,Organic Matcha Powder,Food & Beverage,ZenLeaf,10,29.99,30.09,57,1715.13,1145.13,66.77,33.92,78,1,6,2,Valentines Day,0.0857,-1.6,27.278571428571432,1.0033344448149384,0.8870872641509433,61.0,70.28571428571429,70.0625,1.0,0.0033288978810362075,4.04305126783455
2026-02-23,D002,Organic Matcha Powder,Food & Beverage,ZenLeaf,10,29.99,31.25,53,1656.25,1126.25,68.0,27.72,75,0,0,2,Valentines Day,0.0714,-1.6,28.117142857142856,1.0420140046682227,1.1273448773448773,57.0,66.28571428571429,69.05882352941177,1.0,0.04115538342149274,3.970291913552122
2026-02-24,D002,Organic Matcha Powder,Food & Beverage,ZenLeaf,10,29.99,32.08,46,1475.68,1015.68,68.83,27.29,103,0,1,2,Valentines Day,0.0571,-1.6,29.054285714285715,1.0696898966322108,1.1755221692927813,53.0,61.714285714285715,67.77777777777777,2.0,0.0673687902373961,3.828641396489095
2026-02-25,D002,Organic Matcha Powder,Food & Beverage,ZenLeaf,10,29.99,34.24,43,1472.32,1042.32,70.79,26.51,110,0,2,2,Valentines Day,0.0429,-1.6,30.375714285714285,1.1417139046348783,1.2915880799698227,46.0,57.142857142857146,66.47368421052632,2.0,0.13253055851262366,3.7612001156935624
2026-02-26,D002,Organic Matcha Powder,Food & Beverage,ZenLeaf,10,29.99,35.97,36,1294.92,934.92,72.2,32.85,115,0,3,2,Valentines Day,0.0286,-1.6,31.717142857142857,1.199399799933311,1.0949771689497716,43.0,51.714285714285715,64.95,2.0,0.1818212649466148,3.58351893845611
2026-02-27,D002,Organic Matcha Powder,Food & Beverage,ZenLeaf,10,29.99,34.43,44,1514.92,1074.92,70.96,30.49,120,0,4,2,Valentines Day,0.0143,-1.6,32.59428571428572,1.1480493497832611,1.1292226959658904,36.0,48.57142857142857,63.95238095238095,2.0,0.1380642845895147,3.784189633918261
2026-02-28,D002,Organic Matcha Powder,Food & Beverage,ZenLeaf,10,29.99,33.32,48,1599.36,1119.36,69.99,31.48,105,1,5,2,Valentines Day,0.0,-1.6,33.05428571428571,1.1110370123374458,1.0584498094027954,44.0,46.714285714285715,63.22727272727273,2.0,0.10529382453772419,3.871201010907891
2026-03-01,D002,Organic Matcha Powder,Food & Beverage,ZenLeaf,10,29.99,33.21,46,1527.66,1067.66,69.89,33.65,111,1,6,3,Valentines Day,0.0,-1.6,33.5,1.1073691230410136,0.986924219910847,48.0,45.142857142857146,62.47826086956522,2.0,0.10198704262773746,3.828641396489095
2026-03-02,D002,Organic Matcha Powder,Food & Beverage,ZenLeaf,10,29.99,34.37,32,1099.84,779.84,70.9,32.3,148,0,0,3,Valentines Day,0.0,-1.6,33.94571428571428,1.1460486828942982,1.0640866873065016,46.0,42.142857142857146,61.208333333333336,2.0,0.13632009810082485,3.4657359027997265
2026-03-03,D002,Organic Matcha Powder,Food & Beverage,ZenLeaf,10,29.99,35.14,33,1159.62,829.62,71.54,27.9,130,0,1,3,Valentines Day,0.0,-1.6,34.38285714285714,1.1717239079693231,1.2594982078853048,32.0,40.285714285714285,60.08,2.0,0.15847608999803342,3.4965075614664802
2026-03-04,D002,Organic Matcha Powder,Food & Beverage,ZenLeaf,10,29.99,34.62,35,1211.7,861.7,71.11,26.29,145,0,2,3,Valentines Day,0.0,-1.6,34.43714285714286,1.154384794931644,1.3168505135032331,33.0,39.142857142857146,59.11538461538461,2.0,0.14356755698714552,3.5553480614894135
2026-03-05,D002,Organic Matcha Powder,Food & Beverage,ZenLeaf,10,29.99,32.46,36,1168.56,808.56,69.19,27.65,125,0,3,3,Valentines Day,0.0,-1.6,33.93571428571428,1.0823607869289764,1.1739602169981918,35.0,39.142857142857146,58.25925925925926,2.0,0.07914456932552752,3.58351893845611
2026-03-06,D002,Organic Matcha Powder,Food & Beverage,ZenLeaf,10,29.99,31.9,35,1116.5,766.5,68.65,26.71,122,0,4,3,Valentines Day,0.0,-1.6,33.574285714285715,1.0636878959653218,1.1943092474728565,36.0,37.857142857142854,57.42857142857143,2.0,0.061742017029881156,3.5553480614894135
2026-03-07,D002,Organic Matcha Powder,Food & Beverage,ZenLeaf,10,29.99,30.36,56,1700.16,1140.16,67.06,28.61,98,1,5,3,Valentines Day,0.0,-1.6,33.151428571428575,1.0123374458152719,1.0611674239776303,35.0,39.0,57.37931034482759,2.0,0.012261959766511552,4.02535169073515
2026-03-08,D002,Organic Matcha Powder,Food & Beverage,ZenLeaf,10,29.99,31.17,48,1496.16,1016.16,67.92,28.48,114,1,6,3,Valentines Day,0.0,-1.6,32.86,1.0393464488162723,1.0944522471910112,56.0,39.285714285714285,57.06666666666667,2.0,0.03859210101832815,3.871201010907891
2026-03-09,D002,Organic Matcha Powder,Food & Beverage,ZenLeaf,10,29.99,30.97,39,1207.83,817.83,67.71,27.71,105,0,0,3,Valentines Day,0.0,-1.6,32.37428571428571,1.0326775591863955,1.1176470588235294,48.0,40.285714285714285,56.13333333333333,2.0,0.032155001224193715,3.6635616461296463
2026-03-10,D002,Organic Matcha Powder,Food & Beverage,ZenLeaf,10,29.99,27.85,51,1420.35,910.35,64.09,30.49,99,0,1,3,Valentines Day,0.0,-1.6,31.33285714285714,0.9286428809603202,0.9134142341751395,39.0,42.857142857142854,55.766666666666666,2.0,-0.07403102638762457,3.9318256327243257
2026-03-11,D002,Organic Matcha Powder,Food & Beverage,ZenLeaf,10,29.99,27.08,53,1435.24,905.24,63.07,33.27,86,0,2,3,Valentines Day,0.0,-1.6,30.255714285714284,0.902967655885295,0.813946498346859,51.0,45.42857142857143,55.43333333333333,2.0,-0.10206854471684354,3.970291913552122
2026-03-12,D002,Organic Matcha Powder,Food & Beverage,ZenLeaf,10,29.99,26.02,48,1248.96,768.96,61.57,30.38,87,0,3,3,Valentines Day,0.0,-1.6,29.335714285714285,0.867622540846949,0.8564845292955893,53.0,47.142857142857146,54.766666666666666,2.0,-0.14199851967655847,3.871201010907891
2026-03-13,D002,Organic Matcha Powder,Food & Beverage,ZenLeaf,10,29.99,26.07,56,1459.92,899.92,61.64,31.58,100,0,4,3,Valentines Day,0.0,-1.6,28.502857142857145,0.8692897632544182,0.8255224825839139,48.0,50.142857142857146,54.333333333333336,2.0,-0.1400787648155073,4.02535169073515
2026-03-14,D002,Organic Matcha Powder,Food & Beverage,ZenLeaf,10,29.99,27.55,58,1597.9,1017.9,63.7,31.45,78,1,5,3,Valentines Day,0.0,-1.6,28.101428571428574,0.9186395465155053,0.8759936406995231,56.0,50.42857142857143,53.9,1.0,-0.0848614571619941,4.060443010546419
2026-03-15,D002,Organic Matcha Powder,Food & Beverage,ZenLeaf,10,29.99,25.17,70,1761.9,1061.9,60.27,30.63,70,1,6,3,Valentines Day,0.0,-1.6,27.244285714285716,0.8392797599199734,0.8217433888344761,58.0,53.57142857142857,53.86666666666667,1.0,-0.17521118361369314,4.248495242049359
2026-03-16,D002,Organic Matcha Powder,Food & Beverage,ZenLeaf,10,29.99,24.17,56,1353.52,793.52,58.63,29.62,101,0,0,3,Valentines Day,0.0,-1.6,26.27285714285714,0.8059353117705903,0.8160027008777853,70.0,56.0,52.86666666666667,2.0,-0.21575179804552594,4.02535169073515
2026-03-17,D002,Organic Matcha Powder,Food & Beverage,ZenLeaf,10,29.99,25.59,59,1509.81,919.81,60.92,31.44,98,0,1,3,Easter,0.0,-1.6,25.95,0.8532844281427143,0.8139312977099237,56.0,57.142857142857146,52.43333333333333,2.0,-0.15866234258922018,4.07753744390572
2026-03-18,D002,Organic Matcha Powder,Food & Beverage,ZenLeaf,10,29.99,25.52,54,1378.08,838.08,60.82,31.87,105,0,2,3,Easter,0.0,-1.6,25.72714285714286,0.8509503167722574,0.8007530593034201,59.0,57.285714285714285,51.53333333333333,2.0,-0.1614015342843286,3.9889840465642745
2026-03-19,D002,Organic Matcha Powder,Food & Beverage,ZenLeaf,10,29.99,25.86,59,1525.74,935.74,61.33,26.3,80,0,3,3,Easter,0.0,-1.6,25.704285714285714,0.8622874291430477,0.9832699619771863,54.0,58.857142857142854,50.9,1.0,-0.1481666194172063,4.07753744390572
2026-03-20,D002,Organic Matcha Powder,Food & Beverage,ZenLeaf,10,29.99,25.96,50,1298.0,798.0,61.48,32.44,83,0,4,3,Easter,0.0,-1.6,25.68857142857143,0.8656218739579861,0.8002466091245377,59.0,58.0,50.06666666666667,2.0,-0.14430710092502838,3.912023005428146
2026-03-21,D002,Organic Matcha Powder,Food & Beverage,ZenLeaf,10,29.99,27.1,64,1734.4,1094.4,63.1,30.85,56,1,5,3,Easter,0.0,-1.6,25.624285714285715,0.9036345448482829,0.8784440842787682,50.0,58.857142857142854,49.733333333333334,1.0,-0.10133026487526238,4.1588830833596715
2026-03-22,D002,Organic Matcha Powder,Food & Beverage,ZenLeaf,10,29.99,27.57,55,1516.35,966.35,63.73,34.14,102,1,6,3,Easter,0.0,-1.6,25.967142857142854,0.9193064354784929,0.8075571177504394,64.0,56.714285714285715,49.36666666666667,2.0,-0.08413576772521228,4.007333185232471
2026-03-23,D002,Organic Matcha Powder,Food & Beverage,ZenLeaf,10,29.99,27.7,48,1329.6,849.6,63.9,33.89,98,0,0,3,Easter,0.0,-1.6,26.47142857142857,0.9236412137379126,0.8173502508114487,55.0,55.57142857142857,48.93333333333333,2.0,-0.07943157956762491,3.871201010907891
2026-03-24,D002,Organic Matcha Powder,Food & Beverage,ZenLeaf,10,29.99,30.19,38,1147.22,767.22,66.88,33.98,104,0,1,3,Easter,0.0,-1.6,27.12857142857143,1.0066688896298768,0.8884638022366099,48.0,52.57142857142857,48.3,2.0,0.0066467509578298604,3.6375861597263857
2026-03-25,D002,Organic Matcha Powder,Food & Beverage,ZenLeaf,10,29.99,31.9,39,1244.1,854.1,68.65,29.78,142,0,2,3,Easter,0.0,-1.6,28.04,1.0636878959653218,1.071188717259906,38.0,50.42857142857143,47.833333333333336,2.0,0.061742017029881156,3.6635616461296463
2026-03-26,D002,Organic Matcha Powder,Food & Beverage,ZenLeaf,10,29.99,31.35,41,1285.35,875.35,68.1,34.42,114,0,3,3,Easter,0.0,-1.6,28.824285714285715,1.045348449483161,0.9108076699593259,39.0,47.857142857142854,47.666666666666664,2.0,0.04435027431801201,3.713572066704308
2026-03-27,D002,Organic Matcha Powder,Food & Beverage,ZenLeaf,10,29.99,33.06,32,1057.92,737.92,69.75,28.23,119,0,4,3,Easter,0.0,-1.6,29.83857142857143,1.1023674558186063,1.171094580233794,41.0,45.285714285714285,47.3,2.0,0.09746009963196048,3.4657359027997265
